Archive member included to satisfy reference by file (symbol)

/home/howard/app/ti/msp430-gcc/bin/../lib/gcc/msp430-elf/8.3.0/libgcc.a(_addsub_sf.o)
                              packet.o (__mspabi_addf)
/home/howard/app/ti/msp430-gcc/bin/../lib/gcc/msp430-elf/8.3.0/libgcc.a(_mul_sf.o)
                              debug.o (__mspabi_mpyf)
/home/howard/app/ti/msp430-gcc/bin/../lib/gcc/msp430-elf/8.3.0/libgcc.a(_div_sf.o)
                              packet.o (__mspabi_divf)
/home/howard/app/ti/msp430-gcc/bin/../lib/gcc/msp430-elf/8.3.0/libgcc.a(_gt_sf.o)
                              packet.o (__gtsf2)
/home/howard/app/ti/msp430-gcc/bin/../lib/gcc/msp430-elf/8.3.0/libgcc.a(_lt_sf.o)
                              packet.o (__ltsf2)
/home/howard/app/ti/msp430-gcc/bin/../lib/gcc/msp430-elf/8.3.0/libgcc.a(_si_to_sf.o)
                              debug.o (__mspabi_fltlif)
/home/howard/app/ti/msp430-gcc/bin/../lib/gcc/msp430-elf/8.3.0/libgcc.a(_sf_to_si.o)
                              debug.o (__mspabi_fixfli)
/home/howard/app/ti/msp430-gcc/bin/../lib/gcc/msp430-elf/8.3.0/libgcc.a(_sf_to_df.o)
                              packet.o (__mspabi_cvtfd)
/home/howard/app/ti/msp430-gcc/bin/../lib/gcc/msp430-elf/8.3.0/libgcc.a(_thenan_sf.o)
                              /home/howard/app/ti/msp430-gcc/bin/../lib/gcc/msp430-elf/8.3.0/libgcc.a(_addsub_sf.o) (__thenan_sf)
/home/howard/app/ti/msp430-gcc/bin/../lib/gcc/msp430-elf/8.3.0/libgcc.a(_addsub_df.o)
                              packet.o (__mspabi_addd)
/home/howard/app/ti/msp430-gcc/bin/../lib/gcc/msp430-elf/8.3.0/libgcc.a(_mul_df.o)
                              hydrologytask.o (__mspabi_mpyd)
/home/howard/app/ti/msp430-gcc/bin/../lib/gcc/msp430-elf/8.3.0/libgcc.a(_div_df.o)
                              packet.o (__mspabi_divd)
/home/howard/app/ti/msp430-gcc/bin/../lib/gcc/msp430-elf/8.3.0/libgcc.a(_lt_df.o)
                              packet.o (__ltdf2)
/home/howard/app/ti/msp430-gcc/bin/../lib/gcc/msp430-elf/8.3.0/libgcc.a(_si_to_df.o)
                              hydrologytask.o (__mspabi_fltlid)
/home/howard/app/ti/msp430-gcc/bin/../lib/gcc/msp430-elf/8.3.0/libgcc.a(_df_to_si.o)
                              message.o (__mspabi_fixdli)
/home/howard/app/ti/msp430-gcc/bin/../lib/gcc/msp430-elf/8.3.0/libgcc.a(_make_df.o)
                              /home/howard/app/ti/msp430-gcc/bin/../lib/gcc/msp430-elf/8.3.0/libgcc.a(_sf_to_df.o) (__make_dp)
/home/howard/app/ti/msp430-gcc/bin/../lib/gcc/msp430-elf/8.3.0/libgcc.a(_df_to_sf.o)
                              debug.o (__mspabi_cvtdf)
/home/howard/app/ti/msp430-gcc/bin/../lib/gcc/msp430-elf/8.3.0/libgcc.a(_thenan_df.o)
                              /home/howard/app/ti/msp430-gcc/bin/../lib/gcc/msp430-elf/8.3.0/libgcc.a(_addsub_df.o) (__thenan_df)
/home/howard/app/ti/msp430-gcc/bin/../lib/gcc/msp430-elf/8.3.0/libgcc.a(lib2divHI.o)
                              debug.o (__mspabi_divi)
/home/howard/app/ti/msp430-gcc/bin/../lib/gcc/msp430-elf/8.3.0/libgcc.a(lib2divSI.o)
                              common.o (__mspabi_divul)
/home/howard/app/ti/msp430-gcc/bin/../lib/gcc/msp430-elf/8.3.0/libgcc.a(slli.o)
                              common.o (__mspabi_slli)
/home/howard/app/ti/msp430-gcc/bin/../lib/gcc/msp430-elf/8.3.0/libgcc.a(srai.o)
                              rom.o (__mspabi_srai)
/home/howard/app/ti/msp430-gcc/bin/../lib/gcc/msp430-elf/8.3.0/libgcc.a(srli.o)
                              adc.o (__mspabi_srli_3)
/home/howard/app/ti/msp430-gcc/bin/../lib/gcc/msp430-elf/8.3.0/libgcc.a(_clzsi2.o)
                              /home/howard/app/ti/msp430-gcc/bin/../lib/gcc/msp430-elf/8.3.0/libgcc.a(_si_to_sf.o) (__clzsi2)
/home/howard/app/ti/msp430-gcc/bin/../lib/gcc/msp430-elf/8.3.0/libgcc.a(_udivdi3.o)
                              /home/howard/app/ti/msp430-gcc/bin/../lib/gcc/msp430-elf/8.3.0/libgcc.a(lib2divSI.o) (__mspabi_divull)
/home/howard/app/ti/msp430-gcc/bin/../lib/gcc/msp430-elf/8.3.0/libgcc.a(_pack_sf.o)
                              /home/howard/app/ti/msp430-gcc/bin/../lib/gcc/msp430-elf/8.3.0/libgcc.a(_addsub_sf.o) (__pack_f)
/home/howard/app/ti/msp430-gcc/bin/../lib/gcc/msp430-elf/8.3.0/libgcc.a(_unpack_sf.o)
                              /home/howard/app/ti/msp430-gcc/bin/../lib/gcc/msp430-elf/8.3.0/libgcc.a(_addsub_sf.o) (__unpack_f)
/home/howard/app/ti/msp430-gcc/bin/../lib/gcc/msp430-elf/8.3.0/libgcc.a(_fpcmp_parts_sf.o)
                              /home/howard/app/ti/msp430-gcc/bin/../lib/gcc/msp430-elf/8.3.0/libgcc.a(_gt_sf.o) (__fpcmp_parts_f)
/home/howard/app/ti/msp430-gcc/bin/../lib/gcc/msp430-elf/8.3.0/libgcc.a(_make_sf.o)
                              /home/howard/app/ti/msp430-gcc/bin/../lib/gcc/msp430-elf/8.3.0/libgcc.a(_df_to_sf.o) (__make_fp)
/home/howard/app/ti/msp430-gcc/bin/../lib/gcc/msp430-elf/8.3.0/libgcc.a(_pack_df.o)
                              /home/howard/app/ti/msp430-gcc/bin/../lib/gcc/msp430-elf/8.3.0/libgcc.a(_addsub_df.o) (__pack_d)
[...]
Memory Configuration

Name             Origin             Length             Attributes
SFR              0x0000000000000000 0x0000000000000010
BSL              0x0000000000001000 0x0000000000000800
RAM              0x0000000000001c00 0x0000000000004000
INFOMEM          0x0000000000001800 0x0000000000000200
INFOA            0x0000000000001980 0x0000000000000080
INFOB            0x0000000000001900 0x0000000000000080
INFOC            0x0000000000001880 0x0000000000000080
INFOD            0x0000000000001800 0x0000000000000080
ROM              0x0000000000005c00 0x000000000000a380 xr
HIROM            0x0000000000010000 0x0000000000035bff xr
VECT1            0x000000000000ff80 0x0000000000000002
VECT2            0x000000000000ff82 0x0000000000000002
VECT3            0x000000000000ff84 0x0000000000000002
VECT4            0x000000000000ff86 0x0000000000000002
VECT5            0x000000000000ff88 0x0000000000000002
VECT6            0x000000000000ff8a 0x0000000000000002
VECT7            0x000000000000ff8c 0x0000000000000002
VECT8            0x000000000000ff8e 0x0000000000000002
VECT9            0x000000000000ff90 0x0000000000000002
VECT10           0x000000000000ff92 0x0000000000000002
VECT11           0x000000000000ff94 0x0000000000000002
VECT12           0x000000000000ff96 0x0000000000000002
VECT13           0x000000000000ff98 0x0000000000000002
VECT14           0x000000000000ff9a 0x0000000000000002
VECT15           0x000000000000ff9c 0x0000000000000002
VECT16           0x000000000000ff9e 0x0000000000000002
VECT17           0x000000000000ffa0 0x0000000000000002
VECT18           0x000000000000ffa2 0x0000000000000002
VECT19           0x000000000000ffa4 0x0000000000000002
VECT20           0x000000000000ffa6 0x0000000000000002
VECT21           0x000000000000ffa8 0x0000000000000002
VECT22           0x000000000000ffaa 0x0000000000000002
VECT23           0x000000000000ffac 0x0000000000000002
VECT24           0x000000000000ffae 0x0000000000000002
VECT25           0x000000000000ffb0 0x0000000000000002
VECT26           0x000000000000ffb2 0x0000000000000002
VECT27           0x000000000000ffb4 0x0000000000000002
VECT28           0x000000000000ffb6 0x0000000000000002
VECT29           0x000000000000ffb8 0x0000000000000002
VECT30           0x000000000000ffba 0x0000000000000002
VECT31           0x000000000000ffbc 0x0000000000000002
VECT32           0x000000000000ffbe 0x0000000000000002
VECT33           0x000000000000ffc0 0x0000000000000002
VECT34           0x000000000000ffc2 0x0000000000000002
VECT35           0x000000000000ffc4 0x0000000000000002
VECT36           0x000000000000ffc6 0x0000000000000002
VECT37           0x000000000000ffc8 0x0000000000000002
VECT38           0x000000000000ffca 0x0000000000000002
VECT39           0x000000000000ffcc 0x0000000000000002
VECT40           0x000000000000ffce 0x0000000000000002
VECT41           0x000000000000ffd0 0x0000000000000002
VECT42           0x000000000000ffd2 0x0000000000000002
VECT43           0x000000000000ffd4 0x0000000000000002
VECT44           0x000000000000ffd6 0x0000000000000002
VECT45           0x000000000000ffd8 0x0000000000000002
VECT46           0x000000000000ffda 0x0000000000000002
VECT47           0x000000000000ffdc 0x0000000000000002
VECT48           0x000000000000ffde 0x0000000000000002
VECT49           0x000000000000ffe0 0x0000000000000002
VECT50           0x000000000000ffe2 0x0000000000000002
VECT51           0x000000000000ffe4 0x0000000000000002
VECT52           0x000000000000ffe6 0x0000000000000002
VECT53           0x000000000000ffe8 0x0000000000000002
VECT54           0x000000000000ffea 0x0000000000000002
VECT55           0x000000000000ffec 0x0000000000000002
VECT56           0x000000000000ffee 0x0000000000000002
VECT57           0x000000000000fff0 0x0000000000000002
VECT58           0x000000000000fff2 0x0000000000000002
VECT59           0x000000000000fff4 0x0000000000000002
VECT60           0x000000000000fff6 0x0000000000000002
VECT61           0x000000000000fff8 0x0000000000000002
VECT62           0x000000000000fffa 0x0000000000000002
VECT63           0x000000000000fffc 0x0000000000000002
RESETVEC         0x000000000000fffe 0x0000000000000002
*default*        0x0000000000000000 0xffffffffffffffff

Linker script and memory map

LOAD /home/howard/app/ti/msp430-gcc/bin/../lib/gcc/msp430-elf/8.3.0/../../../../msp430-elf/lib/crt0.o
LOAD /home/howard/app/ti/msp430-gcc/bin/../lib/gcc/msp430-elf/8.3.0/crtbegin_no_eh.o
LOAD main.o
LOAD adc.o
LOAD common.o
LOAD debug.o
LOAD flash.o
LOAD GTM900C.o
LOAD hydrologytask.o
LOAD packet.o
LOAD rom.o
LOAD Sampler.o
LOAD timer.o
LOAD uart1.o
LOAD uart_config.o
LOAD blueTooth.o
LOAD Console.o
LOAD dtu.o
LOAD GSM.o
LOAD hydrologycommand.o
LOAD led.o
LOAD message.o
LOAD reportbinding.o
LOAD rtc.o
LOAD store.o
LOAD uart0.o
LOAD uart3.o
LOAD wifi_config.o
LOAD /home/howard/app/ti/msp430-gcc/bin/../lib/gcc/msp430-elf/8.3.0/libgcc.a
START GROUP
LOAD /home/howard/app/ti/msp430-gcc/bin/../lib/gcc/msp430-elf/8.3.0/libmul_f5.a
LOAD /home/howard/app/ti/msp430-gcc/bin/../lib/gcc/msp430-elf/8.3.0/../../../../msp430-elf/lib/libc.a
LOAD /home/howard/app/ti/msp430-gcc/bin/../lib/gcc/msp430-elf/8.3.0/libgcc.a
LOAD /home/howard/app/ti/msp430-gcc/bin/../lib/gcc/msp430-elf/8.3.0/../../../../msp430-elf/lib/libcrt.a
LOAD /home/howard/app/ti/msp430-gcc/bin/../lib/gcc/msp430-elf/8.3.0/../../../../msp430-elf/lib/libnosys.a
END GROUP

__interrupt_vector_1
 *(__interrupt_vector_1)

__interrupt_vector_2
 *(__interrupt_vector_2)

__interrupt_vector_3
 *(__interrupt_vector_3)

__interrupt_vector_4
 *(__interrupt_vector_4)

__interrupt_vector_5
 *(__interrupt_vector_5)

__interrupt_vector_6
 *(__interrupt_vector_6)

__interrupt_vector_7
 *(__interrupt_vector_7)

__interrupt_vector_8
 *(__interrupt_vector_8)

__interrupt_vector_9
 *(__interrupt_vector_9)

__interrupt_vector_10
 *(__interrupt_vector_10)

__interrupt_vector_11
 *(__interrupt_vector_11)

__interrupt_vector_12
 *(__interrupt_vector_12)

__interrupt_vector_13
 *(__interrupt_vector_13)

__interrupt_vector_14
 *(__interrupt_vector_14)

__interrupt_vector_15
 *(__interrupt_vector_15)

__interrupt_vector_16
 *(__interrupt_vector_16)

__interrupt_vector_17
 *(__interrupt_vector_17)

__interrupt_vector_18
 *(__interrupt_vector_18)

__interrupt_vector_19
 *(__interrupt_vector_19)

__interrupt_vector_20
 *(__interrupt_vector_20)

__interrupt_vector_21
 *(__interrupt_vector_21)

__interrupt_vector_22
 *(__interrupt_vector_22)

__interrupt_vector_23
 *(__interrupt_vector_23)

__interrupt_vector_24
 *(__interrupt_vector_24)

__interrupt_vector_25
 *(__interrupt_vector_25)

__interrupt_vector_26
 *(__interrupt_vector_26)

__interrupt_vector_27
 *(__interrupt_vector_27)

__interrupt_vector_28
 *(__interrupt_vector_28)

__interrupt_vector_29
 *(__interrupt_vector_29)

__interrupt_vector_30
 *(__interrupt_vector_30)

__interrupt_vector_31
 *(__interrupt_vector_31)

__interrupt_vector_32
 *(__interrupt_vector_32)

__interrupt_vector_33
 *(__interrupt_vector_33)

__interrupt_vector_34
 *(__interrupt_vector_34)

__interrupt_vector_35
 *(__interrupt_vector_35)

__interrupt_vector_36
 *(__interrupt_vector_36)

__interrupt_vector_37
 *(__interrupt_vector_37)

__interrupt_vector_38
 *(__interrupt_vector_38)

__interrupt_vector_39
 *(__interrupt_vector_39)

__interrupt_vector_40
 *(__interrupt_vector_40)

__interrupt_vector_41
 *(__interrupt_vector_41)

__interrupt_vector_42
 *(__interrupt_vector_42)
 *(__interrupt_vector_rtc)

__interrupt_vector_43
 *(__interrupt_vector_43)
 *(__interrupt_vector_port2)

__interrupt_vector_44
 *(__interrupt_vector_44)
 *(__interrupt_vector_usci_b3)

__interrupt_vector_45
 *(__interrupt_vector_45)
 *(__interrupt_vector_usci_a3)

__interrupt_vector_46
 *(__interrupt_vector_46)
 *(__interrupt_vector_usci_b1)

__interrupt_vector_47
 *(__interrupt_vector_47)
 *(__interrupt_vector_usci_a1)

__interrupt_vector_48
 *(__interrupt_vector_48)
 *(__interrupt_vector_port1)

__interrupt_vector_49
 *(__interrupt_vector_49)
 *(__interrupt_vector_timer1_a1)

__interrupt_vector_50
 *(__interrupt_vector_50)
 *(__interrupt_vector_timer1_a0)

__interrupt_vector_51
 *(__interrupt_vector_51)
 *(__interrupt_vector_dma)

__interrupt_vector_52
 *(__interrupt_vector_52)
 *(__interrupt_vector_usci_b2)

__interrupt_vector_53
 *(__interrupt_vector_53)
 *(__interrupt_vector_usci_a2)

__interrupt_vector_54
 *(__interrupt_vector_54)
 *(__interrupt_vector_timer0_a1)

__interrupt_vector_55
 *(__interrupt_vector_55)
 *(__interrupt_vector_timer0_a0)

__interrupt_vector_56
 *(__interrupt_vector_56)
 *(__interrupt_vector_adc12)

__interrupt_vector_57
 *(__interrupt_vector_57)
 *(__interrupt_vector_usci_b0)

__interrupt_vector_58
 *(__interrupt_vector_58)
 *(__interrupt_vector_usci_a0)

__interrupt_vector_59
 *(__interrupt_vector_59)
 *(__interrupt_vector_wdt)

__interrupt_vector_60
 *(__interrupt_vector_60)
 *(__interrupt_vector_timer0_b1)

__interrupt_vector_61
 *(__interrupt_vector_61)
 *(__interrupt_vector_timer0_b0)

__interrupt_vector_62
 *(__interrupt_vector_62)
 *(__interrupt_vector_unmi)

__interrupt_vector_63
 *(__interrupt_vector_63)
 *(__interrupt_vector_sysnmi)

__reset_vector  0x000000000000fffe        0x2
 *(__interrupt_vector_64)
 *(__interrupt_vector_reset)
 *(.resetvec)
 .resetvec      0x000000000000fffe        0x2 /home/howard/app/ti/msp430-gcc/bin/../lib/gcc/msp430-elf/8.3.0/../../../../msp430-elf/lib/crt0.o

.lower.rodata   0x0000000000005c00        0x0
                0x0000000000005c00                . = ALIGN (0x2)
 *(.lower.rodata.* .lower.rodata)

.rodata         0x0000000000005c00     0x1cf0
                0x0000000000005c00                . = ALIGN (0x2)
 *(.plt)
                0x0000000000005c00                . = ALIGN (0x2)
 *(.rodata .rodata.* .gnu.linkonce.r.* .const .const:*)
 .rodata        0x0000000000005c00       0x6b main.o
 .rodata        0x0000000000005c6b      0x175 common.o
 .rodata        0x0000000000005de0      0x844 GTM900C.o
 .rodata        0x0000000000006624        0xc rom.o
 .rodata        0x0000000000006630       0xb2 Sampler.o
 .rodata        0x00000000000066e2       0x12 uart1.o
 .rodata        0x00000000000066f4       0x62 uart_config.o
 .rodata        0x0000000000006756      0x212 blueTooth.o
 .rodata        0x0000000000006968       0x27 Console.o
 .rodata        0x000000000000698f      0x4f1 GSM.o
 .rodata        0x0000000000006e80       0x54 hydrologycommand.o
 .rodata        0x0000000000006ed4      0x312 message.o
                0x0000000000006fc8                chCRCLTalbe
                0x00000000000070c8                chCRCHTalbe
                0x00000000000071c8                Element_table
 .rodata        0x00000000000071e6       0x68 store.o
 .rodata        0x000000000000724e       0x1b uart0.o
 .rodata        0x0000000000007269       0x12 uart3.o
 .rodata        0x000000000000727b      0x3cb wifi_config.o
 .rodata.__thenan_df
                0x0000000000007646        0xe /home/howard/app/ti/msp430-gcc/bin/../lib/gcc/msp430-elf/8.3.0/libgcc.a(_thenan_df.o)
                0x0000000000007646                __thenan_df
 .rodata.__clz_tab
                0x0000000000007654      0x100 /home/howard/app/ti/msp430-gcc/bin/../lib/gcc/msp430-elf/8.3.0/libgcc.a(_clz.o)
                0x0000000000007654                __clz_tab
 .rodata        0x0000000000007754        0x2 /home/howard/app/ti/msp430-gcc/bin/../lib/gcc/msp430-elf/8.3.0/../../../../msp430-elf/lib/libc.a(lib_a-puts.o)
 .rodata._ctype_
                0x0000000000007756      0x101 /home/howard/app/ti/msp430-gcc/bin/../lib/gcc/msp430-elf/8.3.0/../../../../msp430-elf/lib/libc.a(lib_a-ctype_.o)
                0x0000000000007756                _ctype_
 *fill*         0x0000000000007857        0x1 
 .rodata.__sf_fake_stderr
                0x0000000000007858       0x12 /home/howard/app/ti/msp430-gcc/bin/../lib/gcc/msp430-elf/8.3.0/../../../../msp430-elf/lib/libc.a(lib_a-findfp.o)
                0x0000000000007858                __sf_fake_stderr
 .rodata.__sf_fake_stdout
                0x000000000000786a       0x12 /home/howard/app/ti/msp430-gcc/bin/../lib/gcc/msp430-elf/8.3.0/../../../../msp430-elf/lib/libc.a(lib_a-findfp.o)
                0x000000000000786a                __sf_fake_stdout
 .rodata.__sf_fake_stdin
                0x000000000000787c       0x12 /home/howard/app/ti/msp430-gcc/bin/../lib/gcc/msp430-elf/8.3.0/../../../../msp430-elf/lib/libc.a(lib_a-findfp.o)
                0x000000000000787c                __sf_fake_stdin
 .rodata._global_impure_ptr
                0x000000000000788e        0x2 /home/howard/app/ti/msp430-gcc/bin/../lib/gcc/msp430-elf/8.3.0/../../../../msp430-elf/lib/libc.a(lib_a-impure.o)
                0x000000000000788e                _global_impure_ptr
 .rodata        0x0000000000007890        0x2 /home/howard/app/ti/msp430-gcc/bin/../lib/gcc/msp430-elf/8.3.0/../../../../msp430-elf/lib/libc.a(lib_a-impure.o)
 .rodata        0x0000000000007892       0x11 /home/howard/app/ti/msp430-gcc/bin/../lib/gcc/msp430-elf/8.3.0/../../../../msp430-elf/lib/libc.a(lib_a-nano-svfprintf.o)
 .rodata        0x00000000000078a3       0x22 /home/howard/app/ti/msp430-gcc/bin/../lib/gcc/msp430-elf/8.3.0/../../../../msp430-elf/lib/libc.a(lib_a-nano-vfprintf_i.o)
 .rodata        0x00000000000078c5       0x11 /home/howard/app/ti/msp430-gcc/bin/../lib/gcc/msp430-elf/8.3.0/../../../../msp430-elf/lib/libc.a(lib_a-nano-vfprintf.o)
 .rodata        0x00000000000078d6       0x1a /home/howard/app/ti/msp430-gcc/bin/../lib/gcc/msp430-elf/8.3.0/../../../../msp430-elf/lib/libnosys.a(sbrk.o)
 *(.rodata1)
 *(.gcc_except_table)
 *(.gcc_except_table.*)

.rodata2        0x00000000000078f0       0x48
                0x00000000000078f0                . = ALIGN (0x2)
                [!provide]                        PROVIDE (__preinit_array_start, .)
 *(.preinit_array)
                [!provide]                        PROVIDE (__preinit_array_end, .)
                0x00000000000078f0                . = ALIGN (0x2)
                [!provide]                        PROVIDE (__init_array_start, .)
 *(SORT(.init_array.*))
 *(.init_array)
                [!provide]                        PROVIDE (__init_array_end, .)
                0x00000000000078f0                . = ALIGN (0x2)
                [!provide]                        PROVIDE (__fini_array_start, .)
 *(.fini_array)
 *(SORT(.fini_array.*))
                [!provide]                        PROVIDE (__fini_array_end, .)
                0x00000000000078f0                . = ALIGN (0x2)
 *(.eh_frame_hdr)
 *(.eh_frame)
 .eh_frame      0x00000000000078f0       0x44 /home/howard/app/ti/msp430-gcc/bin/../lib/gcc/msp430-elf/8.3.0/libgcc.a(_udivdi3.o)
 .eh_frame      0x0000000000007934        0x4 /home/howard/app/ti/msp430-gcc/bin/../lib/gcc/msp430-elf/8.3.0/crtend_no_eh.o
 *crtbegin*.o(.ctors)
 *(EXCLUDE_FILE(*crtend*.o) .ctors)
 *(SORT(.ctors.*))
 *(.ctors)
 *crtbegin*.o(.dtors)
 *(EXCLUDE_FILE(*crtend*.o) .dtors)
 *(SORT(.dtors.*))
 *(.dtors)

.upper.rodata
 *(.upper.rodata.* .upper.rodata)

.data           0x0000000000001c00      0x26e load address 0x0000000000007938
                0x0000000000001c00                . = ALIGN (0x2)
                0x0000000000001c00                PROVIDE (__datastart, .)
 *(.lower.data.* .lower.data)
                0x0000000000001c00                . = ALIGN (0x2)
 *(.either.data.* .either.data)
                0x0000000000001c00                . = ALIGN (0x2)
 *(.jcr)
 *(.data.rel.ro.local)
 *(.data.rel.ro*)
 *(.dynamic)
                0x0000000000001c00                . = ALIGN (0x2)
 *(.data .data.* .gnu.linkonce.d.*)
 .data          0x0000000000001c00        0x2 main.o
                0x0000000000001c00                IsDebug
 .data          0x0000000000001c02       0x20 adc.o
                0x0000000000001c02                A
 .data          0x0000000000001c22        0x2 common.o
                0x0000000000001c22                trace_open
 .data          0x0000000000001c24       0x12 GTM900C.o
                0x0000000000001c24                GPRSDataArrived
                0x0000000000001c26                unprocessedGPRSdata
                0x0000000000001c28                gprsConfigSuccess
                0x0000000000001c2a                RemainingData
                0x0000000000001c2c                _GTM900SendBufLeft
                0x0000000000001c2e                _ReceiveDataLen
                0x0000000000001c30                _ReceiveData
                0x0000000000001c32                dataLen
                0x0000000000001c34                psrc
 .data          0x0000000000001c36        0xc hydrologytask.o
                0x0000000000001c36                value
                0x0000000000001c3a                time_1s
                0x0000000000001c3c                time_1min
                0x0000000000001c3e                time_5min
                0x0000000000001c40                time_10min
 .data          0x0000000000001c42       0x48 Sampler.o
                0x0000000000001c42                ISR_Count_Temp
                0x0000000000001c48                long_3
                0x0000000000001c54                char_3
                0x0000000000001c58                long_2
                0x0000000000001c64                char_2
                0x0000000000001c68                long_1
                0x0000000000001c74                char_1
                0x0000000000001c78                count_pulse3
                0x0000000000001c7c                count_pulse2
                0x0000000000001c80                count_pulse1
                0x0000000000001c84                alert_str_idx
                0x0000000000001c86                g_pulse_rate
 .data          0x0000000000001c8a        0xc uart1.o
                0x0000000000001c8a                UART1_Tx_Len
                0x0000000000001c8c                UART1_Tx_Flag
                0x0000000000001c8e                UART1_Rx_RecvIndex
                0x0000000000001c90                UART1_Rx_INTLen
                0x0000000000001c92                UART1_Rx_INTIndex
                0x0000000000001c94                UART1_Tx_Buf
 .data          0x0000000000001c96        0x1 uart_config.o
                0x0000000000001c96                isUARTConfig
 *fill*         0x0000000000001c97        0x1 
 .data          0x0000000000001c98       0x1a blueTooth.o
                0x0000000000001c98                T_CommuteDevBLE
                0x0000000000001cae                sppflag
                0x0000000000001cb0                BLEINIT
 .data          0x0000000000001cb2       0x16 GSM.o
                0x0000000000001cb2                s_NetState
                0x0000000000001cb4                s_MsgLeft
                0x0000000000001cb6                s_MsgNum
                0x0000000000001cb8                s_ProcIdx
                0x0000000000001cba                s_RecvIdx
                0x0000000000001cbc                s_MsgDel
                0x0000000000001cbe                s_MsgOK
                0x0000000000001cc0                s_MsgFail
                0x0000000000001cc2                s_OOPS
                0x0000000000001cc4                s_RING
                0x0000000000001cc6                s_TimeOut
 .data          0x0000000000001cc8        0x1 hydrologycommand.o
                0x0000000000001cc8                IsQuery
 *fill*         0x0000000000001cc9        0x1 
 .data          0x0000000000001cca        0xe message.o
                0x0000000000001cca                HYDROLOGY_MODE
                0x0000000000001ccc                PacketSendTimes
                0x0000000000001cce                SinglePacketSendCount
                0x0000000000001cd0                RomElementBeginAddr
                0x0000000000001cd2                SinglePacketSize
                0x0000000000001cd4                RS485ElementCount
                0x0000000000001cd5                IO_STATUSElementCount
                0x0000000000001cd6                ISR_COUNTElementCount
                0x0000000000001cd7                ADCElementCount
 .data          0x0000000000001cd8       0x27 rtc.o
                0x0000000000001cd8                s_RTC_PulseBytes
                0x0000000000001ce4                s_RTC_EndIdx
                0x0000000000001ce5                s_RTC_StartIdx
                0x0000000000001ce6                s_RTC_ReportTime
                0x0000000000001ceb                s_RTC_SaveTime
                0x0000000000001cf0                s_RTC_CheckTime
                0x0000000000001cf5                s_RTC_lastTime
                0x0000000000001cfa                g_rtc_nowTime
 *fill*         0x0000000000001cff        0x1 
 .data          0x0000000000001d00        0x2 store.o
                0x0000000000001d00                contextlen
 .data          0x0000000000001d02       0x1a uart0.o
                0x0000000000001d02                ucount
                0x0000000000001d04                order_length
                0x0000000000001d06                flag_message
                0x0000000000001d08                real_count
                0x0000000000001d0a                uart0_count
                0x0000000000001d0c                Take_Photo_Count
                0x0000000000001d0e                UART0_Tx_Len
                0x0000000000001d10                UART0_Tx_Flag
                0x0000000000001d12                UART0_Rx_RecvIndex
                0x0000000000001d14                UART0_Rx_INTLen
                0x0000000000001d16                UART0_Rx_INTIndex
                0x0000000000001d18                UART0_Tx_Buf
                0x0000000000001d1a                IsGetInput
 .data          0x0000000000001d1c        0xe uart3.o
                0x0000000000001d1c                UART3_Tx_Len
                0x0000000000001d1e                UART3_Tx_Flag
                0x0000000000001d20                UART3_Rx_RecvIndex
                0x0000000000001d22                UART3_Rx_INTLen
                0x0000000000001d24                UART3_Rx_INTIndex
                0x0000000000001d26                UART3_Tx_Buf
                0x0000000000001d28                testcount
 .data          0x0000000000001d2a       0x56 wifi_config.o
                0x0000000000001d66                g_wifipwd
                0x0000000000001d70                g_ssidname
                0x0000000000001d7a                g_wifi_index
                0x0000000000001d7c                g_wifi_connetflag
                0x0000000000001d7e                WIFI_Inited_Flag
 .data.__ctype_ptr__
                0x0000000000001d80        0x2 /home/howard/app/ti/msp430-gcc/bin/../lib/gcc/msp430-elf/8.3.0/../../../../msp430-elf/lib/libc.a(lib_a-ctype_.o)
                0x0000000000001d80                __ctype_ptr__
 .data._impure_ptr
                0x0000000000001d82        0x2 /home/howard/app/ti/msp430-gcc/bin/../lib/gcc/msp430-elf/8.3.0/../../../../msp430-elf/lib/libc.a(lib_a-impure.o)
                0x0000000000001d82                _impure_ptr
 .data.impure_data
                0x0000000000001d84       0x78 /home/howard/app/ti/msp430-gcc/bin/../lib/gcc/msp430-elf/8.3.0/../../../../msp430-elf/lib/libc.a(lib_a-impure.o)
 .data.lc_ctype_charset
                0x0000000000001dfc       0x20 /home/howard/app/ti/msp430-gcc/bin/../lib/gcc/msp430-elf/8.3.0/../../../../msp430-elf/lib/libc.a(lib_a-locale.o)
 .data.__mb_cur_max
                0x0000000000001e1c        0x2 /home/howard/app/ti/msp430-gcc/bin/../lib/gcc/msp430-elf/8.3.0/../../../../msp430-elf/lib/libc.a(lib_a-locale.o)
                0x0000000000001e1c                __mb_cur_max
 .data.__wctomb
                0x0000000000001e1e        0x2 /home/howard/app/ti/msp430-gcc/bin/../lib/gcc/msp430-elf/8.3.0/../../../../msp430-elf/lib/libc.a(lib_a-wctomb_r.o)
                0x0000000000001e1e                __wctomb
 .data.heap.1463
                0x0000000000001e20        0x2 /home/howard/app/ti/msp430-gcc/bin/../lib/gcc/msp430-elf/8.3.0/../../../../msp430-elf/lib/libnosys.a(sbrk.o)
 .data          0x0000000000001e22       0x4b /home/howard/app/ti/msp430-gcc/bin/../lib/gcc/msp430-elf/8.3.0/../../../../msp430-elf/lib/libnosys.a(cio.o)
                0x0000000000001e22                __CIOBUF__
                0x0000000000001e22                _CIOBUF_
 *(.gnu.linkonce.d.*personality*)
 *(.data1)
 *(.got.plt)
 *(.got)
                0x0000000000001e6e                . = ALIGN (0x2)
 *fill*         0x0000000000001e6d        0x1 
 *(.sdata .sdata.* .gnu.linkonce.s.* D_2 D_1)
                0x0000000000001e6e                . = ALIGN (0x2)
                0x0000000000001e6e                _edata = .
                [!provide]                        PROVIDE (edata, .)
                [!provide]                        PROVIDE (__dataend, .)
                0x0000000000007938                PROVIDE (__romdatastart, LOADADDR (.data))
                0x000000000000026e                PROVIDE (__romdatacopysize, SIZEOF (.data))

.bss            0x0000000000001e6e      0xa28 load address 0x0000000000007ba6
                0x0000000000001e6e                . = ALIGN (0x2)
                0x0000000000001e6e                PROVIDE (__bssstart, .)
 *(.lower.bss.* .lower.bss)
                0x0000000000001e6e                . = ALIGN (0x2)
 *(.either.bss.* .either.bss)
 *(.dynbss)
 *(.sbss .sbss.*)
 *(.bss .bss.* .gnu.linkonce.b.*)
 .bss           0x0000000000001e6e        0x4 common.o
 .bss           0x0000000000001e72        0x6 hydrologytask.o
 .bss           0x0000000000001e78       0x10 Sampler.o
 .bss           0x0000000000001e88        0x4 timer.o
 .bss           0x0000000000001e8c        0x2 uart1.o
 .bss           0x0000000000001e8e        0x2 Console.o
 .bss           0x0000000000001e90        0x1 hydrologycommand.o
 *fill*         0x0000000000001e91        0x1 
 .bss           0x0000000000001e92        0x2 message.o
 .bss           0x0000000000001e94        0x2 uart0.o
 .bss           0x0000000000001e96        0x2 uart3.o
 .bss.__malloc_sbrk_start
                0x0000000000001e98        0x2 /home/howard/app/ti/msp430-gcc/bin/../lib/gcc/msp430-elf/8.3.0/../../../../msp430-elf/lib/libc.a(lib_a-nano-mallocr.o)
                0x0000000000001e98                __malloc_sbrk_start
 .bss.__malloc_free_list
                0x0000000000001e9a        0x2 /home/howard/app/ti/msp430-gcc/bin/../lib/gcc/msp430-elf/8.3.0/../../../../msp430-elf/lib/libc.a(lib_a-nano-mallocr.o)
                0x0000000000001e9a                __malloc_free_list
                0x0000000000001e9c                . = ALIGN (0x2)
 *(COMMON)
 COMMON         0x0000000000001e9c        0x9 common.o
                0x0000000000001e9c                analow
                0x0000000000001e9d                tthex
                0x0000000000001e9e                anahigh
                0x0000000000001e9f                pulsemedium
                0x0000000000001ea0                vtlow
                0x0000000000001ea1                vthigh
                0x0000000000001ea2                pulsehigh
                0x0000000000001ea3                switcher
                0x0000000000001ea4                pulselow
 *fill*         0x0000000000001ea5        0x1 
 COMMON         0x0000000000001ea6       0x19 GTM900C.o
                0x0000000000001ea6                centerIP
                0x0000000000001eb6                TelecomOperater
                0x0000000000001eb8                centerPort
 *fill*         0x0000000000001ebf        0x1 
 COMMON         0x0000000000001ec0       0x5a Sampler.o
                0x0000000000001ec0                g_pulse_range
                0x0000000000001ecc                alert_str
                0x0000000000001f08                i
                0x0000000000001f0a                s_alert_flag
 COMMON         0x0000000000001f1a      0x324 uart1.o
                0x0000000000001f1a                UART1_Rx_Buffer
                0x000000000000223a                UART1_Rx_BufLen
 COMMON         0x000000000000223e       0x22 GSM.o
                0x000000000000223e                main_time_error
                0x0000000000002240                s_MsgArray
                0x000000000000225e                g_work_mode
 COMMON         0x0000000000002260       0x7d message.o
                0x0000000000002260                g_HydrologyUpHeader
                0x0000000000002271                g_HydrologyMsg
                0x000000000000227c                g_HydrologyDownHeader
                0x000000000000228d                inputPara
 *fill*         0x00000000000022dd        0x1 
 COMMON         0x00000000000022de      0x290 uart0.o
                0x00000000000022de                uart0_test
                0x00000000000022e0                UART0_Rx_Buffer
                0x0000000000002565                test
                0x0000000000002568                UART0_Rx_BufLen
 COMMON         0x000000000000256e      0x326 uart3.o
                0x000000000000256e                testbuf
                0x0000000000002570                UART3_Rx_BufLen
                0x0000000000002574                UART3_Rx_Buffer
 COMMON         0x0000000000002894        0x2 /home/howard/app/ti/msp430-gcc/bin/../lib/gcc/msp430-elf/8.3.0/../../../../msp430-elf/lib/libc.a(lib_a-reent.o)
                0x0000000000002894                errno
                [!provide]                        PROVIDE (__bssend, .)
                0x0000000000000a28                PROVIDE (__bsssize, SIZEOF (.bss))

.noinit         0x0000000000002896        0x0 load address 0x0000000000007ba6
                0x0000000000002896                . = ALIGN (0x2)
                [!provide]                        PROVIDE (__noinit_start, .)
 *(.noinit)
                0x0000000000002896                . = ALIGN (0x2)
                [!provide]                        PROVIDE (__noinit_end, .)

.heap           0x0000000000002896        0x4 load address 0x0000000000007ba6
                0x0000000000002896                . = ALIGN (0x2)
                0x0000000000002896                __heap_start__ = .
                0x0000000000002896                _end = __heap_start__
                0x0000000000002896                PROVIDE (end, .)
 *(.heap)
                0x0000000000002896                _end = .
                [!provide]                        PROVIDE (end, .)
                0x0000000000002896        0x4 LONG 0x0
                0x000000000000289a                __heap_end__ = .
                0x000000000000289a                __HeapLimit = __heap_end__

.stack          0x0000000000005c00        0x0
                0x0000000000005c00                PROVIDE (__stack, .)
 *(.stack)

.lowtext        0x0000000000007ba6       0x2c
                0x0000000000007ba6                PROVIDE (_start, .)
                0x0000000000007ba6                . = ALIGN (0x2)
 *(SORT(.crt_*))
 .crt_0000start
                0x0000000000007ba6        0x4 /home/howard/app/ti/msp430-gcc/bin/../lib/gcc/msp430-elf/8.3.0/../../../../msp430-elf/lib/crt0.o
                0x0000000000007ba6                __crt0_start
 .crt_0100init_bss
                0x0000000000007baa        0xe /home/howard/app/ti/msp430-gcc/bin/../lib/gcc/msp430-elf/8.3.0/../../../../msp430-elf/lib/libcrt.a(crt_bss.o)
                0x0000000000007baa                __crt0_init_bss
 .crt_0300movedata
                0x0000000000007bb8       0x14 /home/howard/app/ti/msp430-gcc/bin/../lib/gcc/msp430-elf/8.3.0/../../../../msp430-elf/lib/libcrt.a(crt_movedata.o)
                0x0000000000007bb8                __crt0_movedata
 .crt_0800call_main
                0x0000000000007bcc        0x6 /home/howard/app/ti/msp430-gcc/bin/../lib/gcc/msp430-elf/8.3.0/../../../../msp430-elf/lib/libcrt.a(crt_main.o)
                0x0000000000007bcc                __crt0_call_main
 *(.lowtext)

.lower.text     0x0000000000007bd2        0x0
                0x0000000000007bd2                . = ALIGN (0x2)
 *(.lower.text.* .lower.text)

.text           0x0000000000007bd2    0x15d2e
                0x0000000000007bd2                . = ALIGN (0x2)
 *(.text .stub .text.* .gnu.linkonce.t.* .text:*)
 .text          0x0000000000007bd2      0x2dc main.o
                0x0000000000007bd2                Restart_Init
                0x0000000000007c24                Restart_GSMInit
                0x0000000000007d28                Restart_DTUInit
                0x0000000000007d9e                WorkMode_Init
                0x0000000000007dee                Main_Init
                0x0000000000007e08                main
                0x0000000000007e7a                Main_GotoSleep
 .text          0x0000000000007eae      0x5b0 adc.o
                0x0000000000007eae                ADC_Open
                0x0000000000007f46                ADC_ReadAnalogStr
                0x0000000000007f68                ADC_Sample
                0x0000000000008452                ADC_Close
 .text          0x000000000000845e     0x2096 common.o
                0x0000000000008538                TraceOpen
                0x000000000000854a                TraceFunctionLine
                0x000000000000856c                TraceHexMsgFuncLine
                0x000000000000858e                TraceMsgFuncLine
                0x00000000000085ba                TraceStrFuncLine
                0x00000000000085f4                hex_2_ascii
                0x0000000000008654                Utility_atoi
                0x000000000000867a                System_Delayms
                0x00000000000086a6                System_Delayus
                0x00000000000086d0                DownInt
                0x00000000000086da                UpInt
                0x00000000000086f6                DsP2Int
                0x000000000000870a                EnP2Int
                0x000000000000871e                DsInt
                0x0000000000008724                EnInt
                0x000000000000872c                Max3222_Open
                0x000000000000873a                Max3222_Close
                0x0000000000008748                Select_Debug_Mode
                0x0000000000008760                System_Reset
                0x0000000000008778                Clock_SMCLK_DIV
                0x00000000000087e8                Clock_ACLK_DIV
                0x0000000000008858                Set_Vcore
                0x000000000000889e                Clock_Init
                0x00000000000088f4                Utility_CheckDigital
                0x000000000000891a                Utility_CheckAlphabet
                0x000000000000894e                Utility_CheckHexChar
                0x0000000000008992                Utility_CheckBinary
                0x00000000000089b6                Utility_CheckIp
                0x0000000000008a30                Utility_BytesCompare3
                0x0000000000008a78                Utility_Strlen
                0x0000000000008a8e                Utility_Strncpy
                0x0000000000008aaa                Utility_GetGprsServerIp
                0x0000000000008b1e                Utility_GetGprsServerPort
                0x0000000000008b92                Utility_GetGprsServerApn
                0x0000000000008c06                Utility_Strncmp
                0x0000000000008c2a                Utility_CharToHex
                0x0000000000008c6e                Utility_DecStr7ToBytes3
                0x0000000000008cf6                Utility_UintToStr4
                0x0000000000008d58                TraceInt4FuncLine
                0x0000000000008d9c                Utility_Bytes3ToDecStr7
                0x0000000000008e46                TracePulseValue
                0x0000000000008e80                Utility_UintToStr3
                0x0000000000008eca                Utility_UintToStr2
                0x0000000000008ef8                Utility_UintToStr1
                0x0000000000008f12                IntTo0xInt
                0x0000000000009040                ConvertHexChar
                0x0000000000009084                ConvertAscIItoHex
                0x00000000000090c6                Utility_Time_AddSecond
                0x0000000000009122                Utility_Time_AddMinute
                0x0000000000009168                Utility_Time_AddHour
                0x0000000000009194                Utility_Time_AddDay
                0x00000000000091a8                Utility_Time_AddMonth
                0x00000000000091ca                Utility_CalculateNextReportTimeBytes
                0x0000000000009506                Utility_CalculateNextCameraGoTimes
                0x0000000000009842                Utility_CalculateNextSaveTimeBytes
                0x0000000000009b7e                Utility_CalculateNextCheckTimeBytes
                0x0000000000009bba                Utility_Is_A_CheckTime
                0x0000000000009bd2                Utility_Is_A_SaveTime
                0x0000000000009e5e                Utility_Is_A_ReportTime
                0x000000000000a0ea                Utility_Is_A_CameraTime
                0x000000000000a376                Utility_PackRuestTimeMsg
                0x000000000000a39a                Utility_PackOKMsg
                0x000000000000a3f4                Utility_PackFailMsg
                0x000000000000a428                Utility_PackRejectMsg
                0x000000000000a46e                Utility_PackErrorMsg
                0x000000000000a4a8                Utility_PackBadMsg
                0x000000000000a4d6                Clear_ExternWatchdog
 .text          0x000000000000a4f4     0x1d0a GTM900C.o
                0x000000000000a4f4                GPRS_Print_Error
                0x000000000000a6f8                GPRS_AT_SetAPN_Response
                0x000000000000a6fc                GPRS_AT_ActiveGPRSNet_Response
                0x000000000000a700                GPRS_AT_CheckSimStat_Response
                0x000000000000a76e                GPRS_AT_QueryOperater_Response
                0x000000000000a7d4                GPRS_AT_QueryIP_Response
                0x000000000000a83e                GPRS_AT_OpenTCPLink_Response
                0x000000000000a842                GPRS_AT_QueryTCPLink_Response
                0x000000000000a8ac                GPRS_AT_CloseTCPLink_Response
                0x000000000000a91c                GPRS_AT_QuitGPRSNet_Response
                0x000000000000a98c                GPRS_AT_SetIOMode_Response
                0x000000000000a9a2                GRPS_AT_Send_Response
                0x000000000000aa2c                GPRS_AT_QueryRemainData_Response
                0x000000000000aaa0                GRPS_AT_Receive_Response
                0x000000000000ab7a                GPRS_AT_OFF_CALL_Response
                0x000000000000ab7e                GPRS_SubProc_AT_ResponseTwo
                0x000000000000abf0                GPRS_WriteBytes
                0x000000000000abfa                judgeintlen
                0x000000000000ac46                judgeportlen
                0x000000000000aca8                GPRS_OFF_CALL
                0x000000000000acfe                GPRS_AT_OFF_CALL
                0x000000000000ad58                GPRS_SubProc_AT_ResponseOne
                0x000000000000ae56                GPRS_Proc_AT_Response
                0x000000000000af54                GPRS_ClearRecvBuf
                0x000000000000af5c                GPRS_PrepareForSend
                0x000000000000af94                GPRS_AT_SetAPN
                0x000000000000b0c8                GPRS_AT_ActiveGPRSNet
                0x000000000000b182                GPRS_AT_CheckSimStat
                0x000000000000b232                GPRS_AT_QueryOperater
                0x000000000000b2c2                GPRS_AT_QueryIP
                0x000000000000b34c                GPRS_AT_OpenTCPLink
                0x000000000000b914                GPRS_AT_QueryTCPLink
                0x000000000000b9a6                GPRS_AT_CloseTCPLink
                0x000000000000bab4                GPRS_AT_QuitGPRSNet
                0x000000000000bbbe                GPRS_AT_SetIOMode
                0x000000000000bc94                GRPS_AT_Send
                0x000000000000bd8e                GRPS_AT_QueryRemainData
                0x000000000000be02                GRPS_AT_Receive
                0x000000000000be88                GPRS_Create_TCP_Link
                0x000000000000bf76                GPRS_Close_TCP_Link
                0x000000000000bfbe                GPRS_Close_GSM
                0x000000000000bfd2                GPRS_Send
                0x000000000000c072                GPRS_QueryRemainData
                0x000000000000c086                GPRS_Receive
                0x000000000000c124                JudgeServerDataArrived
                0x000000000000c198                Hydrology_ProcessGPRSReceieve
 .text          0x000000000000c1fe      0x4d6 hydrologytask.o
                0x000000000000c1fe                HydrologyTimeBase
                0x000000000000c20c                convertSampleTimetoHydrology
                0x000000000000c24a                convertSendTimetoHydrology
                0x000000000000c292                ConvertAnalog
                0x000000000000c308                ADC_Element
                0x000000000000c390                HydrologyOneMinute
                0x000000000000c5c2                HydrologyOnline
                0x000000000000c5d6                HydrologyOffline
                0x000000000000c5e2                HydrologyInstantWaterLevel
                0x000000000000c68c                HydrologyVoltage
                0x000000000000c690                HydrologyTask
 .text          0x000000000000c6d4      0x792 rom.o
                0x000000000000c6d4                ROM_WP_OFF
                0x000000000000c706                ROM_WP_ON
                0x000000000000c738                I2C_Set_sda_high
                0x000000000000c746                I2C_Set_sda_low
                0x000000000000c754                I2C_Set_sck_high
                0x000000000000c762                I2C_Set_sck_low
                0x000000000000c770                I2C_GetACK
                0x000000000000c7b2                I2C_SetACK
                0x000000000000c7c8                I2C_SetNAK
                0x000000000000c7de                I2C_START
                0x000000000000c81a                I2C_STOP
                0x000000000000c85e                I2C_Initial
                0x000000000000c86c                ROM_Init
                0x000000000000c87a                I2C_TxByte
                0x000000000000c8c8                ROM_WriteByte_RTC
                0x000000000000c99e                ROM_WriteByte
                0x000000000000cb2e                ROM_WriteBytes
                0x000000000000cc54                I2C_RxByte
                0x000000000000cca4                ROM_ReadByte
                0x000000000000cd6c                ROM_ReadBytes
 .text          0x000000000000ce66      0xb60 Sampler.o
                0x000000000000ce66                Sampler_Init
                0x000000000000cf06                Sampler_IO_Level
                0x000000000000cfa4                Sampler_Open
                0x000000000000cfbc                Sampler_Close
                0x000000000000cfcc                Sampler_Sample
                0x000000000000cfd4                Sampler_GSM_ReadAlertString
                0x000000000000d130                Sampler_DTU_ReadAlertString
                0x000000000000d142                Sampler_CheckNormal
                0x000000000000d380                Sampler_SaveData
                0x000000000000d584                chartolong
                0x000000000000d5ae                longtochar
                0x000000000000d5c0                ISR_Count_Cal
                0x000000000000d654                PORT1_ISR
 .text          0x000000000000d9c6      0x130 timer.o
                0x000000000000d9c6                Timer_Zero
                0x000000000000d9cc                Timer_Passed_Mins
                0x000000000000d9da                TimerA_Init
                0x000000000000d9fc                WatchDog_Init
                0x000000000000da04                WatchDog_Clear
                0x000000000000da0c                TimerB_Init
                0x000000000000da44                TimerB_Clear
                0x000000000000da4a                TimerA0_Init
                0x000000000000da6e                TIMER0A0_ISR
                0x000000000000da9e                TIMERA0_ISR
                0x000000000000dab2                TIMERB0_ISR
                0x000000000000dab4                TIMERB1_ISR
 .text          0x000000000000daf6      0x4a2 uart1.o
                0x000000000000daf6                UART1_ClearBuffer
                0x000000000000db2c                UART1_Open
                0x000000000000db64                UART1_Open_9600
                0x000000000000db9c                UART1_Close
                0x000000000000dba6                UART1_Send
                0x000000000000dc42                UART1_SendtoInt
                0x000000000000dc58                UART1_RecvLine
                0x000000000000dcca                UART1_RecvLineTry
                0x000000000000dd6a                UART1_RecvLineWait
                0x000000000000ddf6                UART1_RecvLineLongWait
                0x000000000000de82                Judge_Watermeter
                0x000000000000deb2                UART1_RX_ISR
 .text          0x000000000000df98       0x84 uart_config.o
                0x000000000000df98                Hydrology_ProcessUARTReceieve
                0x000000000000dfea                Hydrology_InitWaitConfig
 .text          0x000000000000e01c      0xd4a blueTooth.o
                0x000000000000e01c                ble_sppflag
                0x000000000000e022                ble_isinit
                0x000000000000e028                BLE_buffer_Clear
                0x000000000000e02e                SPPTX
                0x000000000000e08a                ble_getMsg
                0x000000000000e090                BLE_SendAtCmd
                0x000000000000e0da                BLE_SendMsg
                0x000000000000e0e2                SPPRX
                0x000000000000e11e                ble_sendMsg
                0x000000000000e126                BLE_Close
                0x000000000000e12c                BLE_RecvLineTry
                0x000000000000e148                BLE_RecAt
                0x000000000000e1ac                BLE_ATE
                0x000000000000e234                ATTEST
                0x000000000000e2e8                BLE_SetName
                0x000000000000e352                BLE_SERVER
                0x000000000000e3f6                BLE_GATTSSRVCRE
                0x000000000000e4c4                BLE_GATTSSRVSTART
                0x000000000000e558                BLE_ADVSTART
                0x000000000000e5c2                BLE_Open
                0x000000000000e658                BLE_BLESPPCFG
                0x000000000000e6c2                BLE_BLESP
                0x000000000000e77c                BLE_BLESPP
                0x000000000000e7c2                ble_open
                0x000000000000e7c8                BLE_BLESPPEND
                0x000000000000e84c                ble_close
                0x000000000000e852                BLE_CONNECT
                0x000000000000e902                ble_isCanUse
                0x000000000000e91a                BLE_ADVSTOP
                0x000000000000e99c                BLE_RST
                0x000000000000ea20                BLE_INIT
                0x000000000000eab0                ble_rst
                0x000000000000eab6                BLE_SLEEP
                0x000000000000ebba                BLE_MAIN
                0x000000000000ed48                ble_init
                0x000000000000ed5c                BleDriverInstall
 .text          0x000000000000ed66      0x186 Console.o
                0x000000000000ed66                Console_Open
                0x000000000000ed74                Console_Close
                0x000000000000ed7c                Console_WriteString
                0x000000000000edbe                Console_WriteStringln
                0x000000000000ee00                Console_WriteBytes
                0x000000000000ee2c                Console_WriteBytesln
                0x000000000000ee58                Console_WriteHexCharln
                0x000000000000eeb0                Console_WriteInt
                0x000000000000eec6                Console_WriteErrorStringlnFuncLine
 .text          0x000000000000eeec     0x3294 GSM.o
                0x000000000000eeec                GSM_Open
                0x000000000000ef78                GSM_HardReboot
                0x000000000000efd6                GSM_GetMsgStore
                0x000000000000f036                GSM_GetRePhone
                0x000000000000f0e0                GSM_AT_SetMsgNotify
                0x000000000000f19e                GSM_AT_OffCall
                0x000000000000f202                GSM_DealData
                0x000000000000f2e6                GSM_DealAllData
                0x000000000000f31a                GSM_AT_QueryStore
                0x000000000000f440                GSM_AT_QuerySim
                0x000000000000f53a                GSM_AT_QueryNet
                0x000000000000f5fe                GSM_CheckLive
                0x000000000000f696                GSM_AT_SetMsgmode
                0x000000000000f77e                GSM_AT_CloseFeedback
                0x000000000000f898                GSM_Init
                0x000000000000f938                GSM_CheckOK
                0x000000000000f96c                GSM_Waiting_Process
                0x000000000000fa00                GSM_AT_DeleteMsg
                0x000000000000fb36                GSM_CallLeader
                0x000000000000fc60                GSM_AT_QuitInput
                0x000000000000fc7a                GSM_SendMsgTxt
                0x000000000000fe16                GSM_Report_Process
                0x00000000000100da                GSM_Alert_Process
                0x00000000000101e4                GSM_AT_ShutDown
                0x00000000000102c8                GSM_Close
                0x0000000000010316                GSM_ProcMsgData
                0x0000000000011ca4                GSM_ProcMessageTxt
                0x0000000000011fa4                GSM_ProcMsgArray
                0x0000000000012010                GSM_StartCheckSIM
                0x0000000000012086                GSM_EndCheckSIM
                0x00000000000120e2                GSM_Process
 .text          0x0000000000012180     0x1e26 hydrologycommand.o
                0x0000000000012180                RS485_Dir
                0x00000000000121a0                RS485_SerilWrite
                0x00000000000121a8                RS485_SerilRead
                0x00000000000121b4                RS485_Delayms
                0x00000000000121ba                RS485_Delayus
                0x00000000000121c0                RS485_ValueDefine
                0x00000000000122aa                RS485_Send
                0x0000000000012318                RS485_Read
                0x000000000001238c                Hydrology_ReadRS485
                0x0000000000012482                Hydrology_ReadIO_STATUS
                0x0000000000012554                Hydrology_SetIO_STATUS
                0x0000000000012564                hydrologyChangeMode
                0x0000000000012566                hydrologyConfigSelect
                0x00000000000126d4                hydrologyReadSelect
                0x0000000000012842                hydrologyBasicInfoConfig
                0x00000000000128a8                hydrologyBasicInfoRead
                0x000000000001290e                hydrologySetParaSelect
                0x0000000000012f5e                hydrologyReadParaSelect
                0x00000000000135ae                hydrologySetPara
                0x0000000000013614                hydrologyReadPara
                0x000000000001367a                hydrologyInitializeSolidStorage
                0x00000000000136e4                Hydrology_Reset
                0x0000000000013c36                Hydrology_SetPassword
                0x0000000000013c66                hydrologySetClock
                0x0000000000013c82                hydrologySetICCard
                0x0000000000013cb2                hydrologyPump
                0x0000000000013cf8                hydrologyValve
                0x0000000000013d3e                hydrologyGate
                0x0000000000013d86                hydrologyWaterSetting
                0x0000000000013db8                HydrologyRecord
                0x0000000000013e08                hydrologyCommand
                0x0000000000013edc                HydrologyReadSuiteElement
 .text          0x0000000000013fa6      0x2ae led.o
                0x0000000000013fa6                Led_Init
                0x0000000000013fe4                Led1_On
                0x0000000000013fea                Led2_On
                0x0000000000013ff0                Led3_On
                0x0000000000013ff6                Led4_On
                0x0000000000013ffc                Led5_On
                0x0000000000014002                Led6_On
                0x000000000001400a                Led1_Off
                0x0000000000014010                Led2_Off
                0x0000000000014016                Led3_Off
                0x000000000001401c                Led4_Off
                0x0000000000014022                Led5_Off
                0x0000000000014028                Led6_Off
                0x0000000000014030                Led_Round
                0x00000000000140e2                Led_OffAll
                0x00000000000140fe                Led_OnAll
                0x000000000001411a                Led_LongOn
                0x000000000001412c                Led1_WARN
                0x000000000001416e                Led2_WARN
                0x0000000000014170                Led3_WARN
                0x00000000000141b2                Led4_WARN
                0x00000000000141f4                Led_WARN
                0x0000000000014236                Led_Flash
 .text          0x0000000000014254     0x19c8 message.o
                0x0000000000014254                Hydrology_ReadStoreInfo
                0x00000000000142bc                Hydrology_WriteStoreInfo
                0x0000000000014324                Hydrology_ReadTime
                0x0000000000014342                Hydrology_SetTime
                0x0000000000014360                Hydrology_SendData
                0x00000000000143e6                Hydrology_Printf
                0x00000000000143f6                Hydrology_SetRTUType
                0x0000000000014404                Hydrology_ReadObservationTime
                0x000000000001448e                Hydrology_SetObservationTime
                0x0000000000014518                getBCDnums
                0x000000000001466e                getEvenNum
                0x0000000000014676                getguideid
                0x0000000000014698                converToHexElement
                0x00000000000147f6                mallocElement
                0x0000000000014870                hydrologyJudgeType
                0x0000000000014986                Hydrology_ReadAnalog
                0x00000000000149b2                Hydrology_ReadPulse
                0x00000000000149de                Hydrology_ReadSwitch
                0x0000000000014a04                Hydrology_ReadRom
                0x0000000000014a34                Hydrology_CalElementInfo
                0x0000000000014cf8                hydrologyMakeUpHeader
                0x0000000000014d94                getstreamid
                0x0000000000014dba                hydrologyMakeUpBodyBasicInfo
                0x0000000000014fbe                hydrologyMakeUpBody
                0x000000000001508e                hydrologyCRC16
                0x00000000000150ba                hydrologyCheck
                0x0000000000015148                hydrologyMakeDownHeader
                0x0000000000015242                hydrologyNeedEditElement
                0x000000000001536c                hydrologyMakeDownBody
                0x00000000000154b2                hydrologyMakeUpTail
                0x00000000000157ee                hydrologyInitSend
                0x0000000000015886                hydrologyExitSend
                0x0000000000015930                hydrologyProcessSend
                0x0000000000015996                hydrologyNeedRespond
                0x0000000000015ad0                hydrologyQueryRespond
                0x0000000000015b0e                hydrologyInitReceieve
                0x0000000000015b50                hydrologyExitReceieve
                0x0000000000015bc0                hydrologyProcessReceieve
 .text          0x0000000000015c1c     0x1bbe rtc.o
                0x0000000000015c1c                RTC_IsBadTime
                0x0000000000015d2e                RTC_IsPassed
                0x0000000000015da8                _RTC_DisableWrite
                0x0000000000015daa                _RTC_EnableWrite
                0x0000000000015dac                _RTC_WriteRAM
                0x0000000000015dd6                RTC_SetStartIdx
                0x0000000000015df6                RTC_SetEndIdx
                0x0000000000015e16                RTC_RetrieveIndex
                0x0000000000015f0e                RTC_SetCheckTimeBytes
                0x0000000000015f76                RTC_SetSaveTimeBytes
                0x0000000000015fde                RTC_SetReportTimeBytes
                0x0000000000016046                RTC_SetPulseBytes
                0x00000000000160b2                RTC_IncPulseBytes
                0x00000000000161b6                _RTC_ReadRAM
                0x00000000000161ec                RTC_ReadStartIdx
                0x000000000001624a                RTC_ReadEndIdx
                0x00000000000162a8                RTC_ReadCheckTimeBytes
                0x000000000001638a                RTC_ReadCheckTimeStr5_A
                0x0000000000016494                RTC_ReadSaveTimeBytes
                0x0000000000016576                RTC_ReadSaveTimeStr5_A
                0x0000000000016682                RTC_ReadReportTimeBytes
                0x0000000000016764                RTC_ReadReportTimeStr5_A
                0x0000000000016870                RTC_RetrievePulseBytes
                0x0000000000016900                RTC_ReadPulseBytes
                0x00000000000169a6                _BCDtoDEC
                0x00000000000169c0                _DECtoBCD
                0x00000000000169e4                _RTC_delay
                0x00000000000169f0                RTC_Close
                0x00000000000169f4                _RTC_Set_RST_low
                0x00000000000169fc                _RTC_Set_RST_high
                0x0000000000016a04                _RTC_Set_SCLK_low
                0x0000000000016a0a                _RTC_Set_SCLK_high
                0x0000000000016a10                _RTC_Set_IO_low
                0x0000000000016a16                _RTC_Set_IO_high
                0x0000000000016a1c                _RTC_Set_IO_IN
                0x0000000000016a22                _RTC_RecvByte
                0x0000000000016a66                _RTC_Set_IO_OUT
                0x0000000000016a6c                _RTC_SendByte
                0x0000000000016aaa                _RTC_MultiRead
                0x0000000000016adc                _RTC_MultiWrite
                0x0000000000016b0c                IIC_SCL_HIGH
                0x0000000000016b12                IIC_SCL_LOW
                0x0000000000016b18                IIC_SDA_HIGH
                0x0000000000016b1e                IIC_SDA_LOW
                0x0000000000016b24                READ_SDA
                0x0000000000016b32                IIC_Init
                0x0000000000016b34                IIC_Start
                0x0000000000016b66                IIC_Stop
                0x0000000000016b98                IIC_Wait_Ack
                0x0000000000016be0                IIC_Ack
                0x0000000000016c12                IIC_NAck
                0x0000000000016c44                IIC_Send_Byte
                0x0000000000016ca6                _RTC_Write_OneByte
                0x0000000000016cd4                _RTC_SetTime
                0x0000000000016df0                RTC_SetTimeStr6_A
                0x0000000000016ea6                RTC_SetTimeStr6_B
                0x0000000000016f5c                RTC_SetTimeBytes6
                0x0000000000016f9a                RTC_Open
                0x0000000000016fde                IIC_Read_Byte
                0x000000000001703e                _RTC_Read_OneByte
                0x000000000001707a                _RTC_ReadSecond
                0x0000000000017086                RTC_SetTimeStr5_B
                0x0000000000017128                RTC_SetTimeBytes5
                0x0000000000017166                _RTC_ReadTime
                0x000000000001721e                RTC_ReadTimeStr6_A
                0x0000000000017376                RTC_ReadTimeStr5_A
                0x00000000000174a4                RTC_ReadTimeStr6_B
                0x00000000000175de                RTC_ReadTimeStr5_B
                0x00000000000176f4                RTC_ReadTimeBytes5
                0x0000000000017744                RTC_ReadTimeBytes6
                0x000000000001778e                _RTC_Go
                0x00000000000177a2                _RTC_Pause
                0x00000000000177b6                _RTC_Check
 .text          0x00000000000177da     0x12ce store.o
                0x00000000000177da                Store_Init
                0x00000000000177e0                Store_ReadDataMaxStr
                0x0000000000017842                Store_ReadDataMaxInt
                0x000000000001789e                Store_SetDataMaxInt
                0x0000000000017902                Store_ReadDataMinStr
                0x0000000000017968                Store_ReadDataMinInt
                0x00000000000179c8                Store_SetDataMinInt
                0x0000000000017a22                Store_ReadConfig
                0x0000000000017a46                Store_SetConfig
                0x0000000000017a6a                Store_ReadDeviceNO
                0x0000000000017a92                Store_SetDeviceNO
                0x0000000000017aba                Store_ReadPassword
                0x0000000000017ae2                Store_SetPassword
                0x0000000000017b0a                Store_SetWIFIConfigFlag
                0x0000000000017b32                Store_ReadWIFIConfigFlag
                0x0000000000017b5a                Store_ReadWorkMode
                0x0000000000017b84                Store_SetWorkMode
                0x0000000000017bae                Store_ReadSystemType
                0x0000000000017bd8                Store_SetSystemType
                0x0000000000017bf0                Store_ReadAnalogSelect
                0x0000000000017c1a                Store_SetAnalogSelect
                0x0000000000017c32                Store_SetAnalogSelectStr
                0x0000000000017c6a                Store_ReadPulseSelect
                0x0000000000017c94                Store_SetPulseSelect
                0x0000000000017cac                Store_SetPulseSelectStr
                0x0000000000017cec                Store_ReadIoSelect
                0x0000000000017d16                Store_SetIoSelect
                0x0000000000017d2e                Store_SetIoSelectStr
                0x0000000000017d66                Store_ReadPulseRate
                0x0000000000017dac                Store_SetPulseRate
                0x0000000000017ddc                Store_ReadPulseRange
                0x0000000000017e22                Store_SetPulseRange
                0x0000000000017e52                Store_ReadPulseRangeBytes
                0x0000000000017f8e                Store_ReadIoDirConfig
                0x0000000000017fb8                Store_ReadIoDirConfigStr
                0x000000000001800c                Store_SetIoDirConfig
                0x0000000000018024                Store_SetIoDirConfigStr
                0x000000000001805c                Store_ReadIoLevelConfig
                0x0000000000018086                Store_ReadIoLevelConfigStr
                0x00000000000180da                Store_SetIoLevelConfig
                0x00000000000180f2                Store_SetIoLevelConfigStr
                0x000000000001812a                Store_ReadReportTimeMode
                0x0000000000018152                Store_SetReportTimeMode
                0x000000000001817a                Store_ReadSaveTimeMode
                0x00000000000181a2                Store_SetSaveTimeMode
                0x00000000000181cc                Store_SetHydrologyConfigData
                0x000000000001823c                Store_ReadHydrologyConfigData
                0x00000000000182a8                Store_GSM_ReadCenterPhone
                0x00000000000182fc                Store_GSM_SetCenterPhone
                0x0000000000018350                Store_CheckDataItemSended
                0x00000000000183b8                Store_MarkDataItemSended
                0x0000000000018414                Store_ClearWork
                0x0000000000018466                Store_WriteDataItem
                0x0000000000018520                Store_WriteDataItemAuto
                0x000000000001858a                Store_ReadDataItem
                0x0000000000018806                New_Store_ReadDataItem
 .text          0x0000000000018aa8      0x58a uart0.o
                0x0000000000018aa8                UART0_ClearBuffer
                0x0000000000018ae2                UART0_Open
                0x0000000000018b18                UART0_Open_9600
                0x0000000000018b66                Wifi_Uart0_Open
                0x0000000000018ba0                UART0_Close
                0x0000000000018baa                UART0_WaitInput
                0x0000000000018bda                UART0_ClearInput
                0x0000000000018be2                UART0_Send
                0x0000000000018c78                GPRS_RecvLineTry
                0x0000000000018cd0                UART0_RecvLine
                0x0000000000018d42                UART0_RecvLineTry
                0x0000000000018db6                UART0_RecvLineWait
                0x0000000000018e4a                New_UART0_RecvLineWait
                0x0000000000018e7c                UART0_RecvLineLongWait
                0x0000000000018f10                UART0_RX_ISR
 .text          0x0000000000019032      0x472 uart3.o
                0x0000000000019032                UART3_ClearBuffer
                0x0000000000019068                UART3_Open
                0x00000000000190a0                UART3_Open_9600
                0x00000000000190d8                UART3_Close
                0x00000000000190e2                UART3_Send
                0x000000000001917e                UART3_SendtoInt
                0x0000000000019194                UART3_RecvLine
                0x0000000000019206                UART3_RecvLineTry
                0x00000000000192a6                UART3_RecvLineWait
                0x0000000000019332                UART3_RecvLineLongWait
                0x00000000000193be                UART3_RX_ISR
 .text          0x00000000000194a4      0xba4 wifi_config.o
                0x00000000000194a4                getParaMemberandLen
                0x00000000000195c4                WIFI_Write
                0x00000000000195de                WIFI_InitCmd
                0x000000000001971e                WIFI_Server_Start
                0x000000000001976e                WIFI_Close
                0x000000000001977c                WIFI_ClearBuffer
                0x0000000000019782                WIFI_Open
                0x0000000000019802                WIFI_ReceiveConfigDataProcess
                0x0000000000019974                indexOfColon
                0x0000000000019990                WIFI_ParseData
                0x0000000000019a50                WIFI_GetHydrologyConfigData
                0x0000000000019b70                WIFI_RecvLineTry
                0x0000000000019b76                WIFI_WaitSendResult
                0x0000000000019bf2                WIFI_SendData
                0x0000000000019cae                WIFI_GetCIPStatus
                0x0000000000019cbc                WIFI_ReceiveDataProcess
                0x0000000000019daa                WIFI_Console_Hydrology
                0x0000000000019f96                WIFI_HydrologyConfigProcess
 .text.__extendsfdf2
                0x000000000001a048       0x58 /home/howard/app/ti/msp430-gcc/bin/../lib/gcc/msp430-elf/8.3.0/libgcc.a(_sf_to_df.o)
                0x000000000001a048                __mspabi_cvtfd
 .text._fpadd_parts
                0x000000000001a0a0      0x582 /home/howard/app/ti/msp430-gcc/bin/../lib/gcc/msp430-elf/8.3.0/libgcc.a(_addsub_df.o)
 .text.__subdf3
                0x000000000001a622       0x66 /home/howard/app/ti/msp430-gcc/bin/../lib/gcc/msp430-elf/8.3.0/libgcc.a(_addsub_df.o)
                0x000000000001a622                __mspabi_subd
 .text.__muldf3
                0x000000000001a688      0x53c /home/howard/app/ti/msp430-gcc/bin/../lib/gcc/msp430-elf/8.3.0/libgcc.a(_mul_df.o)
                0x000000000001a688                __mspabi_mpyd
 .text.__floatsidf
                0x000000000001abc4       0x8e /home/howard/app/ti/msp430-gcc/bin/../lib/gcc/msp430-elf/8.3.0/libgcc.a(_si_to_df.o)
                0x000000000001abc4                __mspabi_fltlid
 .text.__fixdfsi
                0x000000000001ac52       0x9a /home/howard/app/ti/msp430-gcc/bin/../lib/gcc/msp430-elf/8.3.0/libgcc.a(_df_to_si.o)
                0x000000000001ac52                __mspabi_fixdli
 .text.__make_dp
                0x000000000001acec       0x34 /home/howard/app/ti/msp430-gcc/bin/../lib/gcc/msp430-elf/8.3.0/libgcc.a(_make_df.o)
                0x000000000001acec                __make_dp
 .text.__truncdfsf2
                0x000000000001ad20       0x66 /home/howard/app/ti/msp430-gcc/bin/../lib/gcc/msp430-elf/8.3.0/libgcc.a(_df_to_sf.o)
                0x000000000001ad20                __mspabi_cvtdf
 .text.udivmodhi4
                0x000000000001ad86       0x3c /home/howard/app/ti/msp430-gcc/bin/../lib/gcc/msp430-elf/8.3.0/libgcc.a(lib2divHI.o)
                0x000000000001ad86                udivmodhi4
 .text.__divhi3
                0x000000000001adc2       0x32 /home/howard/app/ti/msp430-gcc/bin/../lib/gcc/msp430-elf/8.3.0/libgcc.a(lib2divHI.o)
                0x000000000001adc2                __mspabi_divi
 .text.__modhi3
                0x000000000001adf4       0x30 /home/howard/app/ti/msp430-gcc/bin/../lib/gcc/msp430-elf/8.3.0/libgcc.a(lib2divHI.o)
                0x000000000001adf4                __mspabi_remi
 .text.__udivhi3
                0x000000000001ae24        0x8 /home/howard/app/ti/msp430-gcc/bin/../lib/gcc/msp430-elf/8.3.0/libgcc.a(lib2divHI.o)
                0x000000000001ae24                __mspabi_divu
 .text.__umodhi3
                0x000000000001ae2c        0x8 /home/howard/app/ti/msp430-gcc/bin/../lib/gcc/msp430-elf/8.3.0/libgcc.a(lib2divHI.o)
                0x000000000001ae2c                __mspabi_remu
 .text.udivmodsi4
                0x000000000001ae34       0x80 /home/howard/app/ti/msp430-gcc/bin/../lib/gcc/msp430-elf/8.3.0/libgcc.a(lib2divSI.o)
                0x000000000001ae34                udivmodsi4
 .text.__divsi3
                0x000000000001aeb4       0x58 /home/howard/app/ti/msp430-gcc/bin/../lib/gcc/msp430-elf/8.3.0/libgcc.a(lib2divSI.o)
                0x000000000001aeb4                __mspabi_divli
 .text.__udivsi3
                0x000000000001af0c        0xe /home/howard/app/ti/msp430-gcc/bin/../lib/gcc/msp430-elf/8.3.0/libgcc.a(lib2divSI.o)
                0x000000000001af0c                __mspabi_divul
                0x000000000001af0c                __mspabi_divlu
 .text.__umodsi3
                0x000000000001af1a        0xe /home/howard/app/ti/msp430-gcc/bin/../lib/gcc/msp430-elf/8.3.0/libgcc.a(lib2divSI.o)
                0x000000000001af1a                __mspabi_remul
 .text.__mspabi_slli
                0x000000000001af28        0xa /home/howard/app/ti/msp430-gcc/bin/../lib/gcc/msp430-elf/8.3.0/libgcc.a(slli.o)
                0x000000000001af2c                __mspabi_slli
 .text.__mspabi_slll_n
                0x000000000001af32       0x3e /home/howard/app/ti/msp430-gcc/bin/../lib/gcc/msp430-elf/8.3.0/libgcc.a(slli.o)
                0x000000000001af32                __mspabi_slll_15
                0x000000000001af36                __mspabi_slll_14
                0x000000000001af3a                __mspabi_slll_13
                0x000000000001af3e                __mspabi_slll_12
                0x000000000001af42                __mspabi_slll_11
                0x000000000001af46                __mspabi_slll_10
                0x000000000001af4a                __mspabi_slll_9
                0x000000000001af4e                __mspabi_slll_8
                0x000000000001af52                __mspabi_slll_7
                0x000000000001af56                __mspabi_slll_6
                0x000000000001af5a                __mspabi_slll_5
                0x000000000001af5e                __mspabi_slll_4
                0x000000000001af62                __mspabi_slll_3
                0x000000000001af66                __mspabi_slll_2
                0x000000000001af6a                __mspabi_slll_1
 .text.__mspabi_slll
                0x000000000001af70        0xc /home/howard/app/ti/msp430-gcc/bin/../lib/gcc/msp430-elf/8.3.0/libgcc.a(slli.o)
                0x000000000001af76                __mspabi_slll
 .text.__mspabi_sllll
                0x000000000001af7c       0x1e /home/howard/app/ti/msp430-gcc/bin/../lib/gcc/msp430-elf/8.3.0/libgcc.a(slli.o)
                0x000000000001af7c                __mspabi_sllll
 .text.__mspabi_srai
                0x000000000001af9a        0xa /home/howard/app/ti/msp430-gcc/bin/../lib/gcc/msp430-elf/8.3.0/libgcc.a(srai.o)
                0x000000000001af9e                __mspabi_srai
 .text.__mspabi_sral_n
                0x000000000001afa4       0x3e /home/howard/app/ti/msp430-gcc/bin/../lib/gcc/msp430-elf/8.3.0/libgcc.a(srai.o)
                0x000000000001afa4                __mspabi_sral_15
                0x000000000001afa8                __mspabi_sral_14
                0x000000000001afac                __mspabi_sral_13
                0x000000000001afb0                __mspabi_sral_12
                0x000000000001afb4                __mspabi_sral_11
                0x000000000001afb8                __mspabi_sral_10
                0x000000000001afbc                __mspabi_sral_9
                0x000000000001afc0                __mspabi_sral_8
                0x000000000001afc4                __mspabi_sral_7
                0x000000000001afc8                __mspabi_sral_6
                0x000000000001afcc                __mspabi_sral_5
                0x000000000001afd0                __mspabi_sral_4
                0x000000000001afd4                __mspabi_sral_3
                0x000000000001afd8                __mspabi_sral_2
                0x000000000001afdc                __mspabi_sral_1
 .text.__mspabi_sral
                0x000000000001afe2        0xc /home/howard/app/ti/msp430-gcc/bin/../lib/gcc/msp430-elf/8.3.0/libgcc.a(srai.o)
                0x000000000001afe8                __mspabi_sral
 .text.__mspabi_srall
                0x000000000001afee       0x1e /home/howard/app/ti/msp430-gcc/bin/../lib/gcc/msp430-elf/8.3.0/libgcc.a(srai.o)
                0x000000000001afee                __mspabi_srall
 .text.__mspabi_srli_n
                0x000000000001b00c       0x3e /home/howard/app/ti/msp430-gcc/bin/../lib/gcc/msp430-elf/8.3.0/libgcc.a(srli.o)
                0x000000000001b00c                __mspabi_srli_15
                0x000000000001b010                __mspabi_srli_14
                0x000000000001b014                __mspabi_srli_13
                0x000000000001b018                __mspabi_srli_12
                0x000000000001b01c                __mspabi_srli_11
                0x000000000001b020                __mspabi_srli_10
                0x000000000001b024                __mspabi_srli_9
                0x000000000001b028                __mspabi_srli_8
                0x000000000001b02c                __mspabi_srli_7
                0x000000000001b030                __mspabi_srli_6
                0x000000000001b034                __mspabi_srli_5
                0x000000000001b038                __mspabi_srli_4
                0x000000000001b03c                __mspabi_srli_3
                0x000000000001b040                __mspabi_srli_2
                0x000000000001b044                __mspabi_srli_1
 .text.__mspabi_srll_n
                0x000000000001b04a       0x5c /home/howard/app/ti/msp430-gcc/bin/../lib/gcc/msp430-elf/8.3.0/libgcc.a(srli.o)
                0x000000000001b04a                __mspabi_srll_15
                0x000000000001b050                __mspabi_srll_14
                0x000000000001b056                __mspabi_srll_13
                0x000000000001b05c                __mspabi_srll_12
                0x000000000001b062                __mspabi_srll_11
                0x000000000001b068                __mspabi_srll_10
                0x000000000001b06e                __mspabi_srll_9
                0x000000000001b074                __mspabi_srll_8
                0x000000000001b07a                __mspabi_srll_7
                0x000000000001b080                __mspabi_srll_6
                0x000000000001b086                __mspabi_srll_5
                0x000000000001b08c                __mspabi_srll_4
                0x000000000001b092                __mspabi_srll_3
                0x000000000001b098                __mspabi_srll_2
                0x000000000001b09e                __mspabi_srll_1
 .text.__mspabi_srll
                0x000000000001b0a6        0xe /home/howard/app/ti/msp430-gcc/bin/../lib/gcc/msp430-elf/8.3.0/libgcc.a(srli.o)
                0x000000000001b0ae                __mspabi_srll
 .text.__mspabi_srlll
                0x000000000001b0b4       0x20 /home/howard/app/ti/msp430-gcc/bin/../lib/gcc/msp430-elf/8.3.0/libgcc.a(srli.o)
                0x000000000001b0b4                __mspabi_srlll
 .text.__clzsi2
                0x000000000001b0d4       0x42 /home/howard/app/ti/msp430-gcc/bin/../lib/gcc/msp430-elf/8.3.0/libgcc.a(_clzsi2.o)
                0x000000000001b0d4                __clzsi2
 .text.__pack_f
                0x000000000001b116      0x13e /home/howard/app/ti/msp430-gcc/bin/../lib/gcc/msp430-elf/8.3.0/libgcc.a(_pack_sf.o)
                0x000000000001b116                __pack_f
 .text.__unpack_f
                0x000000000001b254       0xd6 /home/howard/app/ti/msp430-gcc/bin/../lib/gcc/msp430-elf/8.3.0/libgcc.a(_unpack_sf.o)
                0x000000000001b254                __unpack_f
 .text.__make_fp
                0x000000000001b32a       0x3a /home/howard/app/ti/msp430-gcc/bin/../lib/gcc/msp430-elf/8.3.0/libgcc.a(_make_sf.o)
                0x000000000001b32a                __make_fp
 .text.__pack_d
                0x000000000001b364      0x2ae /home/howard/app/ti/msp430-gcc/bin/../lib/gcc/msp430-elf/8.3.0/libgcc.a(_pack_df.o)
                0x000000000001b364                __pack_d
 .text.__unpack_d
                0x000000000001b612      0x136 /home/howard/app/ti/msp430-gcc/bin/../lib/gcc/msp430-elf/8.3.0/libgcc.a(_unpack_df.o)
                0x000000000001b612                __unpack_d
 .text.__mulhi2_f5
                0x000000000001b748       0x14 /home/howard/app/ti/msp430-gcc/bin/../lib/gcc/msp430-elf/8.3.0/libmul_f5.a(lib2hw_mul_f5.o)
                0x000000000001b748                __mulhi2_f5
                0x000000000001b748                __mspabi_mpyi_f5hw
                0x000000000001b748                __mspabi_mpyi
 .text.__mulsi2_f5
                0x000000000001b75c       0x20 /home/howard/app/ti/msp430-gcc/bin/../lib/gcc/msp430-elf/8.3.0/libmul_f5.a(lib2hw_mul_f5.o)
                0x000000000001b75c                __mspabi_mpyl
                0x000000000001b75c                __mspabi_mpyl_f5hw
                0x000000000001b75c                __mulsi2_f5
 .text.abort    0x000000000001b77c        0xe /home/howard/app/ti/msp430-gcc/bin/../lib/gcc/msp430-elf/8.3.0/../../../../msp430-elf/lib/libc.a(lib_a-abort.o)
                0x000000000001b77c                abort
 .text.atoi     0x000000000001b78a        0xc /home/howard/app/ti/msp430-gcc/bin/../lib/gcc/msp430-elf/8.3.0/../../../../msp430-elf/lib/libc.a(lib_a-atoi.o)
                0x000000000001b78a                atoi
 .text.malloc   0x000000000001b796        0xc /home/howard/app/ti/msp430-gcc/bin/../lib/gcc/msp430-elf/8.3.0/../../../../msp430-elf/lib/libc.a(lib_a-malloc.o)
                0x000000000001b796                malloc
 .text.free     0x000000000001b7a2        0xc /home/howard/app/ti/msp430-gcc/bin/../lib/gcc/msp430-elf/8.3.0/../../../../msp430-elf/lib/libc.a(lib_a-malloc.o)
                0x000000000001b7a2                free
 .text.memcpy   0x000000000001b7ae       0x1c /home/howard/app/ti/msp430-gcc/bin/../lib/gcc/msp430-elf/8.3.0/../../../../msp430-elf/lib/libc.a(lib_a-memcpy.o)
                0x000000000001b7ae                memcpy
 .text.memset   0x000000000001b7ca       0x14 /home/howard/app/ti/msp430-gcc/bin/../lib/gcc/msp430-elf/8.3.0/../../../../msp430-elf/lib/libc.a(lib_a-memset.o)
                0x000000000001b7ca                memset
 .text._free_r  0x000000000001b7de       0xe6 /home/howard/app/ti/msp430-gcc/bin/../lib/gcc/msp430-elf/8.3.0/../../../../msp430-elf/lib/libc.a(lib_a-nano-freer.o)
                0x000000000001b7de                _free_r
 .text._malloc_r
                0x000000000001b8c4       0xec /home/howard/app/ti/msp430-gcc/bin/../lib/gcc/msp430-elf/8.3.0/../../../../msp430-elf/lib/libc.a(lib_a-nano-mallocr.o)
                0x000000000001b8c4                _malloc_r
 .text.printf   0x000000000001b9b0       0x2e /home/howard/app/ti/msp430-gcc/bin/../lib/gcc/msp430-elf/8.3.0/../../../../msp430-elf/lib/libc.a(lib_a-printf.o)
                0x000000000001b9b0                printf
                0x000000000001b9b0                iprintf
 .text.putchar  0x000000000001b9de       0x28 /home/howard/app/ti/msp430-gcc/bin/../lib/gcc/msp430-elf/8.3.0/../../../../msp430-elf/lib/libc.a(lib_a-putchar.o)
                0x000000000001b9de                putchar
 .text._putc_r  0x000000000001ba06       0x80 /home/howard/app/ti/msp430-gcc/bin/../lib/gcc/msp430-elf/8.3.0/../../../../msp430-elf/lib/libc.a(lib_a-putc.o)
                0x000000000001ba06                _putc_r
 .text._puts_r  0x000000000001ba86       0xb8 /home/howard/app/ti/msp430-gcc/bin/../lib/gcc/msp430-elf/8.3.0/../../../../msp430-elf/lib/libc.a(lib_a-puts.o)
                0x000000000001ba86                _puts_r
 .text.puts     0x000000000001bb3e        0xc /home/howard/app/ti/msp430-gcc/bin/../lib/gcc/msp430-elf/8.3.0/../../../../msp430-elf/lib/libc.a(lib_a-puts.o)
                0x000000000001bb3e                puts
 .text._sbrk_r  0x000000000001bb4a       0x22 /home/howard/app/ti/msp430-gcc/bin/../lib/gcc/msp430-elf/8.3.0/../../../../msp430-elf/lib/libc.a(lib_a-sbrkr.o)
                0x000000000001bb4a                _sbrk_r
 .text._raise_r
                0x000000000001bb6c       0x5c /home/howard/app/ti/msp430-gcc/bin/../lib/gcc/msp430-elf/8.3.0/../../../../msp430-elf/lib/libc.a(lib_a-signal.o)
                0x000000000001bb6c                _raise_r
 .text.raise    0x000000000001bbc8        0xc /home/howard/app/ti/msp430-gcc/bin/../lib/gcc/msp430-elf/8.3.0/../../../../msp430-elf/lib/libc.a(lib_a-signal.o)
                0x000000000001bbc8                raise
 .text._kill_r  0x000000000001bbd4       0x24 /home/howard/app/ti/msp430-gcc/bin/../lib/gcc/msp430-elf/8.3.0/../../../../msp430-elf/lib/libc.a(lib_a-signalr.o)
                0x000000000001bbd4                _kill_r
 .text._getpid_r
                0x000000000001bbf8        0x6 /home/howard/app/ti/msp430-gcc/bin/../lib/gcc/msp430-elf/8.3.0/../../../../msp430-elf/lib/libc.a(lib_a-signalr.o)
                0x000000000001bbf8                _getpid_r
 .text.sprintf  0x000000000001bbfe       0x42 /home/howard/app/ti/msp430-gcc/bin/../lib/gcc/msp430-elf/8.3.0/../../../../msp430-elf/lib/libc.a(lib_a-sprintf.o)
                0x000000000001bbfe                sprintf
                0x000000000001bbfe                siprintf
 .text.strchr   0x000000000001bc40       0x1c /home/howard/app/ti/msp430-gcc/bin/../lib/gcc/msp430-elf/8.3.0/../../../../msp430-elf/lib/libc.a(lib_a-strchr.o)
                0x000000000001bc40                strchr
 .text.strlen   0x000000000001bc5c       0x12 /home/howard/app/ti/msp430-gcc/bin/../lib/gcc/msp430-elf/8.3.0/../../../../msp430-elf/lib/libc.a(lib_a-strlen.o)
                0x000000000001bc5c                strlen
 .text.strstr   0x000000000001bc6e       0x3c /home/howard/app/ti/msp430-gcc/bin/../lib/gcc/msp430-elf/8.3.0/../../../../msp430-elf/lib/libc.a(lib_a-strstr.o)
                0x000000000001bc6e                strstr
 .text.strtok   0x000000000001bcaa       0x80 /home/howard/app/ti/msp430-gcc/bin/../lib/gcc/msp430-elf/8.3.0/../../../../msp430-elf/lib/libc.a(lib_a-strtok.o)
                0x000000000001bcaa                strtok
 .text.__strtok_r
                0x000000000001bd2a       0x68 /home/howard/app/ti/msp430-gcc/bin/../lib/gcc/msp430-elf/8.3.0/../../../../msp430-elf/lib/libc.a(lib_a-strtok_r.o)
                0x000000000001bd2a                __strtok_r
 .text._strtol_r
                0x000000000001bd92      0x1c2 /home/howard/app/ti/msp430-gcc/bin/../lib/gcc/msp430-elf/8.3.0/../../../../msp430-elf/lib/libc.a(lib_a-strtol.o)
                0x000000000001bd92                _strtol_r
 .text.strtol   0x000000000001bf54       0x10 /home/howard/app/ti/msp430-gcc/bin/../lib/gcc/msp430-elf/8.3.0/../../../../msp430-elf/lib/libc.a(lib_a-strtol.o)
                0x000000000001bf54                strtol
 .text.__swbuf_r
                0x000000000001bf64       0xca /home/howard/app/ti/msp430-gcc/bin/../lib/gcc/msp430-elf/8.3.0/../../../../msp430-elf/lib/libc.a(lib_a-wbuf.o)
                0x000000000001bf64                __swbuf_r
 .text.__swsetup_r
                0x000000000001c02e       0xf4 /home/howard/app/ti/msp430-gcc/bin/../lib/gcc/msp430-elf/8.3.0/../../../../msp430-elf/lib/libc.a(lib_a-wsetup.o)
                0x000000000001c02e                __swsetup_r
 .text.__sflush_r
                0x000000000001c122      0x184 /home/howard/app/ti/msp430-gcc/bin/../lib/gcc/msp430-elf/8.3.0/../../../../msp430-elf/lib/libc.a(lib_a-fflush.o)
                0x000000000001c122                __sflush_r
 .text._fflush_r
                0x000000000001c2a6       0x58 /home/howard/app/ti/msp430-gcc/bin/../lib/gcc/msp430-elf/8.3.0/../../../../msp430-elf/lib/libc.a(lib_a-fflush.o)
                0x000000000001c2a6                _fflush_r
 .text._cleanup_r
                0x000000000001c2fe        0xa /home/howard/app/ti/msp430-gcc/bin/../lib/gcc/msp430-elf/8.3.0/../../../../msp430-elf/lib/libc.a(lib_a-findfp.o)
                0x000000000001c2fe                _cleanup_r
 .text.std.isra.0
                0x000000000001c308       0x56 /home/howard/app/ti/msp430-gcc/bin/../lib/gcc/msp430-elf/8.3.0/../../../../msp430-elf/lib/libc.a(lib_a-findfp.o)
 .text.__sfmoreglue
                0x000000000001c35e       0x44 /home/howard/app/ti/msp430-gcc/bin/../lib/gcc/msp430-elf/8.3.0/../../../../msp430-elf/lib/libc.a(lib_a-findfp.o)
                0x000000000001c35e                __sfmoreglue
 .text.__sinit  0x000000000001c3a2       0x70 /home/howard/app/ti/msp430-gcc/bin/../lib/gcc/msp430-elf/8.3.0/../../../../msp430-elf/lib/libc.a(lib_a-findfp.o)
                0x000000000001c3a2                __sinit
 .text.__sfp    0x000000000001c412       0xac /home/howard/app/ti/msp430-gcc/bin/../lib/gcc/msp430-elf/8.3.0/../../../../msp430-elf/lib/libc.a(lib_a-findfp.o)
                0x000000000001c412                __sfp
 .text.__sfp_lock_acquire
                0x000000000001c4be        0x2 /home/howard/app/ti/msp430-gcc/bin/../lib/gcc/msp430-elf/8.3.0/../../../../msp430-elf/lib/libc.a(lib_a-findfp.o)
                0x000000000001c4be                __sfp_lock_acquire
 .text.__sfp_lock_release
                0x000000000001c4c0        0x2 /home/howard/app/ti/msp430-gcc/bin/../lib/gcc/msp430-elf/8.3.0/../../../../msp430-elf/lib/libc.a(lib_a-findfp.o)
                0x000000000001c4c0                __sfp_lock_release
 .text.__sfvwrite_r
                0x000000000001c4c2      0x2f8 /home/howard/app/ti/msp430-gcc/bin/../lib/gcc/msp430-elf/8.3.0/../../../../msp430-elf/lib/libc.a(lib_a-fvwrite.o)
                0x000000000001c4c2                __sfvwrite_r
 .text._fwalk_reent
                0x000000000001c7ba       0x4c /home/howard/app/ti/msp430-gcc/bin/../lib/gcc/msp430-elf/8.3.0/../../../../msp430-elf/lib/libc.a(lib_a-fwalk.o)
                0x000000000001c7ba                _fwalk_reent
 .text.__locale_charset
                0x000000000001c806        0x6 /home/howard/app/ti/msp430-gcc/bin/../lib/gcc/msp430-elf/8.3.0/../../../../msp430-elf/lib/libc.a(lib_a-locale.o)
                0x000000000001c806                __locale_charset
 .text.__locale_mb_cur_max
                0x000000000001c80c        0x6 /home/howard/app/ti/msp430-gcc/bin/../lib/gcc/msp430-elf/8.3.0/../../../../msp430-elf/lib/libc.a(lib_a-locale.o)
                0x000000000001c80c                __locale_mb_cur_max
 .text.__swhatbuf_r
                0x000000000001c812       0x68 /home/howard/app/ti/msp430-gcc/bin/../lib/gcc/msp430-elf/8.3.0/../../../../msp430-elf/lib/libc.a(lib_a-makebuf.o)
                0x000000000001c812                __swhatbuf_r
 .text.__smakebuf_r
                0x000000000001c87a       0x86 /home/howard/app/ti/msp430-gcc/bin/../lib/gcc/msp430-elf/8.3.0/../../../../msp430-elf/lib/libc.a(lib_a-makebuf.o)
                0x000000000001c87a                __smakebuf_r
 .text.memchr   0x000000000001c900       0x18 /home/howard/app/ti/msp430-gcc/bin/../lib/gcc/msp430-elf/8.3.0/../../../../msp430-elf/lib/libc.a(lib_a-memchr.o)
                0x000000000001c900                memchr
 .text.memmove  0x000000000001c918       0x46 /home/howard/app/ti/msp430-gcc/bin/../lib/gcc/msp430-elf/8.3.0/../../../../msp430-elf/lib/libc.a(lib_a-memmove.o)
                0x000000000001c918                memmove
 .text._realloc_r
                0x000000000001c95e       0x52 /home/howard/app/ti/msp430-gcc/bin/../lib/gcc/msp430-elf/8.3.0/../../../../msp430-elf/lib/libc.a(lib_a-nano-reallocr.o)
                0x000000000001c95e                _realloc_r
 .text.__ssputs_r
                0x000000000001c9b0       0xd2 /home/howard/app/ti/msp430-gcc/bin/../lib/gcc/msp430-elf/8.3.0/../../../../msp430-elf/lib/libc.a(lib_a-nano-svfprintf.o)
                0x000000000001c9b0                __ssputs_r
 .text._svfprintf_r
                0x000000000001ca82      0x27c /home/howard/app/ti/msp430-gcc/bin/../lib/gcc/msp430-elf/8.3.0/../../../../msp430-elf/lib/libc.a(lib_a-nano-svfprintf.o)
                0x000000000001ca82                _svfprintf_r
                0x000000000001ca82                _svfiprintf_r
 .text._printf_common
                0x000000000001ccfe       0xfe /home/howard/app/ti/msp430-gcc/bin/../lib/gcc/msp430-elf/8.3.0/../../../../msp430-elf/lib/libc.a(lib_a-nano-vfprintf_i.o)
                0x000000000001ccfe                _printf_common
 .text._printf_i
                0x000000000001cdfc      0x320 /home/howard/app/ti/msp430-gcc/bin/../lib/gcc/msp430-elf/8.3.0/../../../../msp430-elf/lib/libc.a(lib_a-nano-vfprintf_i.o)
                0x000000000001cdfc                _printf_i
 .text.__sfputc_r
                0x000000000001d11c       0x34 /home/howard/app/ti/msp430-gcc/bin/../lib/gcc/msp430-elf/8.3.0/../../../../msp430-elf/lib/libc.a(lib_a-nano-vfprintf.o)
 .text.__sfputs_r
                0x000000000001d150       0x58 /home/howard/app/ti/msp430-gcc/bin/../lib/gcc/msp430-elf/8.3.0/../../../../msp430-elf/lib/libc.a(lib_a-nano-vfprintf.o)
                0x000000000001d150                __sfputs_r
 .text._vfprintf_r
                0x000000000001d1a8      0x292 /home/howard/app/ti/msp430-gcc/bin/../lib/gcc/msp430-elf/8.3.0/../../../../msp430-elf/lib/libc.a(lib_a-nano-vfprintf.o)
                0x000000000001d1a8                _vfiprintf_r
                0x000000000001d1a8                _vfprintf_r
 .text.__sread  0x000000000001d43a       0x38 /home/howard/app/ti/msp430-gcc/bin/../lib/gcc/msp430-elf/8.3.0/../../../../msp430-elf/lib/libc.a(lib_a-stdio.o)
                0x000000000001d43a                __sread
 .text.__swrite
                0x000000000001d472       0x3c /home/howard/app/ti/msp430-gcc/bin/../lib/gcc/msp430-elf/8.3.0/../../../../msp430-elf/lib/libc.a(lib_a-stdio.o)
                0x000000000001d472                __swrite
 .text.__sseek  0x000000000001d4ae       0x38 /home/howard/app/ti/msp430-gcc/bin/../lib/gcc/msp430-elf/8.3.0/../../../../msp430-elf/lib/libc.a(lib_a-stdio.o)
                0x000000000001d4ae                __sseek
 .text.__sclose
                0x000000000001d4e6        0xa /home/howard/app/ti/msp430-gcc/bin/../lib/gcc/msp430-elf/8.3.0/../../../../msp430-elf/lib/libc.a(lib_a-stdio.o)
                0x000000000001d4e6                __sclose
 .text._write_r
                0x000000000001d4f0       0x26 /home/howard/app/ti/msp430-gcc/bin/../lib/gcc/msp430-elf/8.3.0/../../../../msp430-elf/lib/libc.a(lib_a-writer.o)
                0x000000000001d4f0                _write_r
 .text._close_r
                0x000000000001d516       0x22 /home/howard/app/ti/msp430-gcc/bin/../lib/gcc/msp430-elf/8.3.0/../../../../msp430-elf/lib/libc.a(lib_a-closer.o)
                0x000000000001d516                _close_r