Warning[w6]: Type conflict for external/entry "camera", in module message against external/entry in module camera; function return types are different; different basic types
  /* In module message: */
  /* K&R Function, args 0, attr 0 */
  int (__cc_version2 camera)();
  /* In module camera: */
  /* K&R Function, args 0, attr 0 */
  void (__cc_version2 camera)();
Warning[w6]: Type conflict for external/entry "Read_Flash_Segment", in module hydrologycommand against external/entry in module flash; prototyped function vs K&R function
  /* In module hydrologycommand: */
  /* K&R Function, args 0, attr 0 */
  int (__cc_version2 Read_Flash_Segment)();
  /* In module flash: */
  /* Function, args 3, attr 0 */
  void (__cc_version2 Read_Flash_Segment)(unsigned long,
                                          char *,
                                          int);
Warning[w6]: Type conflict for external/entry "Write_Flash_Segment", in module hydrologycommand against external/entry in module flash; prototyped function vs K&R function
  /* In module hydrologycommand: */
  /* K&R Function, args 0, attr 0 */
  int (__cc_version2 Write_Flash_Segment)();
  /* In module flash: */
  /* Function, args 3, attr 0 */
  void (__cc_version2 Write_Flash_Segment)(unsigned long,
                                           char *,
                                           int);
Warning[w6]: Type conflict for external/entry "GSM_AT_QueryTime", in module hydrologytask against external/entry in module GSM; prototyped function vs K&R function
  /* In module hydrologytask: */
  /* K&R Function, args 0, attr 0 */
  int (__cc_version2 GSM_AT_QueryTime)();
  /* In module GSM: */
  /* Function, args 6, attr 0 */
  int (__cc_version2 GSM_AT_QueryTime)(char *,
                                       char *,
                                       char *,
                                       char *,
                                       char *,
                                       char *);
Warning[w6]: Type conflict for external/entry "GSM_Close", in module hydrologytask against external/entry in module GSM; prototyped function vs K&R function
  /* In module hydrologytask: */
  /* K&R Function, args 0, attr 0 */
  int (__cc_version2 GSM_Close)();
  /* In module GSM: */
  /* Function, args 1, attr 0 */
  int (__cc_version2 GSM_Close)(int);
Warning[w6]: Type conflict for external/entry "GSM_Process", in module main against external/entry in module GSM; prototyped function vs K&R function
  /* In module main: */
  /* K&R Function, args 0, attr 0 */
  int (__cc_version2 GSM_Process)();
  /* In module GSM: */
  /* Function, args 2, attr 0 */
  int (__cc_version2 GSM_Process)(int,
                                  int);
Warning[w6]: Type conflict for external/entry "GSM_SendMsgTxt", in module main against external/entry in module GSM; prototyped function vs K&R function
  /* In module main: */
  /* K&R Function, args 0, attr 0 */
  int (__cc_version2 GSM_SendMsgTxt)();
  /* In module GSM: */
  /* Function, args 3, attr 0 */
  int (__cc_version2 GSM_SendMsgTxt)(char *,
                                     char *,
                                     int);
Warning[w6]: Type conflict for external/entry "Led1_WorkLightOff", in module GTM900C against external/entry in module led; function return types are different; different basic types
  /* In module GTM900C: */
  /* K&R Function, args 0, attr 0 */
  int (__cc_version2 Led1_WorkLightOff)();
  /* In module led: */
  /* K&R Function, args 0, attr 0 */
  void (__cc_version2 Led1_WorkLightOff)();
Warning[w6]: Type conflict for external/entry "Led_OffAll", in module adc against external/entry in module led; function return types are different; different basic types
  /* In module adc: */
  /* K&R Function, args 0, attr 0 */
  int (__cc_version2 Led_OffAll)();
  /* In module led: */
  /* K&R Function, args 0, attr 0 */
  void (__cc_version2 Led_OffAll)();
Warning[w6]: Type conflict for external/entry "Is_RS485_1", in module hydrologycommand against external/entry in module main; different basic types
  /* In module hydrologycommand: */
  int Is_RS485_1;
  /* In module main: */
  bool Is_RS485_1;
Warning[w6]: Type conflict for external/entry "Is_uart1_RX_INT", in module hydrologycommand against external/entry in module main; different basic types
  /* In module hydrologycommand: */
  int Is_uart1_RX_INT;
  /* In module main: */
  bool Is_uart1_RX_INT;
Warning[w6]: Type conflict for external/entry "mallocElement", in module hydrologytask against external/entry in module message; prototyped function vs K&R function
  /* In module hydrologytask: */
  /* K&R Function, args 0, attr 0 */
  int (__cc_version2 mallocElement)();
  /* In module message: */
  /* Function, args 4, attr 0 */
  int (__cc_version2 mallocElement)(char,
                                    char,
                                    char,
                                    hydrologyElement *);
    typedef struct tagHydrologyElement hydrologyElement;
Warning[w6]: Type conflict for external/entry "_BCDtoHEX", in module hydrologycommand against external/entry in module rtc; prototyped function vs K&R function
  /* In module hydrologycommand: */
  /* K&R Function, args 0, attr 0 */
  int (__cc_version2 _BCDtoHEX)();
  /* In module rtc: */
  /* Function, args 1, attr 0 */
  char (__cc_version2 _BCDtoHEX)(char);
Warning[w6]: Type conflict for external/entry "led_flash_init", in module adc against external/entry in module sys_status; prototyped function vs K&R function
  /* In module adc: */
  /* K&R Function, args 0, attr 0 */
  int (__cc_version2 led_flash_init)();
  /* In module sys_status: */
  /* Function, args 1, attr 0 */
  void (__cc_version2 led_flash_init)(unsigned int);
Warning[w6]: Type conflict for external/entry "sys_error_status", in module timer against external/entry in module sys_status; prototyped function vs K&R function
  /* In module timer: */
  /* K&R Function, args 0, attr 0 */
  int (__cc_version2 sys_error_status)();
  /* In module sys_status: */
  /* Function, args 1, attr 0 */
  void (__cc_version2 sys_error_status)(unsigned int);
Warning[w6]: Type conflict for external/entry "Timer0_A0_Clear", in module adc against external/entry in module timer; function return types are different; different basic types
  /* In module adc: */
  /* K&R Function, args 0, attr 0 */
  int (__cc_version2 Timer0_A0_Clear)();
  /* In module timer: */
  /* K&R Function, args 0, attr 0 */
  void (__cc_version2 Timer0_A0_Clear)();
Warning[w6]: Type conflict for external/entry "Timer0_A0_Enable", in module adc against external/entry in module timer; function return types are different; different basic types
  /* In module adc: */
  /* K&R Function, args 0, attr 0 */
  int (__cc_version2 Timer0_A0_Enable)();
  /* In module timer: */
  /* K&R Function, args 0, attr 0 */
  void (__cc_version2 Timer0_A0_Enable)();
Warning[w6]: Type conflict for external/entry "Timer0_A0_Init", in module main against external/entry in module timer; prototyped function vs K&R function
  /* In module main: */
  /* K&R Function, args 0, attr 0 */
  int (__cc_version2 Timer0_A0_Init)();
  /* In module timer: */
  /* Function, args 1, attr 0 */
  void (__cc_version2 Timer0_A0_Init)(unsigned int);
Warning[w6]: Type conflict for external/entry "Timer1_A0_Init", in module main against external/entry in module timer; prototyped function vs K&R function
  /* In module main: */
  /* K&R Function, args 0, attr 0 */
  int (__cc_version2 Timer1_A0_Init)();
  /* In module timer: */
  /* Function, args 1, attr 0 */
  void (__cc_version2 Timer1_A0_Init)(unsigned int);
Warning[w6]: Type conflict for external/entry "sys_errorcode_runcode", in module uart_config against external/entry in module timer; different basic types
  /* In module uart_config: */
  int sys_errorcode_runcode;
  /* In module timer: */
  unsigned int sys_errorcode_runcode;
Warning[w6]: Type conflict for external/entry "Judge_Watermeter", in module uart3 against external/entry in module uart1; function return types are different; different basic types
  /* In module uart3: */
  /* K&R Function, args 0, attr 0 */
  int (__cc_version2 Judge_Watermeter)();
  /* In module uart1: */
  /* K&R Function, args 0, attr 0 */
  void (__cc_version2 Judge_Watermeter)();
Warning[w6]: Type conflict for external/entry "printf", in module ioDev against external/entry in module ?printf; prototyped function vs K&R function
  /* In module ioDev: */
  /* K&R Function, args 0, attr 0 */
  int (__cc_version2 printf)();
  /* In module ?printf: */
  /* Function, args 2, attr 0 */
  int (__cc_version2 printf)(char const *,
                             ...);
################################################################################
#                                                                              #
#      IAR Universal Linker V6.5.4.100                                         #
#                                                                              #
#           Link time     =  13/Dec/2020  10:49:25                             #
#           Target CPU    =  MSP430                                            #
#           List file     =  \\Mac\Home\work\RTUV3.3_GPRS-ÒªËØ»ùÖµ¿ÉÅä-ÐÞ¸Ä´æ´ #
#                            ¢ÒªËØÇøÓòÎªÆ¬ÄÚ-Â¬Òã20200505-Ë®ÎÄÐ­Òé-µØÏÂË®20053 #
#                            0\Debug\List\RTUtest_GP.map                       #
#           Output file 1 =  \\Mac\Home\work\RTUV3.3_GPRS-ÒªËØ»ùÖµ¿ÉÅä-ÐÞ¸Ä´æ´ #
#                            ¢ÒªËØÇøÓòÎªÆ¬ÄÚ-Â¬Òã20200505-Ë®ÎÄÐ­Òé-µØÏÂË®20053 #
#                            0\Debug\Exe\RTUtest_GP.d43                        #
#                            Format: ubrof10                                   #
#                            UBROF version 10.0.6                              #
#                            Using library modules for C-SPY (-rt)             #
#           Command line  =  -f C:\Users\83797\AppData\Local\Temp\EWF176.tmp   #
#                            (\\Mac\Home\work\RTUV3.3_GPRS-ÒªËØ»ùÖµ¿ÉÅä-ÐÞ¸Ä´æ #
#                            ´¢ÒªËØÇøÓòÎªÆ¬ÄÚ-Â¬Òã20200505-Ë®ÎÄÐ­Òé-µØÏÂË®2005 #
#                            30\Debug\Obj\adc.r43                              #
#                            \\Mac\Home\work\RTUV3.3_GPRS-ÒªËØ»ùÖµ¿ÉÅä-ÐÞ¸Ä´æ´ #
#                            ¢ÒªËØÇøÓòÎªÆ¬ÄÚ-Â¬Òã20200505-Ë®ÎÄÐ­Òé-µØÏÂË®20053 #
#                            0\Debug\Obj\adc10_a.r43                           #
#                            \\Mac\Home\work\RTUV3.3_GPRS-ÒªËØ»ùÖµ¿ÉÅä-ÐÞ¸Ä´æ´ #
#                            ¢ÒªËØÇøÓòÎªÆ¬ÄÚ-Â¬Òã20200505-Ë®ÎÄÐ­Òé-µØÏÂË®20053 #
#                            0\Debug\Obj\adc12_a.r43                           #
#                            \\Mac\Home\work\RTUV3.3_GPRS-ÒªËØ»ùÖµ¿ÉÅä-ÐÞ¸Ä´æ´ #
#                            ¢ÒªËØÇøÓòÎªÆ¬ÄÚ-Â¬Òã20200505-Ë®ÎÄÐ­Òé-µØÏÂË®20053 #
#                            0\Debug\Obj\aes.r43                               #
#                            \\Mac\Home\work\RTUV3.3_GPRS-ÒªËØ»ùÖµ¿ÉÅä-ÐÞ¸Ä´æ´ #
#                            ¢ÒªËØÇøÓòÎªÆ¬ÄÚ-Â¬Òã20200505-Ë®ÎÄÐ­Òé-µØÏÂË®20053 #
#                            0\Debug\Obj\battbak.r43                           #
#                            \\Mac\Home\work\RTUV3.3_GPRS-ÒªËØ»ùÖµ¿ÉÅä-ÐÞ¸Ä´æ´ #
#                            ¢ÒªËØÇøÓòÎªÆ¬ÄÚ-Â¬Òã20200505-Ë®ÎÄÐ­Òé-µØÏÂË®20053 #
#                            0\Debug\Obj\BC95.r43                              #
#                            \\Mac\Home\work\RTUV3.3_GPRS-ÒªËØ»ùÖµ¿ÉÅä-ÐÞ¸Ä´æ´ #
#                            ¢ÒªËØÇøÓòÎªÆ¬ÄÚ-Â¬Òã20200505-Ë®ÎÄÐ­Òé-µØÏÂË®20053 #
#                            0\Debug\Obj\blueTooth.r43                         #
#                            \\Mac\Home\work\RTUV3.3_GPRS-ÒªËØ»ùÖµ¿ÉÅä-ÐÞ¸Ä´æ´ #
#                            ¢ÒªËØÇøÓòÎªÆ¬ÄÚ-Â¬Òã20200505-Ë®ÎÄÐ­Òé-µØÏÂË®20053 #
#                            0\Debug\Obj\camera.r43                            #
#                            \\Mac\Home\work\RTUV3.3_GPRS-ÒªËØ»ùÖµ¿ÉÅä-ÐÞ¸Ä´æ´ #
#                            ¢ÒªËØÇøÓòÎªÆ¬ÄÚ-Â¬Òã20200505-Ë®ÎÄÐ­Òé-µØÏÂË®20053 #
#                            0\Debug\Obj\common.r43                            #
#                            \\Mac\Home\work\RTUV3.3_GPRS-ÒªËØ»ùÖµ¿ÉÅä-ÐÞ¸Ä´æ´ #
#                            ¢ÒªËØÇøÓòÎªÆ¬ÄÚ-Â¬Òã20200505-Ë®ÎÄÐ­Òé-µØÏÂË®20053 #
#                            0\Debug\Obj\comp_b.r43                            #
#                            \\Mac\Home\work\RTUV3.3_GPRS-ÒªËØ»ùÖµ¿ÉÅä-ÐÞ¸Ä´æ´ #
#                            ¢ÒªËØÇøÓòÎªÆ¬ÄÚ-Â¬Òã20200505-Ë®ÎÄÐ­Òé-µØÏÂË®20053 #
#                            0\Debug\Obj\Console.r43                           #
#                            \\Mac\Home\work\RTUV3.3_GPRS-ÒªËØ»ùÖµ¿ÉÅä-ÐÞ¸Ä´æ´ #
#                            ¢ÒªËØÇøÓòÎªÆ¬ÄÚ-Â¬Òã20200505-Ë®ÎÄÐ­Òé-µØÏÂË®20053 #
#                            0\Debug\Obj\crc.r43                               #
#                            \\Mac\Home\work\RTUV3.3_GPRS-ÒªËØ»ùÖµ¿ÉÅä-ÐÞ¸Ä´æ´ #
#                            ¢ÒªËØÇøÓòÎªÆ¬ÄÚ-Â¬Òã20200505-Ë®ÎÄÐ­Òé-µØÏÂË®20053 #
#                            0\Debug\Obj\ctsd16.r43                            #
#                            \\Mac\Home\work\RTUV3.3_GPRS-ÒªËØ»ùÖµ¿ÉÅä-ÐÞ¸Ä´æ´ #
#                            ¢ÒªËØÇøÓòÎªÆ¬ÄÚ-Â¬Òã20200505-Ë®ÎÄÐ­Òé-µØÏÂË®20053 #
#                            0\Debug\Obj\dac12_a.r43                           #
#                            \\Mac\Home\work\RTUV3.3_GPRS-ÒªËØ»ùÖµ¿ÉÅä-ÐÞ¸Ä´æ´ #
#                            ¢ÒªËØÇøÓòÎªÆ¬ÄÚ-Â¬Òã20200505-Ë®ÎÄÐ­Òé-µØÏÂË®20053 #
#                            0\Debug\Obj\debug.r43                             #
#                            \\Mac\Home\work\RTUV3.3_GPRS-ÒªËØ»ùÖµ¿ÉÅä-ÐÞ¸Ä´æ´ #
#                            ¢ÒªËØÇøÓòÎªÆ¬ÄÚ-Â¬Òã20200505-Ë®ÎÄÐ­Òé-µØÏÂË®20053 #
#                            0\Debug\Obj\dma.r43                               #
#                            \\Mac\Home\work\RTUV3.3_GPRS-ÒªËØ»ùÖµ¿ÉÅä-ÐÞ¸Ä´æ´ #
#                            ¢ÒªËØÇøÓòÎªÆ¬ÄÚ-Â¬Òã20200505-Ë®ÎÄÐ­Òé-µØÏÂË®20053 #
#                            0\Debug\Obj\dtu.r43                               #
#                            \\Mac\Home\work\RTUV3.3_GPRS-ÒªËØ»ùÖµ¿ÉÅä-ÐÞ¸Ä´æ´ #
#                            ¢ÒªËØÇøÓòÎªÆ¬ÄÚ-Â¬Òã20200505-Ë®ÎÄÐ­Òé-µØÏÂË®20053 #
#                            0\Debug\Obj\eusci_a_spi.r43                       #
#                            \\Mac\Home\work\RTUV3.3_GPRS-ÒªËØ»ùÖµ¿ÉÅä-ÐÞ¸Ä´æ´ #
#                            ¢ÒªËØÇøÓòÎªÆ¬ÄÚ-Â¬Òã20200505-Ë®ÎÄÐ­Òé-µØÏÂË®20053 #
#                            0\Debug\Obj\eusci_a_uart.r43                      #
#                            \\Mac\Home\work\RTUV3.3_GPRS-ÒªËØ»ùÖµ¿ÉÅä-ÐÞ¸Ä´æ´ #
#                            ¢ÒªËØÇøÓòÎªÆ¬ÄÚ-Â¬Òã20200505-Ë®ÎÄÐ­Òé-µØÏÂË®20053 #
#                            0\Debug\Obj\eusci_b_i2c.r43                       #
#                            \\Mac\Home\work\RTUV3.3_GPRS-ÒªËØ»ùÖµ¿ÉÅä-ÐÞ¸Ä´æ´ #
#                            ¢ÒªËØÇøÓòÎªÆ¬ÄÚ-Â¬Òã20200505-Ë®ÎÄÐ­Òé-µØÏÂË®20053 #
#                            0\Debug\Obj\eusci_b_spi.r43                       #
#                            \\Mac\Home\work\RTUV3.3_GPRS-ÒªËØ»ùÖµ¿ÉÅä-ÐÞ¸Ä´æ´ #
#                            ¢ÒªËØÇøÓòÎªÆ¬ÄÚ-Â¬Òã20200505-Ë®ÎÄÐ­Òé-µØÏÂË®20053 #
#                            0\Debug\Obj\flash.r43                             #
#                            \\Mac\Home\work\RTUV3.3_GPRS-ÒªËØ»ùÖµ¿ÉÅä-ÐÞ¸Ä´æ´ #
#                            ¢ÒªËØÇøÓòÎªÆ¬ÄÚ-Â¬Òã20200505-Ë®ÎÄÐ­Òé-µØÏÂË®20053 #
#                            0\Debug\Obj\flashctl.r43                          #
#                            \\Mac\Home\work\RTUV3.3_GPRS-ÒªËØ»ùÖµ¿ÉÅä-ÐÞ¸Ä´æ´ #
#                            ¢ÒªËØÇøÓòÎªÆ¬ÄÚ-Â¬Òã20200505-Ë®ÎÄÐ­Òé-µØÏÂË®20053 #
#                            0\Debug\Obj\flow.r43                              #
#                            \\Mac\Home\work\RTUV3.3_GPRS-ÒªËØ»ùÖµ¿ÉÅä-ÐÞ¸Ä´æ´ #
#                            ¢ÒªËØÇøÓòÎªÆ¬ÄÚ-Â¬Òã20200505-Ë®ÎÄÐ­Òé-µØÏÂË®20053 #
#                            0\Debug\Obj\gpio.r43                              #
#                            \\Mac\Home\work\RTUV3.3_GPRS-ÒªËØ»ùÖµ¿ÉÅä-ÐÞ¸Ä´æ´ #
#                            ¢ÒªËØÇøÓòÎªÆ¬ÄÚ-Â¬Òã20200505-Ë®ÎÄÐ­Òé-µØÏÂË®20053 #
#                            0\Debug\Obj\GSM.r43                               #
#                            \\Mac\Home\work\RTUV3.3_GPRS-ÒªËØ»ùÖµ¿ÉÅä-ÐÞ¸Ä´æ´ #
#                            ¢ÒªËØÇøÓòÎªÆ¬ÄÚ-Â¬Òã20200505-Ë®ÎÄÐ­Òé-µØÏÂË®20053 #
#                            0\Debug\Obj\GTM900C.r43                           #
#                            \\Mac\Home\work\RTUV3.3_GPRS-ÒªËØ»ùÖµ¿ÉÅä-ÐÞ¸Ä´æ´ #
#                            ¢ÒªËØÇøÓòÎªÆ¬ÄÚ-Â¬Òã20200505-Ë®ÎÄÐ­Òé-µØÏÂË®20053 #
#                            0\Debug\Obj\hydrologycommand.r43                  #
#                            \\Mac\Home\work\RTUV3.3_GPRS-ÒªËØ»ùÖµ¿ÉÅä-ÐÞ¸Ä´æ´ #
#                            ¢ÒªËØÇøÓòÎªÆ¬ÄÚ-Â¬Òã20200505-Ë®ÎÄÐ­Òé-µØÏÂË®20053 #
#                            0\Debug\Obj\hydrologytask.r43                     #
#                            \\Mac\Home\work\RTUV3.3_GPRS-ÒªËØ»ùÖµ¿ÉÅä-ÐÞ¸Ä´æ´ #
#                            ¢ÒªËØÇøÓòÎªÆ¬ÄÚ-Â¬Òã20200505-Ë®ÎÄÐ­Òé-µØÏÂË®20053 #
#                            0\Debug\Obj\ioDev.r43                             #
#                            \\Mac\Home\work\RTUV3.3_GPRS-ÒªËØ»ùÖµ¿ÉÅä-ÐÞ¸Ä´æ´ #
#                            ¢ÒªËØÇøÓòÎªÆ¬ÄÚ-Â¬Òã20200505-Ë®ÎÄÐ­Òé-µØÏÂË®20053 #
#                            0\Debug\Obj\lcd_b.r43                             #
#                            \\Mac\Home\work\RTUV3.3_GPRS-ÒªËØ»ùÖµ¿ÉÅä-ÐÞ¸Ä´æ´ #
#                            ¢ÒªËØÇøÓòÎªÆ¬ÄÚ-Â¬Òã20200505-Ë®ÎÄÐ­Òé-µØÏÂË®20053 #
#                            0\Debug\Obj\lcd_c.r43                             #
#                            \\Mac\Home\work\RTUV3.3_GPRS-ÒªËØ»ùÖµ¿ÉÅä-ÐÞ¸Ä´æ´ #
#                            ¢ÒªËØÇøÓòÎªÆ¬ÄÚ-Â¬Òã20200505-Ë®ÎÄÐ­Òé-µØÏÂË®20053 #
#                            0\Debug\Obj\ldopwr.r43                            #
#                            \\Mac\Home\work\RTUV3.3_GPRS-ÒªËØ»ùÖµ¿ÉÅä-ÐÞ¸Ä´æ´ #
#                            ¢ÒªËØÇøÓòÎªÆ¬ÄÚ-Â¬Òã20200505-Ë®ÎÄÐ­Òé-µØÏÂË®20053 #
#                            0\Debug\Obj\led.r43                               #
#                            \\Mac\Home\work\RTUV3.3_GPRS-ÒªËØ»ùÖµ¿ÉÅä-ÐÞ¸Ä´æ´ #
#                            ¢ÒªËØÇøÓòÎªÆ¬ÄÚ-Â¬Òã20200505-Ë®ÎÄÐ­Òé-µØÏÂË®20053 #
#                            0\Debug\Obj\lowpower.r43                          #
#                            \\Mac\Home\work\RTUV3.3_GPRS-ÒªËØ»ùÖµ¿ÉÅä-ÐÞ¸Ä´æ´ #
#                            ¢ÒªËØÇøÓòÎªÆ¬ÄÚ-Â¬Òã20200505-Ë®ÎÄÐ­Òé-µØÏÂË®20053 #
#                            0\Debug\Obj\main.r43                              #
#                            \\Mac\Home\work\RTUV3.3_GPRS-ÒªËØ»ùÖµ¿ÉÅä-ÐÞ¸Ä´æ´ #
#                            ¢ÒªËØÇøÓòÎªÆ¬ÄÚ-Â¬Òã20200505-Ë®ÎÄÐ­Òé-µØÏÂË®20053 #
#                            0\Debug\Obj\message.r43                           #
#                            \\Mac\Home\work\RTUV3.3_GPRS-ÒªËØ»ùÖµ¿ÉÅä-ÐÞ¸Ä´æ´ #
#                            ¢ÒªËØÇøÓòÎªÆ¬ÄÚ-Â¬Òã20200505-Ë®ÎÄÐ­Òé-µØÏÂË®20053 #
#                            0\Debug\Obj\mpy32.r43                             #
#                            \\Mac\Home\work\RTUV3.3_GPRS-ÒªËØ»ùÖµ¿ÉÅä-ÐÞ¸Ä´æ´ #
#                            ¢ÒªËØÇøÓòÎªÆ¬ÄÚ-Â¬Òã20200505-Ë®ÎÄÐ­Òé-µØÏÂË®20053 #
#                            0\Debug\Obj\oa.r43                                #
#                            \\Mac\Home\work\RTUV3.3_GPRS-ÒªËØ»ùÖµ¿ÉÅä-ÐÞ¸Ä´æ´ #
#                            ¢ÒªËØÇøÓòÎªÆ¬ÄÚ-Â¬Òã20200505-Ë®ÎÄÐ­Òé-µØÏÂË®20053 #
#                            0\Debug\Obj\packet.r43                            #
#                            \\Mac\Home\work\RTUV3.3_GPRS-ÒªËØ»ùÖµ¿ÉÅä-ÐÞ¸Ä´æ´ #
#                            ¢ÒªËØÇøÓòÎªÆ¬ÄÚ-Â¬Òã20200505-Ë®ÎÄÐ­Òé-µØÏÂË®20053 #
#                            0\Debug\Obj\pmap.r43                              #
#                            \\Mac\Home\work\RTUV3.3_GPRS-ÒªËØ»ùÖµ¿ÉÅä-ÐÞ¸Ä´æ´ #
#                            ¢ÒªËØÇøÓòÎªÆ¬ÄÚ-Â¬Òã20200505-Ë®ÎÄÐ­Òé-µØÏÂË®20053 #
#                            0\Debug\Obj\pmm.r43                               #
#                            \\Mac\Home\work\RTUV3.3_GPRS-ÒªËØ»ùÖµ¿ÉÅä-ÐÞ¸Ä´æ´ #
#                            ¢ÒªËØÇøÓòÎªÆ¬ÄÚ-Â¬Òã20200505-Ë®ÎÄÐ­Òé-µØÏÂË®20053 #
#                            0\Debug\Obj\ram.r43                               #
#                            \\Mac\Home\work\RTUV3.3_GPRS-ÒªËØ»ùÖµ¿ÉÅä-ÐÞ¸Ä´æ´ #
#                            ¢ÒªËØÇøÓòÎªÆ¬ÄÚ-Â¬Òã20200505-Ë®ÎÄÐ­Òé-µØÏÂË®20053 #
#                            0\Debug\Obj\ref.r43                               #
#                            "\\Mac\Home\work\RTUV3.3_GPRS-ÒªËØ»ùÖµ¿ÉÅä-ÐÞ¸Ä´æ #
#                            ´¢ÒªËØÇøÓòÎªÆ¬ÄÚ-Â¬Òã20200505-Ë®ÎÄÐ­Òé-µØÏÂË®2005 #
#                            30\Debug\Obj\reportbinding .r43"                  #
#                            \\Mac\Home\work\RTUV3.3_GPRS-ÒªËØ»ùÖµ¿ÉÅä-ÐÞ¸Ä´æ´ #
#                            ¢ÒªËØÇøÓòÎªÆ¬ÄÚ-Â¬Òã20200505-Ë®ÎÄÐ­Òé-µØÏÂË®20053 #
#                            0\Debug\Obj\rom.r43                               #
#                            \\Mac\Home\work\RTUV3.3_GPRS-ÒªËØ»ùÖµ¿ÉÅä-ÐÞ¸Ä´æ´ #
#                            ¢ÒªËØÇøÓòÎªÆ¬ÄÚ-Â¬Òã20200505-Ë®ÎÄÐ­Òé-µØÏÂË®20053 #
#                            0\Debug\Obj\rtc.r43                               #
#                            \\Mac\Home\work\RTUV3.3_GPRS-ÒªËØ»ùÖµ¿ÉÅä-ÐÞ¸Ä´æ´ #
#                            ¢ÒªËØÇøÓòÎªÆ¬ÄÚ-Â¬Òã20200505-Ë®ÎÄÐ­Òé-µØÏÂË®20053 #
#                            0\Debug\Obj\rtc_a.r43                             #
#                            \\Mac\Home\work\RTUV3.3_GPRS-ÒªËØ»ùÖµ¿ÉÅä-ÐÞ¸Ä´æ´ #
#                            ¢ÒªËØÇøÓòÎªÆ¬ÄÚ-Â¬Òã20200505-Ë®ÎÄÐ­Òé-µØÏÂË®20053 #
#                            0\Debug\Obj\rtc_b.r43                             #
#                            \\Mac\Home\work\RTUV3.3_GPRS-ÒªËØ»ùÖµ¿ÉÅä-ÐÞ¸Ä´æ´ #
#                            ¢ÒªËØÇøÓòÎªÆ¬ÄÚ-Â¬Òã20200505-Ë®ÎÄÐ­Òé-µØÏÂË®20053 #
#                            0\Debug\Obj\rtc_c.r43                             #
#                            \\Mac\Home\work\RTUV3.3_GPRS-ÒªËØ»ùÖµ¿ÉÅä-ÐÞ¸Ä´æ´ #
#                            ¢ÒªËØÇøÓòÎªÆ¬ÄÚ-Â¬Òã20200505-Ë®ÎÄÐ­Òé-µØÏÂË®20053 #
#                            0\Debug\Obj\Sampler.r43                           #
#                            \\Mac\Home\work\RTUV3.3_GPRS-ÒªËØ»ùÖµ¿ÉÅä-ÐÞ¸Ä´æ´ #
#                            ¢ÒªËØÇøÓòÎªÆ¬ÄÚ-Â¬Òã20200505-Ë®ÎÄÐ­Òé-µØÏÂË®20053 #
#                            0\Debug\Obj\sd24_b.r43                            #
#                            \\Mac\Home\work\RTUV3.3_GPRS-ÒªËØ»ùÖµ¿ÉÅä-ÐÞ¸Ä´æ´ #
#                            ¢ÒªËØÇøÓòÎªÆ¬ÄÚ-Â¬Òã20200505-Ë®ÎÄÐ­Òé-µØÏÂË®20053 #
#                            0\Debug\Obj\sfr.r43                               #
#                            \\Mac\Home\work\RTUV3.3_GPRS-ÒªËØ»ùÖµ¿ÉÅä-ÐÞ¸Ä´æ´ #
#                            ¢ÒªËØÇøÓòÎªÆ¬ÄÚ-Â¬Òã20200505-Ë®ÎÄÐ­Òé-µØÏÂË®20053 #
#                            0\Debug\Obj\store.r43                             #
#                            \\Mac\Home\work\RTUV3.3_GPRS-ÒªËØ»ùÖµ¿ÉÅä-ÐÞ¸Ä´æ´ #
#                            ¢ÒªËØÇøÓòÎªÆ¬ÄÚ-Â¬Òã20200505-Ë®ÎÄÐ­Òé-µØÏÂË®20053 #
#                            0\Debug\Obj\sys_status.r43                        #
#                            \\Mac\Home\work\RTUV3.3_GPRS-ÒªËØ»ùÖµ¿ÉÅä-ÐÞ¸Ä´æ´ #
#                            ¢ÒªËØÇøÓòÎªÆ¬ÄÚ-Â¬Òã20200505-Ë®ÎÄÐ­Òé-µØÏÂË®20053 #
#                            0\Debug\Obj\sysctl.r43                            #
#                            \\Mac\Home\work\RTUV3.3_GPRS-ÒªËØ»ùÖµ¿ÉÅä-ÐÞ¸Ä´æ´ #
#                            ¢ÒªËØÇøÓòÎªÆ¬ÄÚ-Â¬Òã20200505-Ë®ÎÄÐ­Òé-µØÏÂË®20053 #
#                            0\Debug\Obj\tec.r43                               #
#                            \\Mac\Home\work\RTUV3.3_GPRS-ÒªËØ»ùÖµ¿ÉÅä-ÐÞ¸Ä´æ´ #
#                            ¢ÒªËØÇøÓòÎªÆ¬ÄÚ-Â¬Òã20200505-Ë®ÎÄÐ­Òé-µØÏÂË®20053 #
#                            0\Debug\Obj\timer.r43                             #
#                            \\Mac\Home\work\RTUV3.3_GPRS-ÒªËØ»ùÖµ¿ÉÅä-ÐÞ¸Ä´æ´ #
#                            ¢ÒªËØÇøÓòÎªÆ¬ÄÚ-Â¬Òã20200505-Ë®ÎÄÐ­Òé-µØÏÂË®20053 #
#                            0\Debug\Obj\timer_a.r43                           #
#                            \\Mac\Home\work\RTUV3.3_GPRS-ÒªËØ»ùÖµ¿ÉÅä-ÐÞ¸Ä´æ´ #
#                            ¢ÒªËØÇøÓòÎªÆ¬ÄÚ-Â¬Òã20200505-Ë®ÎÄÐ­Òé-µØÏÂË®20053 #
#                            0\Debug\Obj\timer_b.r43                           #
#                            \\Mac\Home\work\RTUV3.3_GPRS-ÒªËØ»ùÖµ¿ÉÅä-ÐÞ¸Ä´æ´ #
#                            ¢ÒªËØÇøÓòÎªÆ¬ÄÚ-Â¬Òã20200505-Ë®ÎÄÐ­Òé-µØÏÂË®20053 #
#                            0\Debug\Obj\timer_d.r43                           #
#                            \\Mac\Home\work\RTUV3.3_GPRS-ÒªËØ»ùÖµ¿ÉÅä-ÐÞ¸Ä´æ´ #
#                            ¢ÒªËØÇøÓòÎªÆ¬ÄÚ-Â¬Òã20200505-Ë®ÎÄÐ­Òé-µØÏÂË®20053 #
#                            0\Debug\Obj\tlv.r43                               #
#                            \\Mac\Home\work\RTUV3.3_GPRS-ÒªËØ»ùÖµ¿ÉÅä-ÐÞ¸Ä´æ´ #
#                            ¢ÒªËØÇøÓòÎªÆ¬ÄÚ-Â¬Òã20200505-Ë®ÎÄÐ­Òé-µØÏÂË®20053 #
#                            0\Debug\Obj\uart0.r43                             #
#                            \\Mac\Home\work\RTUV3.3_GPRS-ÒªËØ»ùÖµ¿ÉÅä-ÐÞ¸Ä´æ´ #
#                            ¢ÒªËØÇøÓòÎªÆ¬ÄÚ-Â¬Òã20200505-Ë®ÎÄÐ­Òé-µØÏÂË®20053 #
#                            0\Debug\Obj\uart1.r43                             #
#                            \\Mac\Home\work\RTUV3.3_GPRS-ÒªËØ»ùÖµ¿ÉÅä-ÐÞ¸Ä´æ´ #
#                            ¢ÒªËØÇøÓòÎªÆ¬ÄÚ-Â¬Òã20200505-Ë®ÎÄÐ­Òé-µØÏÂË®20053 #
#                            0\Debug\Obj\uart2.r43                             #
#                            \\Mac\Home\work\RTUV3.3_GPRS-ÒªËØ»ùÖµ¿ÉÅä-ÐÞ¸Ä´æ´ #
#                            ¢ÒªËØÇøÓòÎªÆ¬ÄÚ-Â¬Òã20200505-Ë®ÎÄÐ­Òé-µØÏÂË®20053 #
#                            0\Debug\Obj\uart3.r43                             #
#                            \\Mac\Home\work\RTUV3.3_GPRS-ÒªËØ»ùÖµ¿ÉÅä-ÐÞ¸Ä´æ´ #
#                            ¢ÒªËØÇøÓòÎªÆ¬ÄÚ-Â¬Òã20200505-Ë®ÎÄÐ­Òé-µØÏÂË®20053 #
#                            0\Debug\Obj\uart_config.r43                       #
#                            \\Mac\Home\work\RTUV3.3_GPRS-ÒªËØ»ùÖµ¿ÉÅä-ÐÞ¸Ä´æ´ #
#                            ¢ÒªËØÇøÓòÎªÆ¬ÄÚ-Â¬Òã20200505-Ë®ÎÄÐ­Òé-µØÏÂË®20053 #
#                            0\Debug\Obj\ucs.r43                               #
#                            \\Mac\Home\work\RTUV3.3_GPRS-ÒªËØ»ùÖµ¿ÉÅä-ÐÞ¸Ä´æ´ #
#                            ¢ÒªËØÇøÓòÎªÆ¬ÄÚ-Â¬Òã20200505-Ë®ÎÄÐ­Òé-µØÏÂË®20053 #
#                            0\Debug\Obj\usci_a_spi.r43                        #
#                            \\Mac\Home\work\RTUV3.3_GPRS-ÒªËØ»ùÖµ¿ÉÅä-ÐÞ¸Ä´æ´ #
#                            ¢ÒªËØÇøÓòÎªÆ¬ÄÚ-Â¬Òã20200505-Ë®ÎÄÐ­Òé-µØÏÂË®20053 #
#                            0\Debug\Obj\usci_a_uart.r43                       #
#                            \\Mac\Home\work\RTUV3.3_GPRS-ÒªËØ»ùÖµ¿ÉÅä-ÐÞ¸Ä´æ´ #
#                            ¢ÒªËØÇøÓòÎªÆ¬ÄÚ-Â¬Òã20200505-Ë®ÎÄÐ­Òé-µØÏÂË®20053 #
#                            0\Debug\Obj\usci_b_i2c.r43                        #
#                            \\Mac\Home\work\RTUV3.3_GPRS-ÒªËØ»ùÖµ¿ÉÅä-ÐÞ¸Ä´æ´ #
#                            ¢ÒªËØÇøÓòÎªÆ¬ÄÚ-Â¬Òã20200505-Ë®ÎÄÐ­Òé-µØÏÂË®20053 #
#                            0\Debug\Obj\usci_b_spi.r43                        #
#                            \\Mac\Home\work\RTUV3.3_GPRS-ÒªËØ»ùÖµ¿ÉÅä-ÐÞ¸Ä´æ´ #
#                            ¢ÒªËØÇøÓòÎªÆ¬ÄÚ-Â¬Òã20200505-Ë®ÎÄÐ­Òé-µØÏÂË®20053 #
#                            0\Debug\Obj\wdt_a.r43                             #
#                            \\Mac\Home\work\RTUV3.3_GPRS-ÒªËØ»ùÖµ¿ÉÅä-ÐÞ¸Ä´æ´ #
#                            ¢ÒªËØÇøÓòÎªÆ¬ÄÚ-Â¬Òã20200505-Ë®ÎÄÐ­Òé-µØÏÂË®20053 #
#                            0\Debug\Obj\wifi_config.r43                       #
#                            -o                                                #
#                            \\Mac\Home\work\RTUV3.3_GPRS-ÒªËØ»ùÖµ¿ÉÅä-ÐÞ¸Ä´æ´ #
#                            ¢ÒªËØÇøÓòÎªÆ¬ÄÚ-Â¬Òã20200505-Ë®ÎÄÐ­Òé-µØÏÂË®20053 #
#                            0\Debug\Exe\RTUtest_GP.d43                        #
#                            -l                                                #
#                            \\Mac\Home\work\RTUV3.3_GPRS-ÒªËØ»ùÖµ¿ÉÅä-ÐÞ¸Ä´æ´ #
#                            ¢ÒªËØÇøÓòÎªÆ¬ÄÚ-Â¬Òã20200505-Ë®ÎÄÐ­Òé-µØÏÂË®20053 #
#                            0\Debug\List\RTUtest_GP.map                       #
#                            -xms                                              #
#                            "-IC:\Program Files (x86)\IAR Systems\Embedded Wo #
#                            rkbench 8.0\430\LIB\"                             #
#                            -f                                                #
#                            "C:\Program Files (x86)\IAR Systems\Embedded Work #
#                            bench 8.0\430\config\linker\lnk430f5438a.xcl"     #
#                            (-cmsp430 -D?CPU30_OFFSET=2 -QCODE_I=CODE_ID      #
#                            -QTLS16_I=TLS16_ID -D__iar_HWMUL=4C0              #
#                            -Z(CONST)INFO=1800-19FF                           #
#                            -Z(CONST)INFOA=1980-19FF                          #
#                            -Z(CONST)INFOB=1900-197F                          #
#                            -Z(CONST)INFOC=1880-18FF                          #
#                            -Z(CONST)INFOD=1800-187F                          #
#                            -Z(DATA)DATA16_I,DATA16_Z,DATA16_N,TLS16_I=1C00-5 #
#                            BFF                                               #
#                            -Z(DATA)DATA16_HEAP+_DATA16_HEAP_SIZE             #
#                            -Z(DATA)CODE_I                                    #
#                            -Z(DATA)DATA20_I,DATA20_Z,DATA20_N,DATA20_HEAP+_D #
#                            ATA20_HEAP_SIZE                                   #
#                            -Z(DATA)CSTACK+_STACK_SIZE#                       #
#                            -Z(CONST)DATA16_C,DATA16_ID,TLS16_ID,DIFUNCT,CHEC #
#                            KSUM=5C00-FF7F                                    #
#                            -Z(CODE)CSTART,ISR_CODE,CODE16=5C00-FF7F          #
#                            -P(CODE)CODE=5C00-FF7F,10000-45BFF                #
#                            -Z(CONST)DATA20_C,DATA20_ID,CODE_ID=5C00-FF7F,100 #
#                            40-45BFF                                          #
#                            -Z(CODE)INTVEC=FF80-FFFF                          #
#                            -Z(CODE)RESET=FFFE-FFFF) -f                       #
#                            "C:\Program Files (x86)\IAR Systems\Embedded Work #
#                            bench 8.0\430\config\linker\multiplier32.xcl"     #
#                            (-e?Mul8Hw=?Mul8 -e?Mul16Hw=?Mul16                #
#                            -e?Mul16to32uHw=?Mul16to32u                       #
#                            -e?Mul16to32sHw=?Mul16to32s -e?Mul32Hw32=?Mul32   #
#                            -e?Mul64Hw32=_Mul64i                              #
#                            -e?Mul32u32uto64iHw32=_Mul32u32uto64i             #
#                            -e?Mul32fHw32=_Mul32f                             #
#                            -e_Mul64fHw32Ptr=_Mul64fPtr) -D_STACK_SIZE=13B8   #
#                            -rt                                               #
#                            "C:\Program Files (x86)\IAR Systems\Embedded Work #
#                            bench 8.0\430\lib\dlib\dl430xlsfn.r43"            #
#                            -D_DATA16_HEAP_SIZE=1770 -s __program_start       #
#                            -D_DATA20_HEAP_SIZE=50)                           #
#                                                                              #
#                           Copyright (C) 1987-2018 IAR Systems AB.            #
################################################################################





                ****************************************
                *                                      *
                *           CROSS REFERENCE            *
                *                                      *
                ****************************************

       Program entry at :           70D0  Relocatable, from module : ?cstart




                ****************************************
                *                                      *
                *            RUNTIME MODEL             *
                *                                      *
                ****************************************

  __Heap_Handler             = Basic
  __SystemLibrary            = DLib
  __code_model               = large
  __core                     = 430X
  __data_model               = small
  __dlib_file_descriptor     = 0
  __dlib_full_locale_support = 0
  __double_size              = 32
  __pic                      = no
  __reg_r4                   = free
  __reg_r5                   = free
  __rt_version               = 3

                ****************************************
                *                                      *
                *    AUTOMATIC SYMBOL REDIRECTIONS     *
                *                                      *
                ****************************************

       All references to: _Printf
         were redirected to: _PrintfFullNoMb



                ****************************************
                *                                      *
                *              MODULE MAP              *
                *                                      *
                ****************************************


  DEFINED ABSOLUTE ENTRIES
    *************************************************************************

  DEFINED ABSOLUTE ENTRIES
  PROGRAM MODULE, NAME : ?ABS_ENTRY_MOD

Absolute parts
           ENTRY                   ADDRESS         REF BY
           =====                   =======         ======
           _DATA20_HEAP_SIZE       0050 
           _DATA16_HEAP_SIZE       1770 
           _STACK_SIZE             13B8 
           __iar_HWMUL             04C0            ?Mul16to32sHw (?Mul16to32sHw)
                                                   ?Mul32Hw32 (?Mul32Hw32)
                                                   ?Mul32fHw32 (?Mul32fHw32)
                                                   CalcNextWakeupTime (lowpower)
                                                   GPRS_AT_OpenTCPLink (GTM900C)
                                                   HydrologyTask (hydrologytask)
                                                   Hydrology_ReadRom (message)
                                                   ROM_WriteBytes (rom)
                                                   Segment part 1 (?Mul8Hw)
                                                   SetWakeupInterval (lowpower)
                                                   Store_CheckDataItemSended (store)
                                                   Store_MarkDataItemSended (store)
                                                   Store_ReadDataItem (store)
                                                   Store_WriteDataItem (store)
                                                   _HEXtoBCD (rtc)
                                                   getstreamid (message)
           ?CPU30_OFFSET           0002 
    *************************************************************************

  FILE NAME : \\Mac\Home\work\RTUV3.3_GPRS-ÒªËØ»ùÖµ¿ÉÅä-ÐÞ¸Ä´æ´¢ÒªËØÇøÓòÎªÆ¬ÄÚ-Â¬Òã20200505-Ë®ÎÄÐ­Òé-µØÏÂË®200530\Debug\Obj\adc.r43
  PROGRAM MODULE, NAME : adc

  SEGMENTS IN THE MODULE
  ======================
DATA16_AN
  Relative segment, address: 0700 - 0701 (0x2 bytes), align: 0
  Segment part 1. ROOT        Intra module refs:   ADC_Close
                                                   ADC_Open
                                                   ADC_Sample
           ENTRY                   ADDRESS         REF BY
           =====                   =======         ======
           _A_ADC12CTL0_L          0700 
           LOCAL                   ADDRESS         
           =====                   =======         
           ADC12CTL0               0700 
           ADC12CTL0_H             0701 
           ADC12CTL0_L             0700 
    -------------------------------------------------------------------------
DATA16_AN
  Relative segment, address: 0702 - 0703 (0x2 bytes), align: 0
  Segment part 2. ROOT        Intra module refs:   ADC_Open
                                                   ADC_Sample
           ENTRY                   ADDRESS         REF BY
           =====                   =======         ======
           _A_ADC12CTL1_L          0702 
           LOCAL                   ADDRESS         
           =====                   =======         
           ADC12CTL1               0702 
           ADC12CTL1_H             0703 
           ADC12CTL1_L             0702 
    -------------------------------------------------------------------------
DATA16_AN
  Relative segment, address: 0720 - 0721 (0x2 bytes), align: 0
  Segment part 3. ROOT        Intra module refs:   ADC_Sample
           ENTRY                   ADDRESS         REF BY
           =====                   =======         ======
           _A_ADC12MEM0_L          0720 
           LOCAL                   ADDRESS         
           =====                   =======         
           ADC12MEM0               0720 
           ADC12MEM0_H             0721 
           ADC12MEM0_L             0720 
    -------------------------------------------------------------------------
DATA16_AN
  Relative segment, address: 0722 - 0723 (0x2 bytes), align: 0
  Segment part 4. ROOT        Intra module refs:   ADC_Sample
           ENTRY                   ADDRESS         REF BY
           =====                   =======         ======
           _A_ADC12MEM1_L          0722 
           LOCAL                   ADDRESS         
           =====                   =======         
           ADC12MEM1               0722 
           ADC12MEM1_H             0723 
           ADC12MEM1_L             0722 
    -------------------------------------------------------------------------
DATA16_AN
  Relative segment, address: 0724 - 0725 (0x2 bytes), align: 0
  Segment part 5. ROOT        Intra module refs:   ADC_Sample
           ENTRY                   ADDRESS         REF BY
           =====                   =======         ======
           _A_ADC12MEM2_L          0724 
           LOCAL                   ADDRESS         
           =====                   =======         
           ADC12MEM2               0724 
           ADC12MEM2_H             0725 
           ADC12MEM2_L             0724 
    -------------------------------------------------------------------------
DATA16_AN
  Relative segment, address: 0726 - 0727 (0x2 bytes), align: 0
  Segment part 6. ROOT        Intra module refs:   ADC_Sample
           ENTRY                   ADDRESS         REF BY
           =====                   =======         ======
           _A_ADC12MEM3_L          0726 
           LOCAL                   ADDRESS         
           =====                   =======         
           ADC12MEM3               0726 
           ADC12MEM3_H             0727 
           ADC12MEM3_L             0726 
    -------------------------------------------------------------------------
DATA16_AN
  Relative segment, address: 0728 - 0729 (0x2 bytes), align: 0
  Segment part 7. ROOT        Intra module refs:   ADC_Sample
           ENTRY                   ADDRESS         REF BY
           =====                   =======         ======
           _A_ADC12MEM4_L          0728 
           LOCAL                   ADDRESS         
           =====                   =======         
           ADC12MEM4               0728 
           ADC12MEM4_H             0729 
           ADC12MEM4_L             0728 
    -------------------------------------------------------------------------
DATA16_AN
  Relative segment, address: 072A - 072B (0x2 bytes), align: 0
  Segment part 8. ROOT        Intra module refs:   ADC_Sample
           ENTRY                   ADDRESS         REF BY
           =====                   =======         ======
           _A_ADC12MEM5_L          072A 
           LOCAL                   ADDRESS         
           =====                   =======         
           ADC12MEM5               072A 
           ADC12MEM5_H             072B 
           ADC12MEM5_L             072A 
    -------------------------------------------------------------------------
DATA16_AN
  Relative segment, address: 072C - 072D (0x2 bytes), align: 0
  Segment part 9. ROOT        Intra module refs:   ADC_Sample
           ENTRY                   ADDRESS         REF BY
           =====                   =======         ======
           _A_ADC12MEM6_L          072C 
           LOCAL                   ADDRESS         
           =====                   =======         
           ADC12MEM6               072C 
           ADC12MEM6_H             072D 
           ADC12MEM6_L             072C 
    -------------------------------------------------------------------------
DATA16_AN
  Relative segment, address: 072E - 072F (0x2 bytes), align: 0
  Segment part 10. ROOT       Intra module refs:   ADC_Sample
           ENTRY                   ADDRESS         REF BY
           =====                   =======         ======
           _A_ADC12MEM7_L          072E 
           LOCAL                   ADDRESS         
           =====                   =======         
           ADC12MEM7               072E 
           ADC12MEM7_H             072F 
           ADC12MEM7_L             072E 
    -------------------------------------------------------------------------
DATA16_AN
  Relative segment, address: 0730 - 0731 (0x2 bytes), align: 0
  Segment part 11. ROOT       Intra module refs:   ADC_Sample
           ENTRY                   ADDRESS         REF BY
           =====                   =======         ======
           _A_ADC12MEM8_L          0730 
           LOCAL                   ADDRESS         
           =====                   =======         
           ADC12MEM8               0730 
           ADC12MEM8_H             0731 
           ADC12MEM8_L             0730 
    -------------------------------------------------------------------------
DATA16_AN
  Relative segment, address: 0732 - 0733 (0x2 bytes), align: 0
  Segment part 12. ROOT       Intra module refs:   ADC_Sample
           ENTRY                   ADDRESS         REF BY
           =====                   =======         ======
           _A_ADC12MEM9_L          0732 
           LOCAL                   ADDRESS         
           =====                   =======         
           ADC12MEM9               0732 
           ADC12MEM9_H             0733 
           ADC12MEM9_L             0732 
    -------------------------------------------------------------------------
DATA16_AN
  Relative segment, address: 0734 - 0735 (0x2 bytes), align: 0
  Segment part 13. ROOT       Intra module refs:   ADC_Sample
           ENTRY                   ADDRESS         REF BY
           =====                   =======         ======
           _A_ADC12MEM10_L         0734 
           LOCAL                   ADDRESS         
           =====                   =======         
           ADC12MEM10              0734 
           ADC12MEM10_H            0735 
           ADC12MEM10_L            0734 
    -------------------------------------------------------------------------
DATA16_AN
  Relative segment, address: 0736 - 0737 (0x2 bytes), align: 0
  Segment part 14. ROOT       Intra module refs:   ADC_Sample
           ENTRY                   ADDRESS         REF BY
           =====                   =======         ======
           _A_ADC12MEM11_L         0736 
           LOCAL                   ADDRESS         
           =====                   =======         
           ADC12MEM11              0736 
           ADC12MEM11_H            0737 
           ADC12MEM11_L            0736 
    -------------------------------------------------------------------------
DATA16_AN
  Relative segment, address: 0738 - 0739 (0x2 bytes), align: 0
  Segment part 15. ROOT       Intra module refs:   ADC_Sample
           ENTRY                   ADDRESS         REF BY
           =====                   =======         ======
           _A_ADC12MEM12_L         0738 
           LOCAL                   ADDRESS         
           =====                   =======         
           ADC12MEM12              0738 
           ADC12MEM12_H            0739 
           ADC12MEM12_L            0738 
    -------------------------------------------------------------------------
DATA16_AN
  Relative segment, address: 073A - 073B (0x2 bytes), align: 0
  Segment part 16. ROOT       Intra module refs:   ADC_Sample
           ENTRY                   ADDRESS         REF BY
           =====                   =======         ======
           _A_ADC12MEM13_L         073A 
           LOCAL                   ADDRESS         
           =====                   =======         
           ADC12MEM13              073A 
           ADC12MEM13_H            073B 
           ADC12MEM13_L            073A 
    -------------------------------------------------------------------------
DATA16_AN
  Relative segment, address: 073C - 073D (0x2 bytes), align: 0
  Segment part 17. ROOT       Intra module refs:   ADC_Sample
           ENTRY                   ADDRESS         REF BY
           =====                   =======         ======
           _A_ADC12MEM14_L         073C 
           LOCAL                   ADDRESS         
           =====                   =======         
           ADC12MEM14              073C 
           ADC12MEM14_H            073D 
           ADC12MEM14_L            073C 
    -------------------------------------------------------------------------
DATA16_AN
  Relative segment, address: 073E - 073F (0x2 bytes), align: 0
  Segment part 18. ROOT       Intra module refs:   ADC_Sample
           ENTRY                   ADDRESS         REF BY
           =====                   =======         ======
           _A_ADC12MEM15_L         073E 
           LOCAL                   ADDRESS         
           =====                   =======         
           ADC12MEM15              073E 
           ADC12MEM15_H            073F 
           ADC12MEM15_L            073E 
    -------------------------------------------------------------------------
DATA16_AN
  Relative segment, address: 0710 - 0710 (0x1 bytes), align: 0
  Segment part 19. ROOT       Intra module refs:   ADC_Open
           ENTRY                   ADDRESS         REF BY
           =====                   =======         ======
           ADC12MCTL0              0710 
    -------------------------------------------------------------------------
DATA16_AN
  Relative segment, address: 0711 - 0711 (0x1 bytes), align: 0
  Segment part 20. ROOT       Intra module refs:   ADC_Open
           ENTRY                   ADDRESS         REF BY
           =====                   =======         ======
           ADC12MCTL1              0711 
    -------------------------------------------------------------------------
DATA16_AN
  Relative segment, address: 0712 - 0712 (0x1 bytes), align: 0
  Segment part 21. ROOT       Intra module refs:   ADC_Open
           ENTRY                   ADDRESS         REF BY
           =====                   =======         ======
           ADC12MCTL2              0712 
    -------------------------------------------------------------------------
DATA16_AN
  Relative segment, address: 0713 - 0713 (0x1 bytes), align: 0
  Segment part 22. ROOT       Intra module refs:   ADC_Open
           ENTRY                   ADDRESS         REF BY
           =====                   =======         ======
           ADC12MCTL3              0713 
    -------------------------------------------------------------------------
DATA16_AN
  Relative segment, address: 0714 - 0714 (0x1 bytes), align: 0
  Segment part 23. ROOT       Intra module refs:   ADC_Open
           ENTRY                   ADDRESS         REF BY
           =====                   =======         ======
           ADC12MCTL4              0714 
    -------------------------------------------------------------------------
DATA16_AN
  Relative segment, address: 0715 - 0715 (0x1 bytes), align: 0
  Segment part 24. ROOT       Intra module refs:   ADC_Open
           ENTRY                   ADDRESS         REF BY
           =====                   =======         ======
           ADC12MCTL5              0715 
    -------------------------------------------------------------------------
DATA16_AN
  Relative segment, address: 0716 - 0716 (0x1 bytes), align: 0
  Segment part 25. ROOT       Intra module refs:   ADC_Open
           ENTRY                   ADDRESS         REF BY
           =====                   =======         ======
           ADC12MCTL6              0716 
    -------------------------------------------------------------------------
DATA16_AN
  Relative segment, address: 0717 - 0717 (0x1 bytes), align: 0
  Segment part 26. ROOT       Intra module refs:   ADC_Open
           ENTRY                   ADDRESS         REF BY
           =====                   =======         ======
           ADC12MCTL7              0717 
    -------------------------------------------------------------------------
DATA16_AN
  Relative segment, address: 0718 - 0718 (0x1 bytes), align: 0
  Segment part 27. ROOT       Intra module refs:   ADC_Open
           ENTRY                   ADDRESS         REF BY
           =====                   =======         ======
           ADC12MCTL8              0718 
    -------------------------------------------------------------------------
DATA16_AN
  Relative segment, address: 0719 - 0719 (0x1 bytes), align: 0
  Segment part 28. ROOT       Intra module refs:   ADC_Open
           ENTRY                   ADDRESS         REF BY
           =====                   =======         ======
           ADC12MCTL9              0719 
    -------------------------------------------------------------------------
DATA16_AN
  Relative segment, address: 071A - 071A (0x1 bytes), align: 0
  Segment part 29. ROOT       Intra module refs:   ADC_Open
           ENTRY                   ADDRESS         REF BY
           =====                   =======         ======
           ADC12MCTL10             071A 
    -------------------------------------------------------------------------
DATA16_AN
  Relative segment, address: 071B - 071B (0x1 bytes), align: 0
  Segment part 30. ROOT       Intra module refs:   ADC_Open
           ENTRY                   ADDRESS         REF BY
           =====                   =======         ======
           ADC12MCTL11             071B 
    -------------------------------------------------------------------------
DATA16_AN
  Relative segment, address: 071C - 071C (0x1 bytes), align: 0
  Segment part 31. ROOT       Intra module refs:   ADC_Open
           ENTRY                   ADDRESS         REF BY
           =====                   =======         ======
           ADC12MCTL12             071C 
    -------------------------------------------------------------------------
DATA16_AN
  Relative segment, address: 071D - 071D (0x1 bytes), align: 0
  Segment part 32. ROOT       Intra module refs:   ADC_Open
           ENTRY                   ADDRESS         REF BY
           =====                   =======         ======
           ADC12MCTL13             071D 
    -------------------------------------------------------------------------
DATA16_AN
  Relative segment, address: 071E - 071E (0x1 bytes), align: 0
  Segment part 33. ROOT       Intra module refs:   ADC_Open
           ENTRY                   ADDRESS         REF BY
           =====                   =======         ======
           ADC12MCTL14             071E 
    -------------------------------------------------------------------------
DATA16_AN
  Relative segment, address: 071F - 071F (0x1 bytes), align: 0
  Segment part 34. ROOT       Intra module refs:   ADC_Open
           ENTRY                   ADDRESS         REF BY
           =====                   =======         ======
           ADC12MCTL15             071F 
    -------------------------------------------------------------------------
DATA16_AN
  Relative segment, address: 0242 - 0243 (0x2 bytes), align: 0
  Segment part 35. ROOT       Intra module refs:   ADC_Sample
                                                   Led3_Off (led)
                                                   Led3_On (led)
                                                   Led_Init (led)
                                                   Led_OffAll (led)
                                                   ROM_WP_OFF (rom)
                                                   ROM_WP_ON (rom)
           ENTRY                   ADDRESS         REF BY
           =====                   =======         ======
           _A_PCOUT_L              0242 
           LOCAL                   ADDRESS         
           =====                   =======         
           PCOUT                   0242 
           PCOUT_H                 0243 
           PCOUT_L                 0242 
    -------------------------------------------------------------------------
DATA16_AN
  Relative segment, address: 024A - 024B (0x2 bytes), align: 0
  Segment part 36. ROOT       Intra module refs:   ADC_Open
                                                   ADC_Sample
                                                   Clock_Init (common)
                                                   Led_Init (led)
                                                   UART1_Open (uart1)
                                                   UART1_Open_9600 (uart1)
           ENTRY                   ADDRESS         REF BY
           =====                   =======         ======
           _A_PCSEL_L              024A 
           LOCAL                   ADDRESS         
           =====                   =======         
           PCSEL                   024A 
           PCSEL_H                 024B 
           PCSEL_L                 024A 
    -------------------------------------------------------------------------
DATA16_Z
  Relative segment, address: 1C38 - 1C57 (0x20 bytes), align: 1
  Segment part 38.            Intra module refs:   ADC_Sample
           ENTRY                   ADDRESS         REF BY
           =====                   =======         ======
           A                       1C38            ADC_Element (hydrologytask)
    -------------------------------------------------------------------------
<CODE> 2 (was CODE)
  Relative segment, address: 000132BE - 00013359 (0x9c bytes), align: 1
  Segment part 39.
           ENTRY                   ADDRESS         REF BY
           =====                   =======         ======
           ADC_Open                000132BE        Sampler_Open (Sampler)
               calls direct
    -------------------------------------------------------------------------
<CODE> 1 (was CODE)
  Relative segment, address: B0FA - B5DD (0x4e4 bytes), align: 1
  Segment part 41.
           ENTRY                   ADDRESS         REF BY
           =====                   =======         ======
           ADC_Sample              B0FA            HydrologySample (hydrologytask)
               calls direct
    -------------------------------------------------------------------------
<CODE> 2 (was CODE)
  Relative segment, address: 00017214 - 0001721F (0xc bytes), align: 1
  Segment part 42.
           ENTRY                   ADDRESS         REF BY
           =====                   =======         ======
           ADC_Close               00017214        Sampler_Close (Sampler)

    *************************************************************************

  FILE NAME : \\Mac\Home\work\RTUV3.3_GPRS-ÒªËØ»ùÖµ¿ÉÅä-ÐÞ¸Ä´æ´¢ÒªËØÇøÓòÎªÆ¬ÄÚ-Â¬Òã20200505-Ë®ÎÄÐ­Òé-µØÏÂË®200530\Debug\Obj\adc10_a.r43
    *************************************************************************

  FILE NAME : \\Mac\Home\work\RTUV3.3_GPRS-ÒªËØ»ùÖµ¿ÉÅä-ÐÞ¸Ä´æ´¢ÒªËØÇøÓòÎªÆ¬ÄÚ-Â¬Òã20200505-Ë®ÎÄÐ­Òé-µØÏÂË®200530\Debug\Obj\adc12_a.r43
    *************************************************************************

  FILE NAME : \\Mac\Home\work\RTUV3.3_GPRS-ÒªËØ»ùÖµ¿ÉÅä-ÐÞ¸Ä´æ´¢ÒªËØÇøÓòÎªÆ¬ÄÚ-Â¬Òã20200505-Ë®ÎÄÐ­Òé-µØÏÂË®200530\Debug\Obj\aes.r43
    *************************************************************************

  FILE NAME : \\Mac\Home\work\RTUV3.3_GPRS-ÒªËØ»ùÖµ¿ÉÅä-ÐÞ¸Ä´æ´¢ÒªËØÇøÓòÎªÆ¬ÄÚ-Â¬Òã20200505-Ë®ÎÄÐ­Òé-µØÏÂË®200530\Debug\Obj\battbak.r43
    *************************************************************************

  FILE NAME : \\Mac\Home\work\RTUV3.3_GPRS-ÒªËØ»ùÖµ¿ÉÅä-ÐÞ¸Ä´æ´¢ÒªËØÇøÓòÎªÆ¬ÄÚ-Â¬Òã20200505-Ë®ÎÄÐ­Òé-µØÏÂË®200530\Debug\Obj\BC95.r43
  PROGRAM MODULE, NAME : BC95

  SEGMENTS IN THE MODULE
  ======================
DATA16_AN
  Relative segment, address: 0282 - 0283 (0x2 bytes), align: 0
  Segment part 1. ROOT        Intra module refs:   Clear_ExternWatchdog (common)
                                                   GSM_Close (GSM)
                                                   GSM_Open (GSM)
                                                   IIC_SCL_HIGH (rtc)
                                                   IIC_SCL_LOW (rtc)
                                                   IIC_SDA_HIGH (rtc)
                                                   IIC_SDA_LOW (rtc)
                                                   Led7_Off (led)
                                                   Led7_On (led)
                                                   Led8_Off (led)
                                                   Led8_On (led)
                                                   Led_Init (led)
                                                   Led_OffAll (led)
                                                   Max3222_Close (common)
                                                   Max3222_Open (common)
                                                   Restart_Init (main)
                                                   Sampler_Close (Sampler)
                                                   Sampler_Open (Sampler)
                                                   TimerB_Init (timer)
                                                   UART1_Open (uart1)
                                                   UART1_Open_9600 (uart1)
                                                   camera_change (camera)
           ENTRY                   ADDRESS         REF BY
           =====                   =======         ======
           _A_PEOUT_L              0282 
           LOCAL                   ADDRESS         
           =====                   =======         
           PEOUT                   0282 
           PEOUT_H                 0283 
           PEOUT_L                 0282 
    -------------------------------------------------------------------------
DATA16_AN
  Relative segment, address: 0284 - 0285 (0x2 bytes), align: 0
  Segment part 2. ROOT        Intra module refs:   GSM_Close (GSM)
                                                   GSM_Open (GSM)
                                                   IIC_Ack (rtc)
                                                   IIC_NAck (rtc)
                                                   IIC_Read_Byte (rtc)
                                                   IIC_Send_Byte (rtc)
                                                   IIC_Start (rtc)
                                                   IIC_Stop (rtc)
                                                   IIC_Wait_Ack (rtc)
                                                   Led_Init (led)
                                                   Max3222_Close (common)
                                                   Max3222_Open (common)
                                                   RTC_Open (rtc)
                                                   Restart_Init (main)
                                                   Sampler_Close (Sampler)
                                                   Sampler_Open (Sampler)
                                                   TimerB_Init (timer)
                                                   UART1_Open (uart1)
                                                   UART1_Open_9600 (uart1)
                                                   UART2_Open (uart2)
                                                   UART3_Open (uart3)
           ENTRY                   ADDRESS         REF BY
           =====                   =======         ======
           _A_PEDIR_L              0284 
           LOCAL                   ADDRESS         
           =====                   =======         
           PEDIR                   0284 
           PEDIR_H                 0285 
           PEDIR_L                 0284 
    -------------------------------------------------------------------------
<CODE> 2 (was CODE)
  Relative segment, address: 000173AE - 000173B1 (0x4 bytes), align: 1
  Segment part 88.            Intra module refs:   GSM_AT_QueryTime (GSM)
           ENTRY                   ADDRESS         REF BY
           =====                   =======         ======
           strstr                  000173AE 
               calls direct
    -------------------------------------------------------------------------
<CODE> 2 (was CODE)
  Relative segment, address: 00017386 - 00017389 (0x4 bytes), align: 1
  Segment part 89.            Intra module refs:   Console_WriteHexCharln (Console)
                                                   GPRS_Receive (GTM900C)
                                                   GPRS_Send (GTM900C)
                                                   GRPS_AT_Receive_Response (GTM900C)
                                                   GRPS_AT_Send (GTM900C)
                                                   GSM_AT_QueryTime (GSM)
                                                   HydrologySaveData (hydrologytask)
                                                   Hydrology_ProcessGPRSReceieve (GTM900C)
                                                   WriteFlashInBank (flash)
                                                   camera_Take (camera)
                                                   hydrologyExitReceieve (message)
                                                   hydrologyExitSend (message)
           ENTRY                   ADDRESS         REF BY
           =====                   =======         ======
           free                    00017386 
               calls direct
    -------------------------------------------------------------------------
<CODE> 2 (was CODE)
  Relative segment, address: 0001737E - 00017381 (0x4 bytes), align: 1
  Segment part 90.            Intra module refs:   Console_WriteHexCharln (Console)
                                                   GPRS_Receive (GTM900C)
                                                   GPRS_Send (GTM900C)
                                                   GRPS_AT_Receive_Response (GTM900C)
                                                   GRPS_AT_Send (GTM900C)
                                                   GSM_AT_QueryTime (GSM)
                                                   HydrologySaveData (hydrologytask)
                                                   Hydrology_CalElementInfo (message)
                                                   WriteFlashInBank (flash)
                                                   camera_Take (camera)
                                                   hydrologyInitReceieve (message)
                                                   hydrologyInitSend (message)
                                                   hydrologyMakeDownBody (message)
                                                   hydrologyMakeUpBody (message)
                                                   mallocElement (message)
           ENTRY                   ADDRESS         REF BY
           =====                   =======         ======
           malloc                  0001737E 
               calls direct

    *************************************************************************

  FILE NAME : \\Mac\Home\work\RTUV3.3_GPRS-ÒªËØ»ùÖµ¿ÉÅä-ÐÞ¸Ä´æ´¢ÒªËØÇøÓòÎªÆ¬ÄÚ-Â¬Òã20200505-Ë®ÎÄÐ­Òé-µØÏÂË®200530\Debug\Obj\blueTooth.r43
  PROGRAM MODULE, NAME : blueTooth

  SEGMENTS IN THE MODULE
  ======================
DATA16_Z
  Relative segment, address: 1C58 - 1C59 (0x2 bytes), align: 1
  Segment part 71.            Intra module refs:   BLE_ISFINDBT
           ENTRY                   ADDRESS         REF BY
           =====                   =======         ======
           isbt                    1C58 
    -------------------------------------------------------------------------
<CODE> 2 (was CODE)
  Relative segment, address: 00017370 - 00017375 (0x6 bytes), align: 1
  Segment part 101.
           ENTRY                   ADDRESS         REF BY
           =====                   =======         ======
           BLE_ISFINDBT            00017370        Hydrology_InitWaitConfig (uart_config)
                                                   UART3_Send (uart3)

    *************************************************************************

  FILE NAME : \\Mac\Home\work\RTUV3.3_GPRS-ÒªËØ»ùÖµ¿ÉÅä-ÐÞ¸Ä´æ´¢ÒªËØÇøÓòÎªÆ¬ÄÚ-Â¬Òã20200505-Ë®ÎÄÐ­Òé-µØÏÂË®200530\Debug\Obj\camera.r43
  PROGRAM MODULE, NAME : camera

  SEGMENTS IN THE MODULE
  ======================
DATA16_C
  Relative segment, address: 5C2E - 5C34 (0x7 bytes), align: 0
  Segment part 3.             Intra module refs:   camera_TakeCmdSend
    -------------------------------------------------------------------------
DATA16_C
  Relative segment, address: 5C35 - 5C3A (0x6 bytes), align: 0
  Segment part 4.             Intra module refs:   camera_GetCmdSend
    -------------------------------------------------------------------------
DATA16_C
  Relative segment, address: 5C3B - 5C4A (0x10 bytes), align: 0
  Segment part 5.             Intra module refs:   camera_InfoRead
           LOCAL                   ADDRESS         
           =====                   =======         
           camera_InfoRead::__FUNCTION__
                                   5C3B 
    -------------------------------------------------------------------------
DATA16_C
  Relative segment, address: 5C4B - 5C64 (0x1a bytes), align: 0
  Segment part 7.             Intra module refs:   camera_InfoRead
    -------------------------------------------------------------------------
DATA16_C
  Relative segment, address: 5C65 - 5C7E (0x1a bytes), align: 0
  Segment part 8.             Intra module refs:   camera_InfoRead
    -------------------------------------------------------------------------
DATA16_C
  Relative segment, address: 5C7F - 5C98 (0x1a bytes), align: 0
  Segment part 9.             Intra module refs:   camera_InfoRead
    -------------------------------------------------------------------------
DATA16_C
  Relative segment, address: 5C99 - 5C9A (0x2 bytes), align: 0
  Segment part 10.            Intra module refs:   camera_PicturePacketHead
    -------------------------------------------------------------------------
DATA16_C
  Relative segment, address: 5C9B - 5CAF (0x15 bytes), align: 0
  Segment part 11.            Intra module refs:   camera_PicturePacket
           LOCAL                   ADDRESS         
           =====                   =======         
           camera_PicturePacket::__FUNCTION__
                                   5C9B 
    -------------------------------------------------------------------------
DATA16_C
  Relative segment, address: 5CB0 - 5CB6 (0x7 bytes), align: 0
  Segment part 16.            Intra module refs:   camera
           LOCAL                   ADDRESS         
           =====                   =======         
           camera::__FUNCTION__    5CB0 
    -------------------------------------------------------------------------
DATA16_C
  Relative segment, address: 5CB7 - 5CCB (0x15 bytes), align: 0
  Segment part 17.            Intra module refs:   camera
    -------------------------------------------------------------------------
DATA16_C
  Relative segment, address: 5CCC - 5CDF (0x14 bytes), align: 0
  Segment part 18.            Intra module refs:   camera
    -------------------------------------------------------------------------
DATA16_C
  Relative segment, address: 5CE0 - 5CE0 (0x1 bytes), align: 0
  Segment part 19.            Intra module refs:   camera_TakeCmdSend
           LOCAL                   ADDRESS         
           =====                   =======         
           reso                    5CE0 
    -------------------------------------------------------------------------
DATA16_Z
  Relative segment, address: 1D50 - 1D53 (0x4 bytes), align: 0
  Segment part 20.            Intra module refs:   camera_AckRead
                                                   camera_PictureGet
                                                   camera_PictureTake
           ENTRY                   ADDRESS         REF BY
           =====                   =======         ======
           ack                     1D50 
    -------------------------------------------------------------------------
DATA16_Z
  Relative segment, address: 1D54 - 1D5D (0xa bytes), align: 0
  Segment part 21.            Intra module refs:   camera_InfoRead
                                                   camera_PictureTake
           ENTRY                   ADDRESS         REF BY
           =====                   =======         ======
           pic_info                1D54 
    -------------------------------------------------------------------------
DATA16_Z
  Relative segment, address: 1C5A - 1C5B (0x2 bytes), align: 1
  Segment part 22.            Intra module refs:   camera_DatapackRead
                                                   camera_PictureGet
                                                   camera_Take
           ENTRY                   ADDRESS         REF BY
           =====                   =======         ======
           pic_packet              1C5A 
    -------------------------------------------------------------------------
DATA16_Z
  Relative segment, address: 1D5E - 1D5E (0x1 bytes), align: 0
  Segment part 23.            Intra module refs:   camera_InfoRead
           ENTRY                   ADDRESS         REF BY
           =====                   =======         ======
           device_id               1D5E            UART2_RX_ISR (uart2)
    -------------------------------------------------------------------------
DATA16_Z
  Relative segment, address: 1D5F - 1D5F (0x1 bytes), align: 0
  Segment part 24.            Intra module refs:   camera_PacketSend
                                                   camera_PicturePacketHead
           ENTRY                   ADDRESS         REF BY
           =====                   =======         ======
           pack_num_sd             1D5F 
    -------------------------------------------------------------------------
DATA16_Z
  Relative segment, address: 1D60 - 1D60 (0x1 bytes), align: 0
  Segment part 25.            Intra module refs:   camera_PacketSend
                                                   camera_PicturePacketHead
           ENTRY                   ADDRESS         REF BY
           =====                   =======         ======
           serial_num              1D60 
    -------------------------------------------------------------------------
DATA16_Z
  Relative segment, address: 1D61 - 1D66 (0x6 bytes), align: 0
  Segment part 26.            Intra module refs:   camera_PacketSend
                                                   camera_PicturePacketInfo
           ENTRY                   ADDRESS         REF BY
           =====                   =======         ======
           send_time               1D61 
    -------------------------------------------------------------------------
DATA16_Z
  Relative segment, address: 1D67 - 1D6B (0x5 bytes), align: 0
  Segment part 27.            Intra module refs:   camera_PicturePacketInfo
                                                   camera_Take
           ENTRY                   ADDRESS         REF BY
           =====                   =======         ======
           shoot_time              1D67 
    -------------------------------------------------------------------------
DATA16_Z
  Relative segment, address: 1D6C - 1D6C (0x1 bytes), align: 0
  Segment part 28.            Intra module refs:   camera_DatapackRead
                                                   camera_Take
           ENTRY                   ADDRESS         REF BY
           =====                   =======         ======
           last_packet             1D6C            UART2_RX_ISR (uart2)
    -------------------------------------------------------------------------
DATA16_Z
  Relative segment, address: 1C5C - 1C6F (0x14 bytes), align: 1
  Segment part 29.            Intra module refs:   camera_DatapackRead
                                                   camera_InfoRead
                                                   camera_Init
                                                   camera_PacketSend
                                                   camera_PictureGet
                                                   camera_Take
           ENTRY                   ADDRESS         REF BY
           =====                   =======         ======
           camera_i                1C5C            UART2_RX_ISR (uart2)
    -------------------------------------------------------------------------
DATA16_Z
  Relative segment, address: 1C70 - 1C83 (0x14 bytes), align: 1
  Segment part 30.            Intra module refs:   camera_DatapackRead
                                                   camera_InfoRead
                                                   camera_Init
                                                   camera_PacketSend
                                                   camera_PictureGet
                                                   camera_Take
           ENTRY                   ADDRESS         REF BY
           =====                   =======         ======
           camera_ii               1C70            UART2_RX_ISR (uart2)
    -------------------------------------------------------------------------
<CODE> 2 (was CODE)
  Relative segment, address: 00015430 - 00015483 (0x54 bytes), align: 1
  Segment part 33.            Intra module refs:   camera_PictureTake
           ENTRY                   ADDRESS         REF BY
           =====                   =======         ======
           camera_TakeCmdSend      00015430 
               calls direct
    -------------------------------------------------------------------------
<CODE> 2 (was CODE)
  Relative segment, address: 00015CC0 - 00015CFF (0x40 bytes), align: 1
  Segment part 34.            Intra module refs:   camera_PictureGet
           ENTRY                   ADDRESS         REF BY
           =====                   =======         ======
           camera_GetCmdSend       00015CC0 
               calls direct
    -------------------------------------------------------------------------
<CODE> 2 (was CODE)
  Relative segment, address: 00016C80 - 00016C9F (0x20 bytes), align: 1
  Segment part 35.            Intra module refs:   camera_PictureGet
                                                   camera_PictureTake
           ENTRY                   ADDRESS         REF BY
           =====                   =======         ======
           camera_AckRead          00016C80 
               calls direct
    -------------------------------------------------------------------------
<CODE> 1 (was CODE)
  Relative segment, address: E8FE - EA95 (0x198 bytes), align: 1
  Segment part 36.            Intra module refs:   camera_PictureTake
           ENTRY                   ADDRESS         REF BY
           =====                   =======         ======
           camera_InfoRead         E8FE 
               calls direct
    -------------------------------------------------------------------------
<CODE> 2 (was CODE)
  Relative segment, address: 000155D0 - 0001561F (0x50 bytes), align: 1
  Segment part 37.            Intra module refs:   camera_PictureGet
           ENTRY                   ADDRESS         REF BY
           =====                   =======         ======
           camera_DatapackRead     000155D0 
               calls direct
    -------------------------------------------------------------------------
<CODE> 2 (was CODE)
  Relative segment, address: 0001630C - 00016343 (0x38 bytes), align: 1
  Segment part 38.            Intra module refs:   camera_Take
           ENTRY                   ADDRESS         REF BY
           =====                   =======         ======
           camera_PictureTake      0001630C 
               calls direct
    -------------------------------------------------------------------------
<CODE> 2 (was CODE)
  Relative segment, address: 00014302 - 0001437D (0x7c bytes), align: 1
  Segment part 39.            Intra module refs:   camera_Take
           ENTRY                   ADDRESS         REF BY
           =====                   =======         ======
           camera_PictureGet       00014302 
               calls direct
    -------------------------------------------------------------------------
<CODE> 2 (was CODE)
  Relative segment, address: 00010D62 - 00010E75 (0x114 bytes), align: 1
  Segment part 40.            Intra module refs:   camera_PicturePacket
           ENTRY                   ADDRESS         REF BY
           =====                   =======         ======
           camera_PicturePacketHead
                                   00010D62 
               calls direct
    -------------------------------------------------------------------------
<CODE> 2 (was CODE)
  Relative segment, address: 00011FEC - 000120BB (0xd0 bytes), align: 1
  Segment part 41.            Intra module refs:   camera_PicturePacket
[...]
  Segment part 23.
           ENTRY                   ADDRESS         REF BY
           =====                   =======         ======
           _PrintfFullNoMb         BAAA            printf (?printf)
                                                   sprintf (?sprintf)
               calls direct
    -------------------------------------------------------------------------
<CODE> 2 (was CODE)
  Relative segment, address: 00016C3E - 00016C45 (0x8 bytes), align: 1
  Segment part 27.            Intra module refs:   Segment part 30
                                                   _PrintfFullNoMb
    -------------------------------------------------------------------------
<CODE> 2 (was CODE)
  Relative segment, address: 00016C46 - 00016C4D (0x8 bytes), align: 1
  Segment part 28.            Intra module refs:   _PrintfFullNoMb
    -------------------------------------------------------------------------
<CODE> 2 (was CODE)
  Relative segment, address: 00016C4E - 00016C59 (0xc bytes), align: 1
  Segment part 29.            Intra module refs:   Segment part 27
                                                   Segment part 28
    -------------------------------------------------------------------------
<CODE> 2 (was CODE)
  Relative segment, address: 00016C5A - 00016C5F (0x6 bytes), align: 1
  Segment part 30.            Intra module refs:   _PrintfFullNoMb
    -------------------------------------------------------------------------
<CODE> 1 (was CODE)
  Relative segment, address: 95C4 - 9647 (0x84 bytes), align: 1
  Segment part 8.             Intra module refs:   _PrintfFullNoMb
           LOCAL                   ADDRESS         
           =====                   =======         
           LoadInt                 95C4 
    -------------------------------------------------------------------------
<CODE> 1 (was CODE)
  Relative segment, address: 9648 - 9655 (0xe bytes), align: 1
  Segment part 9.             Intra module refs:   LoadInt
    -------------------------------------------------------------------------
<CODE> 1 (was CODE)
  Relative segment, address: 9656 - 98AF (0x25a bytes), align: 1
  Segment part 10.            Intra module refs:   _LdtobFullNoMb
           LOCAL                   ADDRESS         
           =====                   =======         
           _GenldFullNoMb          9656 
               calls direct
    -------------------------------------------------------------------------
<CODE> 1 (was CODE)
  Relative segment, address: 98B0 - 98BF (0x10 bytes), align: 1
  Segment part 11.            Intra module refs:   _GenldFullNoMb
    -------------------------------------------------------------------------
<CODE> 1 (was CODE)
  Relative segment, address: 98C0 - 98CD (0xe bytes), align: 1
  Segment part 12.            Intra module refs:   Segment part 11
                                                   _GenldFullNoMb
    -------------------------------------------------------------------------
<CODE> 1 (was CODE)
  Relative segment, address: 98CE - 98EB (0x1e bytes), align: 1
  Segment part 13.            Intra module refs:   _GenldFullNoMb
    -------------------------------------------------------------------------
<CODE> 1 (was CODE)
  Relative segment, address: 98EC - 992D (0x42 bytes), align: 1
  Segment part 14.            Intra module refs:   _LdtobFullNoMb
           LOCAL                   ADDRESS         
           =====                   =======         
           scale                   98EC 
               calls direct
    -------------------------------------------------------------------------
<CODE> 1 (was CODE)
  Relative segment, address: 992E - 9D13 (0x3e6 bytes), align: 1
  Segment part 15.            Intra module refs:   _PrintfFullNoMb
           LOCAL                   ADDRESS         
           =====                   =======         
           _LdtobFullNoMb          992E 
               calls direct
    -------------------------------------------------------------------------
<CODE> 1 (was CODE)
  Relative segment, address: 9D14 - 9D19 (0x6 bytes), align: 1
  Segment part 16.            Intra module refs:   _LdtobFullNoMb
    -------------------------------------------------------------------------
<CODE> 1 (was CODE)
  Relative segment, address: 9D1A - 9D23 (0xa bytes), align: 1
  Segment part 17.            Intra module refs:   Segment part 16
                                                   _LdtobFullNoMb
    -------------------------------------------------------------------------
<CODE> 1 (was CODE)
  Relative segment, address: 9D24 - 9D2D (0xa bytes), align: 1
  Segment part 18.            Intra module refs:   _LdtobFullNoMb
    -------------------------------------------------------------------------
<CODE> 1 (was CODE)
  Relative segment, address: 9D2E - 9D3D (0x10 bytes), align: 1
  Segment part 19.            Intra module refs:   _LdtobFullNoMb
    -------------------------------------------------------------------------
<CODE> 1 (was CODE)
  Relative segment, address: 9D3E - 9EE3 (0x1a6 bytes), align: 1
  Segment part 20.            Intra module refs:   _PrintfFullNoMb
           LOCAL                   ADDRESS         
           =====                   =======         
           _LitobFullNoMb          9D3E 
               calls direct
    -------------------------------------------------------------------------
<CODE> 1 (was CODE)
  Relative segment, address: 9EE4 - 9EF5 (0x12 bytes), align: 1
  Segment part 21.            Intra module refs:   _LitobFullNoMb
    -------------------------------------------------------------------------
<CODE> 1 (was CODE)
  Relative segment, address: 9EF6 - 9EFF (0xa bytes), align: 1
  Segment part 22.            Intra module refs:   LoadInt
                                                   _LitobFullNoMb
                                                   _PrintfFullNoMb
    -------------------------------------------------------------------------
<CODE> 2 (was CODE)
  Relative segment, address: 0001641C - 00016451 (0x36 bytes), align: 1
  Segment part 32.            Intra module refs:   Segment part 27
           LOCAL                   ADDRESS         
           =====                   =======         
           pad                     0001641C 
               calls direct
    -------------------------------------------------------------------------
<CODE> 2 (was CODE)
  Relative segment, address: 000169F4 - 00016A1B (0x28 bytes), align: 1
  Segment part 33.            Intra module refs:   _PrintfFullNoMb
                                                   _PutcharsFullNoMb
           LOCAL                   ADDRESS         
           =====                   =======         
           _PutcharFullNoMb        000169F4 
               calls indirect
    -------------------------------------------------------------------------
<CODE> 2 (was CODE)
  Relative segment, address: 000168C8 - 000168F3 (0x2c bytes), align: 1
  Segment part 34.            Intra module refs:   Segment part 28
                                                   pad
           LOCAL                   ADDRESS         
           =====                   =======         
           _PutcharsFullNoMb       000168C8 
               calls direct
    -------------------------------------------------------------------------
<CODE> 2 (was CODE)
  Relative segment, address: 00017284 - 0001728D (0xa bytes), align: 1
  Segment part 24.            Intra module refs:   _PrintfFullNoMb
    -------------------------------------------------------------------------
<CODE> 2 (was CODE)
  Relative segment, address: 000171C2 - 000171CF (0xe bytes), align: 1
  Segment part 25.            Intra module refs:   _PrintfFullNoMb
    -------------------------------------------------------------------------
<CODE> 2 (was CODE)
  Relative segment, address: 0001701C - 0001702D (0x12 bytes), align: 1
  Segment part 26.            Intra module refs:   _PrintfFullNoMb
    -------------------------------------------------------------------------
<CODE> 2 (was CODE)
  Relative segment, address: 00015E7E - 00015EBB (0x3e bytes), align: 1
  Segment part 31.            Intra module refs:   _PrintfFullNoMb
    -------------------------------------------------------------------------
DATA16_C
  Relative segment, address: 7035 - 703B (0x7 bytes), align: 0
  Segment part 2.             Intra module refs:   _PrintfFullNoMb
    -------------------------------------------------------------------------
DATA16_C
  Relative segment, address: 703C - 703F (0x4 bytes), align: 0
  Segment part 3.             Intra module refs:   _LdtobFullNoMb
    -------------------------------------------------------------------------
DATA16_C
  Relative segment, address: 7040 - 7043 (0x4 bytes), align: 0
  Segment part 4.             Intra module refs:   _LdtobFullNoMb
    -------------------------------------------------------------------------
DATA16_C
  Relative segment, address: 7044 - 7047 (0x4 bytes), align: 0
  Segment part 5.             Intra module refs:   _LdtobFullNoMb
    -------------------------------------------------------------------------
DATA16_C
  Relative segment, address: 7048 - 704B (0x4 bytes), align: 0
  Segment part 6.             Intra module refs:   _LdtobFullNoMb
    -------------------------------------------------------------------------
DATA16_C
  Relative segment, address: 704C - 704D (0x2 bytes), align: 0
  Segment part 7.             Intra module refs:   _GenldFullNoMb

    -------------------------------------------------------------------------
  LIBRARY MODULE, NAME : ?xprout

  SEGMENTS IN THE MODULE
  ======================
<CODE> 2 (was CODE)
  Relative segment, address: 00016F44 - 00016F5B (0x18 bytes), align: 1
  Segment part 2.
           ENTRY                   ADDRESS         REF BY
           =====                   =======         ======
           _Prout                  00016F44        printf (?printf)
               calls direct

    -------------------------------------------------------------------------
  LIBRARY MODULE, NAME : ?xsprout

  SEGMENTS IN THE MODULE
  ======================
<CODE> 2 (was CODE)
  Relative segment, address: 00017220 - 0001722B (0xc bytes), align: 1
  Segment part 2.
           ENTRY                   ADDRESS         REF BY
           =====                   =======         ======
           _SProut                 00017220        sprintf (?sprintf)

    -------------------------------------------------------------------------
  LIBRARY MODULE, NAME : ?xstoul

  SEGMENTS IN THE MODULE
  ======================
DATA16_C
  Relative segment, address: 704E - 7072 (0x25 bytes), align: 0
  Segment part 2.             Intra module refs:   __iar_Stoulx
    -------------------------------------------------------------------------
DATA16_C
  Relative segment, address: 7073 - 7097 (0x25 bytes), align: 0
  Segment part 3.             Intra module refs:   __iar_Stoulx
    -------------------------------------------------------------------------
<CODE> 1 (was CODE)
  Relative segment, address: EA96 - EC1D (0x188 bytes), align: 1
  Segment part 4.             Intra module refs:   __iar_Stoul
           ENTRY                   ADDRESS         REF BY
           =====                   =======         ======
           __iar_Stoulx            EA96 
               calls direct
    -------------------------------------------------------------------------
<CODE> 2 (was CODE)
  Relative segment, address: 00017198 - 000171A5 (0xe bytes), align: 1
  Segment part 5.             Intra module refs:   __iar_Stoulx
    -------------------------------------------------------------------------
<CODE> 2 (was CODE)
  Relative segment, address: 00017346 - 0001734B (0x6 bytes), align: 1
  Segment part 6.
           ENTRY                   ADDRESS         REF BY
           =====                   =======         ======
           __iar_Stoul             00017346        atoi (?atoi)
               calls direct

    -------------------------------------------------------------------------
  LIBRARY MODULE, NAME : ?xxmemxfree

  SEGMENTS IN THE MODULE
  ======================
<CODE> 2 (was CODE)
  Relative segment, address: 00013EF8 - 00013F7D (0x86 bytes), align: 1
  Segment part 2.
           ENTRY                   ADDRESS         REF BY
           =====                   =======         ======
           __data16_free           00013EF8        __data16_findmem (?xxmemxmalloc)
                                                   free (BC95)

    -------------------------------------------------------------------------
  LIBRARY MODULE, NAME : ?xxmemxmalloc

  SEGMENTS IN THE MODULE
  ======================
DATA16_Z
  Relative segment, address: 1D4C - 1D4F (0x4 bytes), align: 1
  Segment part 2.             Intra module refs:   __data16_findmem
                                                   __data16_malloc
           ENTRY                   ADDRESS         REF BY
           =====                   =======         ======
           __data16_Aldata         1D4C            __data16_free (?xxmemxfree)
    -------------------------------------------------------------------------
<CODE> 2 (was CODE)
  Relative segment, address: 00014DEE - 00014E51 (0x64 bytes), align: 1
  Segment part 3.             Intra module refs:   __data16_malloc
           LOCAL                   ADDRESS         
           =====                   =======         
           __data16_findmem        00014DEE 
               calls direct
    -------------------------------------------------------------------------
<CODE> 2 (was CODE)
  Relative segment, address: 00014886 - 000148F3 (0x6e bytes), align: 1
  Segment part 4.
           ENTRY                   ADDRESS         REF BY
           =====                   =======         ======
           __data16_malloc         00014886        malloc (BC95)
               calls direct




                ****************************************
                *                                      *
                *      SEGMENTS IN ADDRESS ORDER       *
                *                                      *
                ****************************************


SEGMENT              SPACE    START ADDRESS   END ADDRESS     SIZE  TYPE  ALIGN
=======              =====    =============   ===========     ====  ====  =====
DATA16_AN                              0100 - 0103               4   rel    0
                                       0120 - 0121               2 
                                       0124 - 0127               4 
                                       012C - 012D               2 
                                       0140 - 0141               2 
                                       0144 - 0145               2 
                                       015C - 015D               2 
                                       0168 - 016F               8 
                                       0200 - 0205               6 
                                       020A - 020B               2 
                                       0218 - 021D               6 
                                       0220 - 0225               6 
                                       022A - 022B               2 
                                       0242 - 0245               4 
                                       024A - 024B               2 
                                       0260 - 0265               6 
                                       026A - 026B               2 
                                       0280 - 0285               6 
                                       028A - 028B               2 
                                       02A2 - 02A5               4 
                                       0340 - 0343               4 
                                       0352 - 0353               2 
                                       0380 - 0383               4 
                                       0392 - 0393               2 
                                       03C0 - 03C7               8 
                                       03D2 - 03D7               6 
                                       03EE - 03EF               2 
                                       05C0 - 05C1               2 
                                       05C6 - 05C8               3 
                                       05CC - 05CC               1 
                                       05CE - 05CE               1 
                                       05DC - 05DD               2 
                                       0600 - 0601               2 
                                       0606 - 0608               3 
                                       060C - 060C               1 
                                       060E - 060E               1 
                                       061C - 061D               2 
                                       0640 - 0641               2 
                                       0646 - 0648               3 
                                       064C - 064C               1 
                                       064E - 064E               1 
                                       065C - 065D               2 
                                       0680 - 0681               2 
                                       0686 - 0688               3 
                                       068C - 068C               1 
                                       068E - 068E               1 
                                       069C - 069D               2 
                                       0700 - 0703               4 
                                       0710 - 073F              30 
DATA16_I                               1C00 - 1C36              37   rel    1
DATA16_Z                               1C38 - 2DE8            11B1   rel    1
DATA16_HEAP                            2DEA - 4559            1770   rel    1
CODE_I                                    455A                       rel    1
DATA20_I                                  455A                       rel    1
DATA20_Z                                  455A                       rel    1
DATA20_N                                  455A                       rel    1
CSTACK                                 4848 - 5BFF            13B8   rel    1
DATA16_C                               5C00 - 7097            1498   rel    1
DATA16_ID                              7098 - 70CE              37   rel    1
CSTART                                 70D0 - 70F7              28   rel    1
ISR_CODE                               70F8 - 7D49             C52   rel    1
<CODE> 1                               7D4A - FF7F            8236   rel    1
INTVEC                                 FF80 - FFF9              7A   com    1
RESET                                  FFFE - FFFF               2   rel    1
<CODE> 2                           00010000 - 000173C1        73C2   rel    1
DATA20_ID                               000173C2                     rel    1
CODE_ID                                 000173C2                     rel    1
DATA20_C                                000173C2                     rel    1

                ****************************************
                *                                      *
                *        END OF CROSS REFERENCE        *
                *                                      *
                ****************************************

 66 286 bytes of CODE  memory
 15 632 bytes of DATA  memory (+ 190 absolute )
  5 327 bytes of CONST memory

Errors: none
Warnings: 22

