Warning[w6]: Type conflict for external/entry "camera", in module message against external/entry in module camera; function return types are different; different basic types
  /* In module message: */
  /* K&R Function, args 0, attr 0 */
  int (__cc_version2 camera)();
  /* In module camera: */
  /* K&R Function, args 0, attr 0 */
  void (__cc_version2 camera)();
Warning[w6]: Type conflict for external/entry "Read_Flash_Segment", in module hydrologycommand against external/entry in module flash; prototyped function vs K&R function
  /* In module hydrologycommand: */
  /* K&R Function, args 0, attr 0 */
  int (__cc_version2 Read_Flash_Segment)();
  /* In module flash: */
  /* Function, args 3, attr 0 */
  void (__cc_version2 Read_Flash_Segment)(unsigned long,
                                          char *,
                                          int);
Warning[w6]: Type conflict for external/entry "Write_Flash_Segment", in module hydrologycommand against external/entry in module flash; prototyped function vs K&R function
  /* In module hydrologycommand: */
  /* K&R Function, args 0, attr 0 */
  int (__cc_version2 Write_Flash_Segment)();
  /* In module flash: */
  /* Function, args 3, attr 0 */
  void (__cc_version2 Write_Flash_Segment)(unsigned long,
                                           char *,
                                           int);
Warning[w6]: Type conflict for external/entry "GSM_AT_QueryTime", in module hydrologytask against external/entry in module GSM; prototyped function vs K&R function
  /* In module hydrologytask: */
  /* K&R Function, args 0, attr 0 */
  int (__cc_version2 GSM_AT_QueryTime)();
  /* In module GSM: */
  /* Function, args 6, attr 0 */
  int (__cc_version2 GSM_AT_QueryTime)(char *,
                                       char *,
                                       char *,
                                       char *,
                                       char *,
                                       char *);
Warning[w6]: Type conflict for external/entry "GSM_Close", in module hydrologytask against external/entry in module GSM; prototyped function vs K&R function
  /* In module hydrologytask: */
  /* K&R Function, args 0, attr 0 */
  int (__cc_version2 GSM_Close)();
  /* In module GSM: */
  /* Function, args 1, attr 0 */
  int (__cc_version2 GSM_Close)(int);
Warning[w6]: Type conflict for external/entry "GSM_Process", in module main against external/entry in module GSM; prototyped function vs K&R function
  /* In module main: */
  /* K&R Function, args 0, attr 0 */
  int (__cc_version2 GSM_Process)();
  /* In module GSM: */
  /* Function, args 2, attr 0 */
  int (__cc_version2 GSM_Process)(int,
                                  int);
Warning[w6]: Type conflict for external/entry "GSM_SendMsgTxt", in module main against external/entry in module GSM; prototyped function vs K&R function
  /* In module main: */
  /* K&R Function, args 0, attr 0 */
  int (__cc_version2 GSM_SendMsgTxt)();
  /* In module GSM: */
  /* Function, args 3, attr 0 */
  int (__cc_version2 GSM_SendMsgTxt)(char *,
                                     char *,
                                     int);
Warning[w6]: Type conflict for external/entry "Led1_WorkLightOff", in module GTM900C against external/entry in module led; function return types are different; different basic types
  /* In module GTM900C: */
  /* K&R Function, args 0, attr 0 */
  int (__cc_version2 Led1_WorkLightOff)();
  /* In module led: */
  /* K&R Function, args 0, attr 0 */
  void (__cc_version2 Led1_WorkLightOff)();
Warning[w6]: Type conflict for external/entry "Led_OffAll", in module adc against external/entry in module led; function return types are different; different basic types
  /* In module adc: */
  /* K&R Function, args 0, attr 0 */
  int (__cc_version2 Led_OffAll)();
  /* In module led: */
  /* K&R Function, args 0, attr 0 */
  void (__cc_version2 Led_OffAll)();
Warning[w6]: Type conflict for external/entry "Is_RS485_1", in module hydrologycommand against external/entry in module main; different basic types
  /* In module hydrologycommand: */
  int Is_RS485_1;
  /* In module main: */
  bool Is_RS485_1;
Warning[w6]: Type conflict for external/entry "Is_uart1_RX_INT", in module hydrologycommand against external/entry in module main; different basic types
  /* In module hydrologycommand: */
  int Is_uart1_RX_INT;
  /* In module main: */
  bool Is_uart1_RX_INT;
Warning[w6]: Type conflict for external/entry "mallocElement", in module hydrologytask against external/entry in module message; prototyped function vs K&R function
  /* In module hydrologytask: */
  /* K&R Function, args 0, attr 0 */
  int (__cc_version2 mallocElement)();
  /* In module message: */
  /* Function, args 4, attr 0 */
  int (__cc_version2 mallocElement)(char,
                                    char,
                                    char,
                                    hydrologyElement *);
    typedef struct tagHydrologyElement hydrologyElement;
Warning[w6]: Type conflict for external/entry "_BCDtoHEX", in module hydrologycommand against external/entry in module rtc; prototyped function vs K&R function
  /* In module hydrologycommand: */
  /* K&R Function, args 0, attr 0 */
  int (__cc_version2 _BCDtoHEX)();
  /* In module rtc: */
  /* Function, args 1, attr 0 */
  char (__cc_version2 _BCDtoHEX)(char);
Warning[w6]: Type conflict for external/entry "led_flash_init", in module adc against external/entry in module sys_status; prototyped function vs K&R function
  /* In module adc: */
  /* K&R Function, args 0, attr 0 */
  int (__cc_version2 led_flash_init)();
  /* In module sys_status: */
  /* Function, args 1, attr 0 */
  void (__cc_version2 led_flash_init)(unsigned int);
Warning[w6]: Type conflict for external/entry "sys_error_status", in module timer against external/entry in module sys_status; prototyped function vs K&R function
  /* In module timer: */
  /* K&R Function, args 0, attr 0 */
  int (__cc_version2 sys_error_status)();
  /* In module sys_status: */
  /* Function, args 1, attr 0 */
  void (__cc_version2 sys_error_status)(unsigned int);
Warning[w6]: Type conflict for external/entry "Timer0_A0_Clear", in module adc against external/entry in module timer; function return types are different; different basic types
  /* In module adc: */
  /* K&R Function, args 0, attr 0 */
  int (__cc_version2 Timer0_A0_Clear)();
  /* In module timer: */
  /* K&R Function, args 0, attr 0 */
  void (__cc_version2 Timer0_A0_Clear)();
Warning[w6]: Type conflict for external/entry "Timer0_A0_Enable", in module adc against external/entry in module timer; function return types are different; different basic types
  /* In module adc: */
  /* K&R Function, args 0, attr 0 */
  int (__cc_version2 Timer0_A0_Enable)();
  /* In module timer: */
  /* K&R Function, args 0, attr 0 */
  void (__cc_version2 Timer0_A0_Enable)();
Warning[w6]: Type conflict for external/entry "Timer0_A0_Init", in module main against external/entry in module timer; prototyped function vs K&R function
  /* In module main: */
  /* K&R Function, args 0, attr 0 */
  int (__cc_version2 Timer0_A0_Init)();
  /* In module timer: */
  /* Function, args 1, attr 0 */
  void (__cc_version2 Timer0_A0_Init)(unsigned int);
Warning[w6]: Type conflict for external/entry "Timer1_A0_Init", in module main against external/entry in module timer; prototyped function vs K&R function
  /* In module main: */
  /* K&R Function, args 0, attr 0 */
  int (__cc_version2 Timer1_A0_Init)();
  /* In module timer: */
  /* Function, args 1, attr 0 */
  void (__cc_version2 Timer1_A0_Init)(unsigned int);
Warning[w6]: Type conflict for external/entry "sys_errorcode_runcode", in module uart_config against external/entry in module timer; different basic types
  /* In module uart_config: */
  int sys_errorcode_runcode;
  /* In module timer: */
  unsigned int sys_errorcode_runcode;
Warning[w6]: Type conflict for external/entry "Judge_Watermeter", in module uart3 against external/entry in module uart1; function return types are different; different basic types
  /* In module uart3: */
  /* K&R Function, args 0, attr 0 */
  int (__cc_version2 Judge_Watermeter)();
  /* In module uart1: */
  /* K&R Function, args 0, attr 0 */
  void (__cc_version2 Judge_Watermeter)();
Warning[w6]: Type conflict for external/entry "printf", in module ioDev against external/entry in module ?printf; prototyped function vs K&R function
  /* In module ioDev: */
  /* K&R Function, args 0, attr 0 */
  int (__cc_version2 printf)();
  /* In module ?printf: */
  /* Function, args 2, attr 0 */
  int (__cc_version2 printf)(char const *,
                             ...);
################################################################################
#                                                                              #
#      IAR Universal Linker V6.5.4.100                                         #
#                                                                              #
#           Link time     =  15/Dec/2020  21:27:16                             #
#           Target CPU    =  MSP430                                            #
#           List file     =  \\Mac\Home\work\RTUV3.3_GPRS-ÒªËØ»ùÖµ¿ÉÅä-ÐÞ¸Ä´æ´ #
#                            ¢ÒªËØÇøÓòÎªÆ¬ÄÚ-Â¬Òã20200505-Ë®ÎÄÐ­Òé-µØÏÂË®20053 #
#                            0\Debug\List\RTUtest_GP.map                       #
#           Output file 1 =  \\Mac\Home\work\RTUV3.3_GPRS-ÒªËØ»ùÖµ¿ÉÅä-ÐÞ¸Ä´æ´ #
#                            ¢ÒªËØÇøÓòÎªÆ¬ÄÚ-Â¬Òã20200505-Ë®ÎÄÐ­Òé-µØÏÂË®20053 #
#                            0\Debug\Exe\RTUtest_GP.d43                        #
#                            Format: ubrof10                                   #
#                            UBROF version 10.0.6                              #
#                            Using library modules for C-SPY (-rt)             #
#           Command line  =  -f C:\Users\83797\AppData\Local\Temp\EW9F26.tmp   #
#                            (\\Mac\Home\work\RTUV3.3_GPRS-ÒªËØ»ùÖµ¿ÉÅä-ÐÞ¸Ä´æ #
#                            ´¢ÒªËØÇøÓòÎªÆ¬ÄÚ-Â¬Òã20200505-Ë®ÎÄÐ­Òé-µØÏÂË®2005 #
#                            30\Debug\Obj\adc.r43                              #
#                            \\Mac\Home\work\RTUV3.3_GPRS-ÒªËØ»ùÖµ¿ÉÅä-ÐÞ¸Ä´æ´ #
#                            ¢ÒªËØÇøÓòÎªÆ¬ÄÚ-Â¬Òã20200505-Ë®ÎÄÐ­Òé-µØÏÂË®20053 #
#                            0\Debug\Obj\adc10_a.r43                           #
#                            \\Mac\Home\work\RTUV3.3_GPRS-ÒªËØ»ùÖµ¿ÉÅä-ÐÞ¸Ä´æ´ #
#                            ¢ÒªËØÇøÓòÎªÆ¬ÄÚ-Â¬Òã20200505-Ë®ÎÄÐ­Òé-µØÏÂË®20053 #
#                            0\Debug\Obj\adc12_a.r43                           #
#                            \\Mac\Home\work\RTUV3.3_GPRS-ÒªËØ»ùÖµ¿ÉÅä-ÐÞ¸Ä´æ´ #
#                            ¢ÒªËØÇøÓòÎªÆ¬ÄÚ-Â¬Òã20200505-Ë®ÎÄÐ­Òé-µØÏÂË®20053 #
#                            0\Debug\Obj\aes.r43                               #
#                            \\Mac\Home\work\RTUV3.3_GPRS-ÒªËØ»ùÖµ¿ÉÅä-ÐÞ¸Ä´æ´ #
#                            ¢ÒªËØÇøÓòÎªÆ¬ÄÚ-Â¬Òã20200505-Ë®ÎÄÐ­Òé-µØÏÂË®20053 #
#                            0\Debug\Obj\battbak.r43                           #
#                            \\Mac\Home\work\RTUV3.3_GPRS-ÒªËØ»ùÖµ¿ÉÅä-ÐÞ¸Ä´æ´ #
#                            ¢ÒªËØÇøÓòÎªÆ¬ÄÚ-Â¬Òã20200505-Ë®ÎÄÐ­Òé-µØÏÂË®20053 #
#                            0\Debug\Obj\BC95.r43                              #
#                            \\Mac\Home\work\RTUV3.3_GPRS-ÒªËØ»ùÖµ¿ÉÅä-ÐÞ¸Ä´æ´ #
#                            ¢ÒªËØÇøÓòÎªÆ¬ÄÚ-Â¬Òã20200505-Ë®ÎÄÐ­Òé-µØÏÂË®20053 #
#                            0\Debug\Obj\blueTooth.r43                         #
#                            \\Mac\Home\work\RTUV3.3_GPRS-ÒªËØ»ùÖµ¿ÉÅä-ÐÞ¸Ä´æ´ #
#                            ¢ÒªËØÇøÓòÎªÆ¬ÄÚ-Â¬Òã20200505-Ë®ÎÄÐ­Òé-µØÏÂË®20053 #
#                            0\Debug\Obj\camera.r43                            #
#                            \\Mac\Home\work\RTUV3.3_GPRS-ÒªËØ»ùÖµ¿ÉÅä-ÐÞ¸Ä´æ´ #
#                            ¢ÒªËØÇøÓòÎªÆ¬ÄÚ-Â¬Òã20200505-Ë®ÎÄÐ­Òé-µØÏÂË®20053 #
#                            0\Debug\Obj\common.r43                            #
#                            \\Mac\Home\work\RTUV3.3_GPRS-ÒªËØ»ùÖµ¿ÉÅä-ÐÞ¸Ä´æ´ #
#                            ¢ÒªËØÇøÓòÎªÆ¬ÄÚ-Â¬Òã20200505-Ë®ÎÄÐ­Òé-µØÏÂË®20053 #
#                            0\Debug\Obj\comp_b.r43                            #
#                            \\Mac\Home\work\RTUV3.3_GPRS-ÒªËØ»ùÖµ¿ÉÅä-ÐÞ¸Ä´æ´ #
#                            ¢ÒªËØÇøÓòÎªÆ¬ÄÚ-Â¬Òã20200505-Ë®ÎÄÐ­Òé-µØÏÂË®20053 #
#                            0\Debug\Obj\Console.r43                           #
#                            \\Mac\Home\work\RTUV3.3_GPRS-ÒªËØ»ùÖµ¿ÉÅä-ÐÞ¸Ä´æ´ #
#                            ¢ÒªËØÇøÓòÎªÆ¬ÄÚ-Â¬Òã20200505-Ë®ÎÄÐ­Òé-µØÏÂË®20053 #
#                            0\Debug\Obj\crc.r43                               #
#                            \\Mac\Home\work\RTUV3.3_GPRS-ÒªËØ»ùÖµ¿ÉÅä-ÐÞ¸Ä´æ´ #
#                            ¢ÒªËØÇøÓòÎªÆ¬ÄÚ-Â¬Òã20200505-Ë®ÎÄÐ­Òé-µØÏÂË®20053 #
#                            0\Debug\Obj\ctsd16.r43                            #
#                            \\Mac\Home\work\RTUV3.3_GPRS-ÒªËØ»ùÖµ¿ÉÅä-ÐÞ¸Ä´æ´ #
#                            ¢ÒªËØÇøÓòÎªÆ¬ÄÚ-Â¬Òã20200505-Ë®ÎÄÐ­Òé-µØÏÂË®20053 #
#                            0\Debug\Obj\dac12_a.r43                           #
#                            \\Mac\Home\work\RTUV3.3_GPRS-ÒªËØ»ùÖµ¿ÉÅä-ÐÞ¸Ä´æ´ #
#                            ¢ÒªËØÇøÓòÎªÆ¬ÄÚ-Â¬Òã20200505-Ë®ÎÄÐ­Òé-µØÏÂË®20053 #
#                            0\Debug\Obj\debug.r43                             #
#                            \\Mac\Home\work\RTUV3.3_GPRS-ÒªËØ»ùÖµ¿ÉÅä-ÐÞ¸Ä´æ´ #
#                            ¢ÒªËØÇøÓòÎªÆ¬ÄÚ-Â¬Òã20200505-Ë®ÎÄÐ­Òé-µØÏÂË®20053 #
#                            0\Debug\Obj\dma.r43                               #
#                            \\Mac\Home\work\RTUV3.3_GPRS-ÒªËØ»ùÖµ¿ÉÅä-ÐÞ¸Ä´æ´ #
#                            ¢ÒªËØÇøÓòÎªÆ¬ÄÚ-Â¬Òã20200505-Ë®ÎÄÐ­Òé-µØÏÂË®20053 #
#                            0\Debug\Obj\dtu.r43                               #
#                            \\Mac\Home\work\RTUV3.3_GPRS-ÒªËØ»ùÖµ¿ÉÅä-ÐÞ¸Ä´æ´ #
#                            ¢ÒªËØÇøÓòÎªÆ¬ÄÚ-Â¬Òã20200505-Ë®ÎÄÐ­Òé-µØÏÂË®20053 #
#                            0\Debug\Obj\eusci_a_spi.r43                       #
#                            \\Mac\Home\work\RTUV3.3_GPRS-ÒªËØ»ùÖµ¿ÉÅä-ÐÞ¸Ä´æ´ #
#                            ¢ÒªËØÇøÓòÎªÆ¬ÄÚ-Â¬Òã20200505-Ë®ÎÄÐ­Òé-µØÏÂË®20053 #
#                            0\Debug\Obj\eusci_a_uart.r43                      #
#                            \\Mac\Home\work\RTUV3.3_GPRS-ÒªËØ»ùÖµ¿ÉÅä-ÐÞ¸Ä´æ´ #
#                            ¢ÒªËØÇøÓòÎªÆ¬ÄÚ-Â¬Òã20200505-Ë®ÎÄÐ­Òé-µØÏÂË®20053 #
#                            0\Debug\Obj\eusci_b_i2c.r43                       #
#                            \\Mac\Home\work\RTUV3.3_GPRS-ÒªËØ»ùÖµ¿ÉÅä-ÐÞ¸Ä´æ´ #
#                            ¢ÒªËØÇøÓòÎªÆ¬ÄÚ-Â¬Òã20200505-Ë®ÎÄÐ­Òé-µØÏÂË®20053 #
#                            0\Debug\Obj\eusci_b_spi.r43                       #
#                            \\Mac\Home\work\RTUV3.3_GPRS-ÒªËØ»ùÖµ¿ÉÅä-ÐÞ¸Ä´æ´ #
#                            ¢ÒªËØÇøÓòÎªÆ¬ÄÚ-Â¬Òã20200505-Ë®ÎÄÐ­Òé-µØÏÂË®20053 #
#                            0\Debug\Obj\flash.r43                             #
#                            \\Mac\Home\work\RTUV3.3_GPRS-ÒªËØ»ùÖµ¿ÉÅä-ÐÞ¸Ä´æ´ #
#                            ¢ÒªËØÇøÓòÎªÆ¬ÄÚ-Â¬Òã20200505-Ë®ÎÄÐ­Òé-µØÏÂË®20053 #
#                            0\Debug\Obj\flashctl.r43                          #
#                            \\Mac\Home\work\RTUV3.3_GPRS-ÒªËØ»ùÖµ¿ÉÅä-ÐÞ¸Ä´æ´ #
#                            ¢ÒªËØÇøÓòÎªÆ¬ÄÚ-Â¬Òã20200505-Ë®ÎÄÐ­Òé-µØÏÂË®20053 #
#                            0\Debug\Obj\flow.r43                              #
#                            \\Mac\Home\work\RTUV3.3_GPRS-ÒªËØ»ùÖµ¿ÉÅä-ÐÞ¸Ä´æ´ #
#                            ¢ÒªËØÇøÓòÎªÆ¬ÄÚ-Â¬Òã20200505-Ë®ÎÄÐ­Òé-µØÏÂË®20053 #
#                            0\Debug\Obj\gpio.r43                              #
#                            \\Mac\Home\work\RTUV3.3_GPRS-ÒªËØ»ùÖµ¿ÉÅä-ÐÞ¸Ä´æ´ #
#                            ¢ÒªËØÇøÓòÎªÆ¬ÄÚ-Â¬Òã20200505-Ë®ÎÄÐ­Òé-µØÏÂË®20053 #
#                            0\Debug\Obj\GSM.r43                               #
#                            \\Mac\Home\work\RTUV3.3_GPRS-ÒªËØ»ùÖµ¿ÉÅä-ÐÞ¸Ä´æ´ #
#                            ¢ÒªËØÇøÓòÎªÆ¬ÄÚ-Â¬Òã20200505-Ë®ÎÄÐ­Òé-µØÏÂË®20053 #
#                            0\Debug\Obj\GTM900C.r43                           #
#                            \\Mac\Home\work\RTUV3.3_GPRS-ÒªËØ»ùÖµ¿ÉÅä-ÐÞ¸Ä´æ´ #
#                            ¢ÒªËØÇøÓòÎªÆ¬ÄÚ-Â¬Òã20200505-Ë®ÎÄÐ­Òé-µØÏÂË®20053 #
#                            0\Debug\Obj\hydrologycommand.r43                  #
#                            \\Mac\Home\work\RTUV3.3_GPRS-ÒªËØ»ùÖµ¿ÉÅä-ÐÞ¸Ä´æ´ #
#                            ¢ÒªËØÇøÓòÎªÆ¬ÄÚ-Â¬Òã20200505-Ë®ÎÄÐ­Òé-µØÏÂË®20053 #
#                            0\Debug\Obj\hydrologytask.r43                     #
#                            \\Mac\Home\work\RTUV3.3_GPRS-ÒªËØ»ùÖµ¿ÉÅä-ÐÞ¸Ä´æ´ #
#                            ¢ÒªËØÇøÓòÎªÆ¬ÄÚ-Â¬Òã20200505-Ë®ÎÄÐ­Òé-µØÏÂË®20053 #
#                            0\Debug\Obj\ioDev.r43                             #
#                            \\Mac\Home\work\RTUV3.3_GPRS-ÒªËØ»ùÖµ¿ÉÅä-ÐÞ¸Ä´æ´ #
#                            ¢ÒªËØÇøÓòÎªÆ¬ÄÚ-Â¬Òã20200505-Ë®ÎÄÐ­Òé-µØÏÂË®20053 #
#                            0\Debug\Obj\lcd_b.r43                             #
#                            \\Mac\Home\work\RTUV3.3_GPRS-ÒªËØ»ùÖµ¿ÉÅä-ÐÞ¸Ä´æ´ #
#                            ¢ÒªËØÇøÓòÎªÆ¬ÄÚ-Â¬Òã20200505-Ë®ÎÄÐ­Òé-µØÏÂË®20053 #
#                            0\Debug\Obj\lcd_c.r43                             #
#                            \\Mac\Home\work\RTUV3.3_GPRS-ÒªËØ»ùÖµ¿ÉÅä-ÐÞ¸Ä´æ´ #
#                            ¢ÒªËØÇøÓòÎªÆ¬ÄÚ-Â¬Òã20200505-Ë®ÎÄÐ­Òé-µØÏÂË®20053 #
#                            0\Debug\Obj\ldopwr.r43                            #
#                            \\Mac\Home\work\RTUV3.3_GPRS-ÒªËØ»ùÖµ¿ÉÅä-ÐÞ¸Ä´æ´ #
#                            ¢ÒªËØÇøÓòÎªÆ¬ÄÚ-Â¬Òã20200505-Ë®ÎÄÐ­Òé-µØÏÂË®20053 #
#                            0\Debug\Obj\led.r43                               #
#                            \\Mac\Home\work\RTUV3.3_GPRS-ÒªËØ»ùÖµ¿ÉÅä-ÐÞ¸Ä´æ´ #
#                            ¢ÒªËØÇøÓòÎªÆ¬ÄÚ-Â¬Òã20200505-Ë®ÎÄÐ­Òé-µØÏÂË®20053 #
#                            0\Debug\Obj\lowpower.r43                          #
#                            \\Mac\Home\work\RTUV3.3_GPRS-ÒªËØ»ùÖµ¿ÉÅä-ÐÞ¸Ä´æ´ #
#                            ¢ÒªËØÇøÓòÎªÆ¬ÄÚ-Â¬Òã20200505-Ë®ÎÄÐ­Òé-µØÏÂË®20053 #
#                            0\Debug\Obj\main.r43                              #
#                            \\Mac\Home\work\RTUV3.3_GPRS-ÒªËØ»ùÖµ¿ÉÅä-ÐÞ¸Ä´æ´ #
#                            ¢ÒªËØÇøÓòÎªÆ¬ÄÚ-Â¬Òã20200505-Ë®ÎÄÐ­Òé-µØÏÂË®20053 #
#                            0\Debug\Obj\message.r43                           #
#                            \\Mac\Home\work\RTUV3.3_GPRS-ÒªËØ»ùÖµ¿ÉÅä-ÐÞ¸Ä´æ´ #
#                            ¢ÒªËØÇøÓòÎªÆ¬ÄÚ-Â¬Òã20200505-Ë®ÎÄÐ­Òé-µØÏÂË®20053 #
#                            0\Debug\Obj\mpy32.r43                             #
#                            \\Mac\Home\work\RTUV3.3_GPRS-ÒªËØ»ùÖµ¿ÉÅä-ÐÞ¸Ä´æ´ #
#                            ¢ÒªËØÇøÓòÎªÆ¬ÄÚ-Â¬Òã20200505-Ë®ÎÄÐ­Òé-µØÏÂË®20053 #
#                            0\Debug\Obj\oa.r43                                #
#                            \\Mac\Home\work\RTUV3.3_GPRS-ÒªËØ»ùÖµ¿ÉÅä-ÐÞ¸Ä´æ´ #
#                            ¢ÒªËØÇøÓòÎªÆ¬ÄÚ-Â¬Òã20200505-Ë®ÎÄÐ­Òé-µØÏÂË®20053 #
#                            0\Debug\Obj\packet.r43                            #
#                            \\Mac\Home\work\RTUV3.3_GPRS-ÒªËØ»ùÖµ¿ÉÅä-ÐÞ¸Ä´æ´ #
#                            ¢ÒªËØÇøÓòÎªÆ¬ÄÚ-Â¬Òã20200505-Ë®ÎÄÐ­Òé-µØÏÂË®20053 #
#                            0\Debug\Obj\pmap.r43                              #
#                            \\Mac\Home\work\RTUV3.3_GPRS-ÒªËØ»ùÖµ¿ÉÅä-ÐÞ¸Ä´æ´ #
#                            ¢ÒªËØÇøÓòÎªÆ¬ÄÚ-Â¬Òã20200505-Ë®ÎÄÐ­Òé-µØÏÂË®20053 #
#                            0\Debug\Obj\pmm.r43                               #
#                            \\Mac\Home\work\RTUV3.3_GPRS-ÒªËØ»ùÖµ¿ÉÅä-ÐÞ¸Ä´æ´ #
#                            ¢ÒªËØÇøÓòÎªÆ¬ÄÚ-Â¬Òã20200505-Ë®ÎÄÐ­Òé-µØÏÂË®20053 #
#                            0\Debug\Obj\ram.r43                               #
#                            \\Mac\Home\work\RTUV3.3_GPRS-ÒªËØ»ùÖµ¿ÉÅä-ÐÞ¸Ä´æ´ #
#                            ¢ÒªËØÇøÓòÎªÆ¬ÄÚ-Â¬Òã20200505-Ë®ÎÄÐ­Òé-µØÏÂË®20053 #
#                            0\Debug\Obj\ref.r43                               #
#                            "\\Mac\Home\work\RTUV3.3_GPRS-ÒªËØ»ùÖµ¿ÉÅä-ÐÞ¸Ä´æ #
#                            ´¢ÒªËØÇøÓòÎªÆ¬ÄÚ-Â¬Òã20200505-Ë®ÎÄÐ­Òé-µØÏÂË®2005 #
#                            30\Debug\Obj\reportbinding .r43"                  #
#                            \\Mac\Home\work\RTUV3.3_GPRS-ÒªËØ»ùÖµ¿ÉÅä-ÐÞ¸Ä´æ´ #
#                            ¢ÒªËØÇøÓòÎªÆ¬ÄÚ-Â¬Òã20200505-Ë®ÎÄÐ­Òé-µØÏÂË®20053 #
#                            0\Debug\Obj\rom.r43                               #
#                            \\Mac\Home\work\RTUV3.3_GPRS-ÒªËØ»ùÖµ¿ÉÅä-ÐÞ¸Ä´æ´ #
#                            ¢ÒªËØÇøÓòÎªÆ¬ÄÚ-Â¬Òã20200505-Ë®ÎÄÐ­Òé-µØÏÂË®20053 #
#                            0\Debug\Obj\rtc.r43                               #
#                            \\Mac\Home\work\RTUV3.3_GPRS-ÒªËØ»ùÖµ¿ÉÅä-ÐÞ¸Ä´æ´ #
#                            ¢ÒªËØÇøÓòÎªÆ¬ÄÚ-Â¬Òã20200505-Ë®ÎÄÐ­Òé-µØÏÂË®20053 #
#                            0\Debug\Obj\rtc_a.r43                             #
#                            \\Mac\Home\work\RTUV3.3_GPRS-ÒªËØ»ùÖµ¿ÉÅä-ÐÞ¸Ä´æ´ #
#                            ¢ÒªËØÇøÓòÎªÆ¬ÄÚ-Â¬Òã20200505-Ë®ÎÄÐ­Òé-µØÏÂË®20053 #
#                            0\Debug\Obj\rtc_b.r43                             #
#                            \\Mac\Home\work\RTUV3.3_GPRS-ÒªËØ»ùÖµ¿ÉÅä-ÐÞ¸Ä´æ´ #
#                            ¢ÒªËØÇøÓòÎªÆ¬ÄÚ-Â¬Òã20200505-Ë®ÎÄÐ­Òé-µØÏÂË®20053 #
#                            0\Debug\Obj\rtc_c.r43                             #
#                            \\Mac\Home\work\RTUV3.3_GPRS-ÒªËØ»ùÖµ¿ÉÅä-ÐÞ¸Ä´æ´ #
#                            ¢ÒªËØÇøÓòÎªÆ¬ÄÚ-Â¬Òã20200505-Ë®ÎÄÐ­Òé-µØÏÂË®20053 #
#                            0\Debug\Obj\Sampler.r43                           #
#                            \\Mac\Home\work\RTUV3.3_GPRS-ÒªËØ»ùÖµ¿ÉÅä-ÐÞ¸Ä´æ´ #
#                            ¢ÒªËØÇøÓòÎªÆ¬ÄÚ-Â¬Òã20200505-Ë®ÎÄÐ­Òé-µØÏÂË®20053 #
#                            0\Debug\Obj\sd24_b.r43                            #
#                            \\Mac\Home\work\RTUV3.3_GPRS-ÒªËØ»ùÖµ¿ÉÅä-ÐÞ¸Ä´æ´ #
#                            ¢ÒªËØÇøÓòÎªÆ¬ÄÚ-Â¬Òã20200505-Ë®ÎÄÐ­Òé-µØÏÂË®20053 #
#                            0\Debug\Obj\sfr.r43                               #
#                            \\Mac\Home\work\RTUV3.3_GPRS-ÒªËØ»ùÖµ¿ÉÅä-ÐÞ¸Ä´æ´ #
#                            ¢ÒªËØÇøÓòÎªÆ¬ÄÚ-Â¬Òã20200505-Ë®ÎÄÐ­Òé-µØÏÂË®20053 #
#                            0\Debug\Obj\store.r43                             #
#                            \\Mac\Home\work\RTUV3.3_GPRS-ÒªËØ»ùÖµ¿ÉÅä-ÐÞ¸Ä´æ´ #
#                            ¢ÒªËØÇøÓòÎªÆ¬ÄÚ-Â¬Òã20200505-Ë®ÎÄÐ­Òé-µØÏÂË®20053 #
#                            0\Debug\Obj\sys_status.r43                        #
#                            \\Mac\Home\work\RTUV3.3_GPRS-ÒªËØ»ùÖµ¿ÉÅä-ÐÞ¸Ä´æ´ #
#                            ¢ÒªËØÇøÓòÎªÆ¬ÄÚ-Â¬Òã20200505-Ë®ÎÄÐ­Òé-µØÏÂË®20053 #
#                            0\Debug\Obj\sysctl.r43                            #
#                            \\Mac\Home\work\RTUV3.3_GPRS-ÒªËØ»ùÖµ¿ÉÅä-ÐÞ¸Ä´æ´ #
#                            ¢ÒªËØÇøÓòÎªÆ¬ÄÚ-Â¬Òã20200505-Ë®ÎÄÐ­Òé-µØÏÂË®20053 #
#                            0\Debug\Obj\tec.r43                               #
#                            \\Mac\Home\work\RTUV3.3_GPRS-ÒªËØ»ùÖµ¿ÉÅä-ÐÞ¸Ä´æ´ #
#                            ¢ÒªËØÇøÓòÎªÆ¬ÄÚ-Â¬Òã20200505-Ë®ÎÄÐ­Òé-µØÏÂË®20053 #
#                            0\Debug\Obj\timer.r43                             #
#                            \\Mac\Home\work\RTUV3.3_GPRS-ÒªËØ»ùÖµ¿ÉÅä-ÐÞ¸Ä´æ´ #
#                            ¢ÒªËØÇøÓòÎªÆ¬ÄÚ-Â¬Òã20200505-Ë®ÎÄÐ­Òé-µØÏÂË®20053 #
#                            0\Debug\Obj\timer_a.r43                           #
#                            \\Mac\Home\work\RTUV3.3_GPRS-ÒªËØ»ùÖµ¿ÉÅä-ÐÞ¸Ä´æ´ #
#                            ¢ÒªËØÇøÓòÎªÆ¬ÄÚ-Â¬Òã20200505-Ë®ÎÄÐ­Òé-µØÏÂË®20053 #
#                            0\Debug\Obj\timer_b.r43                           #
#                            \\Mac\Home\work\RTUV3.3_GPRS-ÒªËØ»ùÖµ¿ÉÅä-ÐÞ¸Ä´æ´ #
#                            ¢ÒªËØÇøÓòÎªÆ¬ÄÚ-Â¬Òã20200505-Ë®ÎÄÐ­Òé-µØÏÂË®20053 #
#                            0\Debug\Obj\timer_d.r43                           #
#                            \\Mac\Home\work\RTUV3.3_GPRS-ÒªËØ»ùÖµ¿ÉÅä-ÐÞ¸Ä´æ´ #
#                            ¢ÒªËØÇøÓòÎªÆ¬ÄÚ-Â¬Òã20200505-Ë®ÎÄÐ­Òé-µØÏÂË®20053 #
#                            0\Debug\Obj\tlv.r43                               #
#                            \\Mac\Home\work\RTUV3.3_GPRS-ÒªËØ»ùÖµ¿ÉÅä-ÐÞ¸Ä´æ´ #
#                            ¢ÒªËØÇøÓòÎªÆ¬ÄÚ-Â¬Òã20200505-Ë®ÎÄÐ­Òé-µØÏÂË®20053 #
#                            0\Debug\Obj\uart0.r43                             #
#                            \\Mac\Home\work\RTUV3.3_GPRS-ÒªËØ»ùÖµ¿ÉÅä-ÐÞ¸Ä´æ´ #
#                            ¢ÒªËØÇøÓòÎªÆ¬ÄÚ-Â¬Òã20200505-Ë®ÎÄÐ­Òé-µØÏÂË®20053 #
#                            0\Debug\Obj\uart1.r43                             #
#                            \\Mac\Home\work\RTUV3.3_GPRS-ÒªËØ»ùÖµ¿ÉÅä-ÐÞ¸Ä´æ´ #
#                            ¢ÒªËØÇøÓòÎªÆ¬ÄÚ-Â¬Òã20200505-Ë®ÎÄÐ­Òé-µØÏÂË®20053 #
#                            0\Debug\Obj\uart2.r43                             #
#                            \\Mac\Home\work\RTUV3.3_GPRS-ÒªËØ»ùÖµ¿ÉÅä-ÐÞ¸Ä´æ´ #
#                            ¢ÒªËØÇøÓòÎªÆ¬ÄÚ-Â¬Òã20200505-Ë®ÎÄÐ­Òé-µØÏÂË®20053 #
#                            0\Debug\Obj\uart3.r43                             #
#                            \\Mac\Home\work\RTUV3.3_GPRS-ÒªËØ»ùÖµ¿ÉÅä-ÐÞ¸Ä´æ´ #
#                            ¢ÒªËØÇøÓòÎªÆ¬ÄÚ-Â¬Òã20200505-Ë®ÎÄÐ­Òé-µØÏÂË®20053 #
#                            0\Debug\Obj\uart_config.r43                       #
#                            \\Mac\Home\work\RTUV3.3_GPRS-ÒªËØ»ùÖµ¿ÉÅä-ÐÞ¸Ä´æ´ #
#                            ¢ÒªËØÇøÓòÎªÆ¬ÄÚ-Â¬Òã20200505-Ë®ÎÄÐ­Òé-µØÏÂË®20053 #
#                            0\Debug\Obj\ucs.r43                               #
#                            \\Mac\Home\work\RTUV3.3_GPRS-ÒªËØ»ùÖµ¿ÉÅä-ÐÞ¸Ä´æ´ #
#                            ¢ÒªËØÇøÓòÎªÆ¬ÄÚ-Â¬Òã20200505-Ë®ÎÄÐ­Òé-µØÏÂË®20053 #
#                            0\Debug\Obj\usci_a_spi.r43                        #
#                            \\Mac\Home\work\RTUV3.3_GPRS-ÒªËØ»ùÖµ¿ÉÅä-ÐÞ¸Ä´æ´ #
#                            ¢ÒªËØÇøÓòÎªÆ¬ÄÚ-Â¬Òã20200505-Ë®ÎÄÐ­Òé-µØÏÂË®20053 #
#                            0\Debug\Obj\usci_a_uart.r43                       #
#                            \\Mac\Home\work\RTUV3.3_GPRS-ÒªËØ»ùÖµ¿ÉÅä-ÐÞ¸Ä´æ´ #
#                            ¢ÒªËØÇøÓòÎªÆ¬ÄÚ-Â¬Òã20200505-Ë®ÎÄÐ­Òé-µØÏÂË®20053 #
#                            0\Debug\Obj\usci_b_i2c.r43                        #
#                            \\Mac\Home\work\RTUV3.3_GPRS-ÒªËØ»ùÖµ¿ÉÅä-ÐÞ¸Ä´æ´ #
#                            ¢ÒªËØÇøÓòÎªÆ¬ÄÚ-Â¬Òã20200505-Ë®ÎÄÐ­Òé-µØÏÂË®20053 #
#                            0\Debug\Obj\usci_b_spi.r43                        #
#                            \\Mac\Home\work\RTUV3.3_GPRS-ÒªËØ»ùÖµ¿ÉÅä-ÐÞ¸Ä´æ´ #
#                            ¢ÒªËØÇøÓòÎªÆ¬ÄÚ-Â¬Òã20200505-Ë®ÎÄÐ­Òé-µØÏÂË®20053 #
#                            0\Debug\Obj\wdt_a.r43                             #
#                            \\Mac\Home\work\RTUV3.3_GPRS-ÒªËØ»ùÖµ¿ÉÅä-ÐÞ¸Ä´æ´ #
#                            ¢ÒªËØÇøÓòÎªÆ¬ÄÚ-Â¬Òã20200505-Ë®ÎÄÐ­Òé-µØÏÂË®20053 #
#                            0\Debug\Obj\wifi_config.r43                       #
#                            -o                                                #
#                            \\Mac\Home\work\RTUV3.3_GPRS-ÒªËØ»ùÖµ¿ÉÅä-ÐÞ¸Ä´æ´ #
#                            ¢ÒªËØÇøÓòÎªÆ¬ÄÚ-Â¬Òã20200505-Ë®ÎÄÐ­Òé-µØÏÂË®20053 #
#                            0\Debug\Exe\RTUtest_GP.d43                        #
#                            -l                                                #
#                            \\Mac\Home\work\RTUV3.3_GPRS-ÒªËØ»ùÖµ¿ÉÅä-ÐÞ¸Ä´æ´ #
#                            ¢ÒªËØÇøÓòÎªÆ¬ÄÚ-Â¬Òã20200505-Ë®ÎÄÐ­Òé-µØÏÂË®20053 #
#                            0\Debug\List\RTUtest_GP.map                       #
#                            -xms                                              #
#                            "-IC:\Program Files (x86)\IAR Systems\Embedded Wo #
#                            rkbench 8.0\430\LIB\"                             #
#                            -f                                                #
#                            "C:\Program Files (x86)\IAR Systems\Embedded Work #
#                            bench 8.0\430\config\linker\lnk430f5438a.xcl"     #
#                            (-cmsp430 -D?CPU30_OFFSET=2 -QCODE_I=CODE_ID      #
#                            -QTLS16_I=TLS16_ID -D__iar_HWMUL=4C0              #
#                            -Z(CONST)INFO=1800-19FF                           #
#                            -Z(CONST)INFOA=1980-19FF                          #
#                            -Z(CONST)INFOB=1900-197F                          #
#                            -Z(CONST)INFOC=1880-18FF                          #
#                            -Z(CONST)INFOD=1800-187F                          #
#                            -Z(DATA)DATA16_I,DATA16_Z,DATA16_N,TLS16_I=1C00-5 #
#                            BFF                                               #
#                            -Z(DATA)DATA16_HEAP+_DATA16_HEAP_SIZE             #
#                            -Z(DATA)CODE_I                                    #
#                            -Z(DATA)DATA20_I,DATA20_Z,DATA20_N,DATA20_HEAP+_D #
#                            ATA20_HEAP_SIZE                                   #
#                            -Z(DATA)CSTACK+_STACK_SIZE#                       #
#                            -Z(CONST)DATA16_C,DATA16_ID,TLS16_ID,DIFUNCT,CHEC #
#                            KSUM=5C00-FF7F                                    #
#                            -Z(CODE)CSTART,ISR_CODE,CODE16=5C00-FF7F          #
#                            -P(CODE)CODE=5C00-FF7F,10000-45BFF                #
#                            -Z(CONST)DATA20_C,DATA20_ID,CODE_ID=5C00-FF7F,100 #
#                            40-45BFF                                          #
#                            -Z(CODE)INTVEC=FF80-FFFF                          #
#                            -Z(CODE)RESET=FFFE-FFFF) -f                       #
#                            "C:\Program Files (x86)\IAR Systems\Embedded Work #
#                            bench 8.0\430\config\linker\multiplier32.xcl"     #
#                            (-e?Mul8Hw=?Mul8 -e?Mul16Hw=?Mul16                #
#                            -e?Mul16to32uHw=?Mul16to32u                       #
#                            -e?Mul16to32sHw=?Mul16to32s -e?Mul32Hw32=?Mul32   #
#                            -e?Mul64Hw32=_Mul64i                              #
#                            -e?Mul32u32uto64iHw32=_Mul32u32uto64i             #
#                            -e?Mul32fHw32=_Mul32f                             #
#                            -e_Mul64fHw32Ptr=_Mul64fPtr) -D_STACK_SIZE=13B8   #
#                            -rt                                               #
#                            "C:\Program Files (x86)\IAR Systems\Embedded Work #
#                            bench 8.0\430\lib\dlib\dl430xlsfn.r43"            #
#                            -D_DATA16_HEAP_SIZE=1770 -s __program_start       #
#                            -D_DATA20_HEAP_SIZE=50)                           #
#                                                                              #
#                           Copyright (C) 1987-2018 IAR Systems AB.            #
################################################################################





                ****************************************
                *                                      *
                *           CROSS REFERENCE            *
                *                                      *
                ****************************************

       Program entry at :           5DFA  Relocatable, from module : ?cstart




                ****************************************
                *                                      *
                *            RUNTIME MODEL             *
                *                                      *
                ****************************************

  __Heap_Handler             = Basic
  __SystemLibrary            = DLib
  __code_model               = large
  __core                     = 430X
  __data_model               = small
  __dlib_file_descriptor     = 0
  __dlib_full_locale_support = 0
  __double_size              = 32
  __pic                      = no
  __reg_r4                   = free
  __reg_r5                   = free
  __rt_version               = 3

                ****************************************
                *                                      *
                *    AUTOMATIC SYMBOL REDIRECTIONS     *
                *                                      *
                ****************************************

       All references to: _Printf
         were redirected to: _PrintfFullNoMb



                ****************************************
                *                                      *
                *              MODULE MAP              *
                *                                      *
                ****************************************


  DEFINED ABSOLUTE ENTRIES
    *************************************************************************

  DEFINED ABSOLUTE ENTRIES
  PROGRAM MODULE, NAME : ?ABS_ENTRY_MOD

Absolute parts
           ENTRY                   ADDRESS         REF BY
           =====                   =======         ======
           _DATA20_HEAP_SIZE       0050 
           _DATA16_HEAP_SIZE       1770 
           _STACK_SIZE             13B8 
           __iar_HWMUL             04C0            ?Mul16to32sHw (?Mul16to32sHw)
                                                   ?Mul32fHw32 (?Mul32fHw32)
                                                   ROM_WriteBytes (rom)
                                                   Segment part 1 (?Mul8Hw)
           ?CPU30_OFFSET           0002 
    *************************************************************************

  FILE NAME : \\Mac\Home\work\RTUV3.3_GPRS-ÒªËØ»ùÖµ¿ÉÅä-ÐÞ¸Ä´æ´¢ÒªËØÇøÓòÎªÆ¬ÄÚ-Â¬Òã20200505-Ë®ÎÄÐ­Òé-µØÏÂË®200530\Debug\Obj\adc.r43
  PROGRAM MODULE, NAME : adc

  SEGMENTS IN THE MODULE
  ======================
DATA16_AN
  Relative segment, address: 0700 - 0701 (0x2 bytes), align: 0
  Segment part 1. ROOT 
           ENTRY                   ADDRESS         REF BY
           =====                   =======         ======
           _A_ADC12CTL0_L          0700 
           LOCAL                   ADDRESS         
           =====                   =======         
           ADC12CTL0               0700 
           ADC12CTL0_H             0701 
           ADC12CTL0_L             0700 
    -------------------------------------------------------------------------
DATA16_AN
  Relative segment, address: 0702 - 0703 (0x2 bytes), align: 0
  Segment part 2. ROOT 
           ENTRY                   ADDRESS         REF BY
           =====                   =======         ======
           _A_ADC12CTL1_L          0702 
           LOCAL                   ADDRESS         
           =====                   =======         
           ADC12CTL1               0702 
           ADC12CTL1_H             0703 
           ADC12CTL1_L             0702 
    -------------------------------------------------------------------------
DATA16_AN
  Relative segment, address: 0720 - 0721 (0x2 bytes), align: 0
  Segment part 3. ROOT 
           ENTRY                   ADDRESS         REF BY
           =====                   =======         ======
           _A_ADC12MEM0_L          0720 
           LOCAL                   ADDRESS         
           =====                   =======         
           ADC12MEM0               0720 
           ADC12MEM0_H             0721 
           ADC12MEM0_L             0720 
    -------------------------------------------------------------------------
DATA16_AN
  Relative segment, address: 0722 - 0723 (0x2 bytes), align: 0
  Segment part 4. ROOT 
           ENTRY                   ADDRESS         REF BY
           =====                   =======         ======
           _A_ADC12MEM1_L          0722 
           LOCAL                   ADDRESS         
           =====                   =======         
           ADC12MEM1               0722 
           ADC12MEM1_H             0723 
           ADC12MEM1_L             0722 
    -------------------------------------------------------------------------
DATA16_AN
  Relative segment, address: 0724 - 0725 (0x2 bytes), align: 0
  Segment part 5. ROOT 
           ENTRY                   ADDRESS         REF BY
           =====                   =======         ======
           _A_ADC12MEM2_L          0724 
           LOCAL                   ADDRESS         
           =====                   =======         
           ADC12MEM2               0724 
           ADC12MEM2_H             0725 
           ADC12MEM2_L             0724 
    -------------------------------------------------------------------------
DATA16_AN
  Relative segment, address: 0726 - 0727 (0x2 bytes), align: 0
  Segment part 6. ROOT 
           ENTRY                   ADDRESS         REF BY
           =====                   =======         ======
           _A_ADC12MEM3_L          0726 
           LOCAL                   ADDRESS         
           =====                   =======         
           ADC12MEM3               0726 
           ADC12MEM3_H             0727 
           ADC12MEM3_L             0726 
    -------------------------------------------------------------------------
DATA16_AN
  Relative segment, address: 0728 - 0729 (0x2 bytes), align: 0
  Segment part 7. ROOT 
           ENTRY                   ADDRESS         REF BY
           =====                   =======         ======
           _A_ADC12MEM4_L          0728 
           LOCAL                   ADDRESS         
           =====                   =======         
           ADC12MEM4               0728 
           ADC12MEM4_H             0729 
           ADC12MEM4_L             0728 
    -------------------------------------------------------------------------
DATA16_AN
  Relative segment, address: 072A - 072B (0x2 bytes), align: 0
  Segment part 8. ROOT 
           ENTRY                   ADDRESS         REF BY
           =====                   =======         ======
           _A_ADC12MEM5_L          072A 
           LOCAL                   ADDRESS         
           =====                   =======         
           ADC12MEM5               072A 
           ADC12MEM5_H             072B 
           ADC12MEM5_L             072A 
    -------------------------------------------------------------------------
DATA16_AN
  Relative segment, address: 072C - 072D (0x2 bytes), align: 0
  Segment part 9. ROOT 
           ENTRY                   ADDRESS         REF BY
           =====                   =======         ======
           _A_ADC12MEM6_L          072C 
           LOCAL                   ADDRESS         
           =====                   =======         
           ADC12MEM6               072C 
           ADC12MEM6_H             072D 
           ADC12MEM6_L             072C 
    -------------------------------------------------------------------------
DATA16_AN
  Relative segment, address: 072E - 072F (0x2 bytes), align: 0
  Segment part 10. ROOT 
           ENTRY                   ADDRESS         REF BY
           =====                   =======         ======
           _A_ADC12MEM7_L          072E 
           LOCAL                   ADDRESS         
           =====                   =======         
           ADC12MEM7               072E 
           ADC12MEM7_H             072F 
           ADC12MEM7_L             072E 
    -------------------------------------------------------------------------
DATA16_AN
  Relative segment, address: 0730 - 0731 (0x2 bytes), align: 0
  Segment part 11. ROOT 
           ENTRY                   ADDRESS         REF BY
           =====                   =======         ======
           _A_ADC12MEM8_L          0730 
           LOCAL                   ADDRESS         
           =====                   =======         
           ADC12MEM8               0730 
           ADC12MEM8_H             0731 
           ADC12MEM8_L             0730 
    -------------------------------------------------------------------------
DATA16_AN
  Relative segment, address: 0732 - 0733 (0x2 bytes), align: 0
  Segment part 12. ROOT 
           ENTRY                   ADDRESS         REF BY
           =====                   =======         ======
           _A_ADC12MEM9_L          0732 
           LOCAL                   ADDRESS         
           =====                   =======         
           ADC12MEM9               0732 
           ADC12MEM9_H             0733 
           ADC12MEM9_L             0732 
    -------------------------------------------------------------------------
DATA16_AN
  Relative segment, address: 0734 - 0735 (0x2 bytes), align: 0
  Segment part 13. ROOT 
           ENTRY                   ADDRESS         REF BY
           =====                   =======         ======
           _A_ADC12MEM10_L         0734 
           LOCAL                   ADDRESS         
           =====                   =======         
           ADC12MEM10              0734 
           ADC12MEM10_H            0735 
           ADC12MEM10_L            0734 
    -------------------------------------------------------------------------
DATA16_AN
  Relative segment, address: 0736 - 0737 (0x2 bytes), align: 0
  Segment part 14. ROOT 
           ENTRY                   ADDRESS         REF BY
           =====                   =======         ======
           _A_ADC12MEM11_L         0736 
           LOCAL                   ADDRESS         
           =====                   =======         
           ADC12MEM11              0736 
           ADC12MEM11_H            0737 
           ADC12MEM11_L            0736 
    -------------------------------------------------------------------------
DATA16_AN
  Relative segment, address: 0738 - 0739 (0x2 bytes), align: 0
  Segment part 15. ROOT 
           ENTRY                   ADDRESS         REF BY
           =====                   =======         ======
           _A_ADC12MEM12_L         0738 
           LOCAL                   ADDRESS         
           =====                   =======         
           ADC12MEM12              0738 
           ADC12MEM12_H            0739 
           ADC12MEM12_L            0738 
    -------------------------------------------------------------------------
DATA16_AN
  Relative segment, address: 073A - 073B (0x2 bytes), align: 0
  Segment part 16. ROOT 
           ENTRY                   ADDRESS         REF BY
           =====                   =======         ======
           _A_ADC12MEM13_L         073A 
           LOCAL                   ADDRESS         
           =====                   =======         
           ADC12MEM13              073A 
           ADC12MEM13_H            073B 
           ADC12MEM13_L            073A 
    -------------------------------------------------------------------------
DATA16_AN
  Relative segment, address: 073C - 073D (0x2 bytes), align: 0
  Segment part 17. ROOT 
           ENTRY                   ADDRESS         REF BY
           =====                   =======         ======
           _A_ADC12MEM14_L         073C 
           LOCAL                   ADDRESS         
           =====                   =======         
           ADC12MEM14              073C 
           ADC12MEM14_H            073D 
           ADC12MEM14_L            073C 
    -------------------------------------------------------------------------
DATA16_AN
  Relative segment, address: 073E - 073F (0x2 bytes), align: 0
  Segment part 18. ROOT 
           ENTRY                   ADDRESS         REF BY
           =====                   =======         ======
           _A_ADC12MEM15_L         073E 
           LOCAL                   ADDRESS         
           =====                   =======         
           ADC12MEM15              073E 
           ADC12MEM15_H            073F 
           ADC12MEM15_L            073E 
    -------------------------------------------------------------------------
DATA16_AN
  Relative segment, address: 0710 - 0710 (0x1 bytes), align: 0
  Segment part 19. ROOT 
           ENTRY                   ADDRESS         REF BY
           =====                   =======         ======
           ADC12MCTL0              0710 
    -------------------------------------------------------------------------
DATA16_AN
  Relative segment, address: 0711 - 0711 (0x1 bytes), align: 0
  Segment part 20. ROOT 
           ENTRY                   ADDRESS         REF BY
           =====                   =======         ======
           ADC12MCTL1              0711 
    -------------------------------------------------------------------------
DATA16_AN
  Relative segment, address: 0712 - 0712 (0x1 bytes), align: 0
  Segment part 21. ROOT 
           ENTRY                   ADDRESS         REF BY
           =====                   =======         ======
           ADC12MCTL2              0712 
    -------------------------------------------------------------------------
DATA16_AN
  Relative segment, address: 0713 - 0713 (0x1 bytes), align: 0
  Segment part 22. ROOT 
           ENTRY                   ADDRESS         REF BY
           =====                   =======         ======
           ADC12MCTL3              0713 
    -------------------------------------------------------------------------
DATA16_AN
  Relative segment, address: 0714 - 0714 (0x1 bytes), align: 0
  Segment part 23. ROOT 
           ENTRY                   ADDRESS         REF BY
           =====                   =======         ======
           ADC12MCTL4              0714 
    -------------------------------------------------------------------------
DATA16_AN
  Relative segment, address: 0715 - 0715 (0x1 bytes), align: 0
  Segment part 24. ROOT 
           ENTRY                   ADDRESS         REF BY
           =====                   =======         ======
           ADC12MCTL5              0715 
    -------------------------------------------------------------------------
DATA16_AN
  Relative segment, address: 0716 - 0716 (0x1 bytes), align: 0
  Segment part 25. ROOT 
           ENTRY                   ADDRESS         REF BY
           =====                   =======         ======
           ADC12MCTL6              0716 
    -------------------------------------------------------------------------
DATA16_AN
  Relative segment, address: 0717 - 0717 (0x1 bytes), align: 0
  Segment part 26. ROOT 
           ENTRY                   ADDRESS         REF BY
           =====                   =======         ======
           ADC12MCTL7              0717 
    -------------------------------------------------------------------------
DATA16_AN
  Relative segment, address: 0718 - 0718 (0x1 bytes), align: 0
  Segment part 27. ROOT 
           ENTRY                   ADDRESS         REF BY
           =====                   =======         ======
           ADC12MCTL8              0718 
    -------------------------------------------------------------------------
DATA16_AN
  Relative segment, address: 0719 - 0719 (0x1 bytes), align: 0
  Segment part 28. ROOT 
           ENTRY                   ADDRESS         REF BY
           =====                   =======         ======
           ADC12MCTL9              0719 
    -------------------------------------------------------------------------
DATA16_AN
  Relative segment, address: 071A - 071A (0x1 bytes), align: 0
  Segment part 29. ROOT 
           ENTRY                   ADDRESS         REF BY
           =====                   =======         ======
           ADC12MCTL10             071A 
    -------------------------------------------------------------------------
DATA16_AN
  Relative segment, address: 071B - 071B (0x1 bytes), align: 0
  Segment part 30. ROOT 
           ENTRY                   ADDRESS         REF BY
           =====                   =======         ======
           ADC12MCTL11             071B 
    -------------------------------------------------------------------------
DATA16_AN
  Relative segment, address: 071C - 071C (0x1 bytes), align: 0
  Segment part 31. ROOT 
           ENTRY                   ADDRESS         REF BY
           =====                   =======         ======
           ADC12MCTL12             071C 
    -------------------------------------------------------------------------
DATA16_AN
  Relative segment, address: 071D - 071D (0x1 bytes), align: 0
  Segment part 32. ROOT 
           ENTRY                   ADDRESS         REF BY
           =====                   =======         ======
           ADC12MCTL13             071D 
    -------------------------------------------------------------------------
DATA16_AN
  Relative segment, address: 071E - 071E (0x1 bytes), align: 0
  Segment part 33. ROOT 
           ENTRY                   ADDRESS         REF BY
           =====                   =======         ======
           ADC12MCTL14             071E 
    -------------------------------------------------------------------------
DATA16_AN
  Relative segment, address: 071F - 071F (0x1 bytes), align: 0
  Segment part 34. ROOT 
           ENTRY                   ADDRESS         REF BY
           =====                   =======         ======
           ADC12MCTL15             071F 
    -------------------------------------------------------------------------
DATA16_AN
  Relative segment, address: 0242 - 0243 (0x2 bytes), align: 0
  Segment part 35. ROOT       Intra module refs:   Led3_Off (led)
                                                   Led3_On (led)
                                                   Led_Init (led)
                                                   Led_OffAll (led)
                                                   ROM_WP_OFF (rom)
                                                   ROM_WP_ON (rom)
           ENTRY                   ADDRESS         REF BY
           =====                   =======         ======
           _A_PCOUT_L              0242 
           LOCAL                   ADDRESS         
           =====                   =======         
           PCOUT                   0242 
           PCOUT_H                 0243 
           PCOUT_L                 0242 
    -------------------------------------------------------------------------
DATA16_AN
  Relative segment, address: 024A - 024B (0x2 bytes), align: 0
  Segment part 36. ROOT       Intra module refs:   Clock_Init (common)
                                                   Led_Init (led)
           ENTRY                   ADDRESS         REF BY
           =====                   =======         ======
           _A_PCSEL_L              024A 
           LOCAL                   ADDRESS         
           =====                   =======         
           PCSEL                   024A 
           PCSEL_H                 024B 
           PCSEL_L                 024A 

    *************************************************************************

  FILE NAME : \\Mac\Home\work\RTUV3.3_GPRS-ÒªËØ»ùÖµ¿ÉÅä-ÐÞ¸Ä´æ´¢ÒªËØÇøÓòÎªÆ¬ÄÚ-Â¬Òã20200505-Ë®ÎÄÐ­Òé-µØÏÂË®200530\Debug\Obj\adc10_a.r43
    *************************************************************************

  FILE NAME : \\Mac\Home\work\RTUV3.3_GPRS-ÒªËØ»ùÖµ¿ÉÅä-ÐÞ¸Ä´æ´¢ÒªËØÇøÓòÎªÆ¬ÄÚ-Â¬Òã20200505-Ë®ÎÄÐ­Òé-µØÏÂË®200530\Debug\Obj\adc12_a.r43
    *************************************************************************

  FILE NAME : \\Mac\Home\work\RTUV3.3_GPRS-ÒªËØ»ùÖµ¿ÉÅä-ÐÞ¸Ä´æ´¢ÒªËØÇøÓòÎªÆ¬ÄÚ-Â¬Òã20200505-Ë®ÎÄÐ­Òé-µØÏÂË®200530\Debug\Obj\aes.r43
    *************************************************************************

  FILE NAME : \\Mac\Home\work\RTUV3.3_GPRS-ÒªËØ»ùÖµ¿ÉÅä-ÐÞ¸Ä´æ´¢ÒªËØÇøÓòÎªÆ¬ÄÚ-Â¬Òã20200505-Ë®ÎÄÐ­Òé-µØÏÂË®200530\Debug\Obj\battbak.r43
    *************************************************************************

  FILE NAME : \\Mac\Home\work\RTUV3.3_GPRS-ÒªËØ»ùÖµ¿ÉÅä-ÐÞ¸Ä´æ´¢ÒªËØÇøÓòÎªÆ¬ÄÚ-Â¬Òã20200505-Ë®ÎÄÐ­Òé-µØÏÂË®200530\Debug\Obj\BC95.r43
  PROGRAM MODULE, NAME : BC95

  SEGMENTS IN THE MODULE
  ======================
DATA16_AN
  Relative segment, address: 0282 - 0283 (0x2 bytes), align: 0
  Segment part 1. ROOT        Intra module refs:   Clear_ExternWatchdog (common)
                                                   IIC_SCL_HIGH (rtc)
                                                   IIC_SCL_LOW (rtc)
                                                   IIC_SDA_HIGH (rtc)
                                                   IIC_SDA_LOW (rtc)
                                                   Led7_Off (led)
                                                   Led7_On (led)
                                                   Led8_Off (led)
                                                   Led8_On (led)
                                                   Led_Init (led)
                                                   Led_OffAll (led)
                                                   Max3222_Close (common)
                                                   Max3222_Open (common)
                                                   Restart_Init (main)
                                                   TimerB_Init (timer)
           ENTRY                   ADDRESS         REF BY
           =====                   =======         ======
           _A_PEOUT_L              0282 
           LOCAL                   ADDRESS         
           =====                   =======         
           PEOUT                   0282 
           PEOUT_H                 0283 
           PEOUT_L                 0282 
    -------------------------------------------------------------------------
DATA16_AN
  Relative segment, address: 0284 - 0285 (0x2 bytes), align: 0
  Segment part 2. ROOT        Intra module refs:   IIC_Send_Byte (rtc)
                                                   IIC_Start (rtc)
                                                   IIC_Stop (rtc)
                                                   IIC_Wait_Ack (rtc)
                                                   Led_Init (led)
                                                   Max3222_Close (common)
                                                   Max3222_Open (common)
                                                   RTC_Open (rtc)
                                                   Restart_Init (main)
                                                   TimerB_Init (timer)
                                                   UART3_Open (uart3)
           ENTRY                   ADDRESS         REF BY
           =====                   =======         ======
           _A_PEDIR_L              0284 
           LOCAL                   ADDRESS         
           =====                   =======         
           PEDIR                   0284 
           PEDIR_H                 0285 
           PEDIR_L                 0284 

    *************************************************************************

  FILE NAME : \\Mac\Home\work\RTUV3.3_GPRS-ÒªËØ»ùÖµ¿ÉÅä-ÐÞ¸Ä´æ´¢ÒªËØÇøÓòÎªÆ¬ÄÚ-Â¬Òã20200505-Ë®ÎÄÐ­Òé-µØÏÂË®200530\Debug\Obj\blueTooth.r43
  PROGRAM MODULE, NAME : blueTooth

  SEGMENTS IN THE MODULE
  ======================
DATA16_Z
  Relative segment, address: 1C28 - 1C29 (0x2 bytes), align: 1
  Segment part 71.            Intra module refs:   BLE_ISFINDBT
           ENTRY                   ADDRESS         REF BY
           =====                   =======         ======
           isbt                    1C28 
    -------------------------------------------------------------------------
<CODE> 1 (was CODE)
  Relative segment, address: A8CE - A8D3 (0x6 bytes), align: 1
  Segment part 101.
           ENTRY                   ADDRESS         REF BY
           =====                   =======         ======
           BLE_ISFINDBT            A8CE            UART3_Send (uart3)

    *************************************************************************

  FILE NAME : \\Mac\Home\work\RTUV3.3_GPRS-ÒªËØ»ùÖµ¿ÉÅä-ÐÞ¸Ä´æ´¢ÒªËØÇøÓòÎªÆ¬ÄÚ-Â¬Òã20200505-Ë®ÎÄÐ­Òé-µØÏÂË®200530\Debug\Obj\camera.r43
  PROGRAM MODULE, NAME : camera

  SEGMENTS IN THE MODULE
  ======================
DATA16_Z
  Relative segment, address: 1CB2 - 1CB2 (0x1 bytes), align: 0
  Segment part 23.
           ENTRY                   ADDRESS         REF BY
           =====                   =======         ======
           device_id               1CB2            UART2_RX_ISR (uart2)
    -------------------------------------------------------------------------
DATA16_Z
  Relative segment, address: 1CB3 - 1CB3 (0x1 bytes), align: 0
  Segment part 28.
           ENTRY                   ADDRESS         REF BY
           =====                   =======         ======
           last_packet             1CB3            UART2_RX_ISR (uart2)
    -------------------------------------------------------------------------
DATA16_Z
  Relative segment, address: 1C2A - 1C3D (0x14 bytes), align: 1
  Segment part 29.
           ENTRY                   ADDRESS         REF BY
           =====                   =======         ======
           camera_i                1C2A            UART2_RX_ISR (uart2)
    -------------------------------------------------------------------------
DATA16_Z
  Relative segment, address: 1C3E - 1C51 (0x14 bytes), align: 1
  Segment part 30.
           ENTRY                   ADDRESS         REF BY
           =====                   =======         ======
           camera_ii               1C3E            UART2_RX_ISR (uart2)

    *************************************************************************

  FILE NAME : \\Mac\Home\work\RTUV3.3_GPRS-ÒªËØ»ùÖµ¿ÉÅä-ÐÞ¸Ä´æ´¢ÒªËØÇøÓòÎªÆ¬ÄÚ-Â¬Òã20200505-Ë®ÎÄÐ­Òé-µØÏÂË®200530\Debug\Obj\common.r43
  PROGRAM MODULE, NAME : common

  SEGMENTS IN THE MODULE
  ======================
DATA16_AN
  Relative segment, address: 021A - 021B (0x2 bytes), align: 0
  Segment part 1. ROOT        Intra module refs:   Sampler_Init (Sampler)
           ENTRY                   ADDRESS         REF BY
           =====                   =======         ======
           _A_PAIE_L               021A 
           LOCAL                   ADDRESS         
           =====                   =======         
           PAIE                    021A 
           PAIE_H                  021B 
           PAIE_L                  021A 
    -------------------------------------------------------------------------
DATA16_AN
  Relative segment, address: 021C - 021D (0x2 bytes), align: 0
  Segment part 2. ROOT        Intra module refs:   PORT1_ISR (Sampler)
           ENTRY                   ADDRESS         REF BY
           =====                   =======         ======
           _A_PAIFG_L              021C 
           LOCAL                   ADDRESS         
           =====                   =======         
           PAIFG                   021C 
           PAIFG_H                 021D 
           PAIFG_L                 021C 
    -------------------------------------------------------------------------
DATA16_AN
  Relative segment, address: 026A - 026B (0x2 bytes), align: 0
  Segment part 4. ROOT        Intra module refs:   Clock_Init
                                                   Led_Init (led)
           ENTRY                   ADDRESS         REF BY
           =====                   =======         ======
           _A_PDSEL_L              026A 
           LOCAL                   ADDRESS         
           =====                   =======         
           PDSEL                   026A 
           PDSEL_H                 026B 
           PDSEL_L                 026A 
    -------------------------------------------------------------------------
DATA16_AN
  Relative segment, address: 0120 - 0121 (0x2 bytes), align: 0
  Segment part 7. ROOT        Intra module refs:   Set_Vcore
           ENTRY                   ADDRESS         REF BY
           =====                   =======         ======
           _A_PMMCTL0_L            0120 
           LOCAL                   ADDRESS         
           =====                   =======         
           PMMCTL0                 0120 
           PMMCTL0_H               0121 
           PMMCTL0_L               0120 
    -------------------------------------------------------------------------
DATA16_AN
  Relative segment, address: 0124 - 0125 (0x2 bytes), align: 0
  Segment part 8. ROOT        Intra module refs:   Set_Vcore
           ENTRY                   ADDRESS         REF BY
           =====                   =======         ======
           _A_SVSMHCTL_L           0124 
           LOCAL                   ADDRESS         
           =====                   =======         
           SVSMHCTL                0124 
           SVSMHCTL_H              0125 
           SVSMHCTL_L              0124 
    -------------------------------------------------------------------------
DATA16_AN
  Relative segment, address: 0126 - 0127 (0x2 bytes), align: 0
  Segment part 9. ROOT        Intra module refs:   Set_Vcore
           ENTRY                   ADDRESS         REF BY
           =====                   =======         ======
           _A_SVSMLCTL_L           0126 
           LOCAL                   ADDRESS         
           =====                   =======         
           SVSMLCTL                0126 
           SVSMLCTL_H              0127 
           SVSMLCTL_L              0126 
    -------------------------------------------------------------------------
DATA16_AN
  Relative segment, address: 012C - 012D (0x2 bytes), align: 0
  Segment part 10. ROOT       Intra module refs:   Set_Vcore
           ENTRY                   ADDRESS         REF BY
           =====                   =======         ======
           _A_PMMIFG_L             012C 
           LOCAL                   ADDRESS         
           =====                   =======         
           PMMIFG                  012C 
           PMMIFG_H                012D 
           PMMIFG_L                012C 
    -------------------------------------------------------------------------
DATA16_AN
  Relative segment, address: 0102 - 0103 (0x2 bytes), align: 0
  Segment part 11. ROOT       Intra module refs:   Clock_ACLK_DIV
                                                   Clock_Init
                                                   Clock_SMCLK_DIV
           ENTRY                   ADDRESS         REF BY
           =====                   =======         ======
           _A_SFRIFG1_L            0102 
           LOCAL                   ADDRESS         
           =====                   =======         
           SFRIFG1                 0102 
           SFRIFG1_H               0103 
           SFRIFG1_L               0102 
    -------------------------------------------------------------------------
DATA16_AN
  Relative segment, address: 0168 - 0169 (0x2 bytes), align: 0
  Segment part 12. ROOT       Intra module refs:   Clock_Init
           ENTRY                   ADDRESS         REF BY
           =====                   =======         ======
           _A_UCSCTL4_L            0168 
           LOCAL                   ADDRESS         
           =====                   =======         
           UCSCTL4                 0168 
           UCSCTL4_H               0169 
           UCSCTL4_L               0168 
    -------------------------------------------------------------------------
DATA16_AN
  Relative segment, address: 016A - 016B (0x2 bytes), align: 0
  Segment part 13. ROOT       Intra module refs:   Clock_ACLK_DIV
                                                   Clock_SMCLK_DIV
           ENTRY                   ADDRESS         REF BY
           =====                   =======         ======
           _A_UCSCTL5_L            016A 
           LOCAL                   ADDRESS         
           =====                   =======         
           UCSCTL5                 016A 
           UCSCTL5_H               016B 
           UCSCTL5_L               016A 
    -------------------------------------------------------------------------
DATA16_AN
  Relative segment, address: 016C - 016D (0x2 bytes), align: 0
  Segment part 14. ROOT       Intra module refs:   Clock_Init
           ENTRY                   ADDRESS         REF BY
           =====                   =======         ======
           _A_UCSCTL6_L            016C 
           LOCAL                   ADDRESS         
           =====                   =======         
           UCSCTL6                 016C 
           UCSCTL6_H               016D 
           UCSCTL6_L               016C 
    -------------------------------------------------------------------------
DATA16_AN
  Relative segment, address: 016E - 016F (0x2 bytes), align: 0
  Segment part 15. ROOT       Intra module refs:   Clock_Init
           ENTRY                   ADDRESS         REF BY
           =====                   =======         ======
           _A_UCSCTL7_L            016E 
           LOCAL                   ADDRESS         
           =====                   =======         
           UCSCTL7                 016E 
           UCSCTL7_H               016F 
           UCSCTL7_L               016E 
    -------------------------------------------------------------------------
DATA16_AN
  Relative segment, address: 015C - 015D (0x2 bytes), align: 0
  Segment part 16. ROOT       Intra module refs:   Clock_Init
                                                   System_Reset
                                                   WatchDog_Clear (timer)
                                                   WatchDog_Init (timer)
           ENTRY                   ADDRESS         REF BY
           =====                   =======         ======
           _A_WDTCTL_L             015C 
           LOCAL                   ADDRESS         
           =====                   =======         
           WDTCTL                  015C 
           WDTCTL_H                015D 
           WDTCTL_L                015C 
    -------------------------------------------------------------------------
DATA16_Z
  Relative segment, address: 1C52 - 1C53 (0x2 bytes), align: 1
  Segment part 49.            Intra module refs:   TraceFunctionLine
                                                   TraceInt4FuncLine
                                                   TraceMsgFuncLine
                                                   TraceOpen
           ENTRY                   ADDRESS         REF BY
           =====                   =======         ======
           trace_open              1C52            WIFI_Open (wifi_config)
    -------------------------------------------------------------------------
DATA16_Z
  Relative segment, address: 1C54 - 1C55 (0x2 bytes), align: 1
  Segment part 50.            Intra module refs:   System_Delayms
           LOCAL                   ADDRESS         
           =====                   =======         
           s_clock                 1C54 
    -------------------------------------------------------------------------
DATA16_Z
  Relative segment, address: 1C56 - 1C57 (0x2 bytes), align: 1
  Segment part 51.            Intra module refs:   DownInt
                                                   UpInt
           LOCAL                   ADDRESS         
           =====                   =======         
           _int                    1C56 
    -------------------------------------------------------------------------
DATA16_Z
  Relative segment, address: 1C58 - 1C59 (0x2 bytes), align: 1
  Segment part 52.            Intra module refs:   Clear_ExternWatchdog
           LOCAL                   ADDRESS         
           =====                   =======         
           s_reset_pin             1C58 
    -------------------------------------------------------------------------
<CODE> 1 (was CODE)
  Relative segment, address: A794 - A7A1 (0xe bytes), align: 1
  Segment part 53.
           ENTRY                   ADDRESS         REF BY
           =====                   =======         ======
           TraceOpen               A794            Main_Init (main)
                                                   main (main)
               calls direct
    -------------------------------------------------------------------------
<CODE> 1 (was CODE)
  Relative segment, address: A4D8 - A4F7 (0x20 bytes), align: 1
  Segment part 54.            Intra module refs:   TraceInt4FuncLine
                                                   TraceMsgFuncLine
           ENTRY                   ADDRESS         REF BY
           =====                   =======         ======
           TraceFunctionLine       A4D8 
               calls direct
    -------------------------------------------------------------------------
<CODE> 1 (was CODE)
  Relative segment, address: A036 - A067 (0x32 bytes), align: 1
  Segment part 56.            Intra module refs:   System_Reset
           ENTRY                   ADDRESS         REF BY
           =====                   =======         ======
           TraceMsgFuncLine        A036            PORT1_ISR (Sampler)
                                                   WIFI_Open (wifi_config)
                                                   main (main)
               calls direct
    -------------------------------------------------------------------------
<CODE> 1 (was CODE)
  Relative segment, address: 9A7A - 9ABF (0x46 bytes), align: 1
  Segment part 61.
           ENTRY                   ADDRESS         REF BY
           =====                   =======         ======
           TraceInt4FuncLine       9A7A            PORT1_ISR (Sampler)
                                                   UART3_RecvLineTry (uart3)
               calls direct
    -------------------------------------------------------------------------
<CODE> 1 (was CODE)
  Relative segment, address: 9EB8 - 9EEF (0x38 bytes), align: 1
  Segment part 64.            Intra module refs:   Clock_Init
                                                   Select_Debug_Mode
                                                   System_Reset
           ENTRY                   ADDRESS         REF BY
           =====                   =======         ======
           System_Delayms          9EB8            I2C_STOP (rom)
                                                   Led_Round (led)
                                                   RTC_Open (rtc)
                                                   UART3_Send (uart3)
                                                   WIFI_InitCmd (wifi_config)
                                                   WIFI_Open (wifi_config)
                                                   WIFI_SendData (wifi_config)
                                                   WIFI_Server_Start (wifi_config)
                                                   WIFI_WaitSendResult (wifi_config)
                                                   main (main)
    -------------------------------------------------------------------------
<CODE> 1 (was CODE)
  Relative segment, address: A82E - A837 (0xa bytes), align: 1
  Segment part 66.
           ENTRY                   ADDRESS         REF BY
           =====                   =======         ======
           DownInt                 A82E            ROM_Init (rom)
                                                   ROM_ReadByte (rom)
                                                   ROM_ReadBytes (rom)
                                                   ROM_WriteByte (rom)
                                                   ROM_WriteBytes (rom)
                                                   RTC_Open (rtc)
                                                   RTC_RetrievePulseBytes (rtc)
                                                   UART3_ClearBuffer (uart3)
    -------------------------------------------------------------------------
<CODE> 1 (was CODE)
  Relative segment, address: A5DC - A5F3 (0x18 bytes), align: 1
  Segment part 67.
           ENTRY                   ADDRESS         REF BY
           =====                   =======         ======
           UpInt                   A5DC            ROM_Init (rom)
                                                   ROM_ReadByte (rom)
                                                   ROM_ReadBytes (rom)
                                                   ROM_WriteByte (rom)
                                                   ROM_WriteBytes (rom)
                                                   RTC_Open (rtc)
                                                   RTC_RetrievePulseBytes (rtc)
                                                   UART3_ClearBuffer (uart3)
    -------------------------------------------------------------------------
<CODE> 1 (was CODE)
  Relative segment, address: A8E0 - A8E5 (0x6 bytes), align: 1
  Segment part 71.
           ENTRY                   ADDRESS         REF BY
           =====                   =======         ======
           EnInt                   A8E0            Main_Init (main)
    -------------------------------------------------------------------------
<CODE> 1 (was CODE)
  Relative segment, address: A7B0 - A7BD (0xe bytes), align: 1
  Segment part 72.            Intra module refs:   Select_Debug_Mode
           ENTRY                   ADDRESS         REF BY
           =====                   =======         ======
           Max3222_Open            A7B0 
    -------------------------------------------------------------------------
<CODE> 1 (was CODE)
  Relative segment, address: A7A2 - A7AF (0xe bytes), align: 1
  Segment part 73.            Intra module refs:   Select_Debug_Mode
           ENTRY                   ADDRESS         REF BY
           =====                   =======         ======
           Max3222_Close           A7A2 
    -------------------------------------------------------------------------
<CODE> 1 (was CODE)
  Relative segment, address: A1F2 - A21D (0x2c bytes), align: 1
  Segment part 74.
           ENTRY                   ADDRESS         REF BY
           =====                   =======         ======
           Select_Debug_Mode       A1F2            main (main)
               calls direct
    -------------------------------------------------------------------------
<CODE> 1 (was CODE)
  Relative segment, address: A518 - A537 (0x20 bytes), align: 1
  Segment part 75.
           ENTRY                   ADDRESS         REF BY
           =====                   =======         ======
           System_Reset            A518            TIMERB1_ISR (timer)
               calls direct
    -------------------------------------------------------------------------
<CODE> 1 (was CODE)
  Relative segment, address: 9712 - 9779 (0x68 bytes), align: 1
  Segment part 76.            Intra module refs:   Clock_Init
           ENTRY                   ADDRESS         REF BY
           =====                   =======         ======
           Clock_SMCLK_DIV         9712 
    -------------------------------------------------------------------------
<CODE> 1 (was CODE)
  Relative segment, address: 96AA - 9711 (0x68 bytes), align: 1
  Segment part 77.            Intra module refs:   Clock_Init
           ENTRY                   ADDRESS         REF BY
           =====                   =======         ======
           Clock_ACLK_DIV          96AA 
    -------------------------------------------------------------------------
<CODE> 1 (was CODE)
  Relative segment, address: 98EC - 9941 (0x56 bytes), align: 1
  Segment part 78.            Intra module refs:   Clock_Init
           ENTRY                   ADDRESS         REF BY
           =====                   =======         ======
           Set_Vcore               98EC 
    -------------------------------------------------------------------------
<CODE> 1 (was CODE)
  Relative segment, address: 983A - 9895 (0x5c bytes), align: 1
  Segment part 79.
           ENTRY                   ADDRESS         REF BY
           =====                   =======         ======
           Clock_Init              983A            Restart_Init (main)
               calls direct
    -------------------------------------------------------------------------
<CODE> 1 (was CODE)
  Relative segment, address: A63C - A651 (0x16 bytes), align: 1
  Segment part 81.
           ENTRY                   ADDRESS         REF BY
           =====                   =======         ======
           Utility_Strlen          A63C            Console_WriteString (Console)
                                                   Console_WriteStringln (Console)
                                                   WIFI_InitCmd (wifi_config)
                                                   WIFI_SendData (wifi_config)
                                                   WIFI_Server_Start (wifi_config)
    -------------------------------------------------------------------------
<CODE> 1 (was CODE)
  Relative segment, address: A44E - A471 (0x24 bytes), align: 1
  Segment part 91.
           ENTRY                   ADDRESS         REF BY
           =====                   =======         ======
           Utility_Strncmp         A44E            WIFI_WaitSendResult (wifi_config)
    -------------------------------------------------------------------------
<CODE> 1 (was CODE)
  Relative segment, address: 963E - 96A9 (0x6c bytes), align: 1
  Segment part 58.            Intra module refs:   TraceInt4FuncLine
           ENTRY                   ADDRESS         REF BY
           =====                   =======         ======
[...]
                                                   UpdateDebugState (main)
               calls direct

    -------------------------------------------------------------------------
  LIBRARY MODULE, NAME : ?IndCallR11

  SEGMENTS IN THE MODULE
  ======================
<CODE> 1 (was CODE)
  Relative segment, address: A8FA - A8FD (0x4 bytes), align: 1
  Segment part 0.
           ENTRY                   ADDRESS         REF BY
           =====                   =======         ======
           ?IndCallR11             A8FA            _PutcharFullNoMb (?xprintffull_nomb)

    -------------------------------------------------------------------------
  LIBRARY MODULE, NAME : ?IndCallR15

  SEGMENTS IN THE MODULE
  ======================
<CODE> 1 (was CODE)
  Relative segment, address: A8FE - A901 (0x4 bytes), align: 1
  Segment part 0.
           ENTRY                   ADDRESS         REF BY
           =====                   =======         ======
           ?IndCallR15             A8FE            UART3_Send (uart3)

    -------------------------------------------------------------------------
  LIBRARY MODULE, NAME : ?sprintf

  SEGMENTS IN THE MODULE
  ======================
<CODE> 1 (was CODE)
  Relative segment, address: 9B06 - 9B4B (0x46 bytes), align: 1
  Segment part 2.
           ENTRY                   ADDRESS         REF BY
           =====                   =======         ======
           sprintf                 9B06            WIFI_InitCmd (wifi_config)
                                                   WIFI_SendData (wifi_config)
               calls direct

    -------------------------------------------------------------------------
  LIBRARY MODULE, NAME : ?strchr

  SEGMENTS IN THE MODULE
  ======================
<CODE> 1 (was CODE)
  Relative segment, address: A7DA - A7E7 (0xe bytes), align: 1
  Segment part 2.
           ENTRY                   ADDRESS         REF BY
           =====                   =======         ======
           __iar_Strchr            A7DA            _PrintfFullNoMb (?xprintffull_nomb)

    -------------------------------------------------------------------------
  LIBRARY MODULE, NAME : ?strlen

  SEGMENTS IN THE MODULE
  ======================
<CODE> 1 (was CODE)
  Relative segment, address: A6B8 - A6C9 (0x12 bytes), align: 1
  Segment part 2.
           ENTRY                   ADDRESS         REF BY
           =====                   =======         ======
           strlen                  A6B8            _PrintfFullNoMb (?xprintffull_nomb)

    -------------------------------------------------------------------------
  LIBRARY MODULE, NAME : ?xdscale

  SEGMENTS IN THE MODULE
  ======================
<CODE> 1 (was CODE)
  Relative segment, address: 93B8 - 9445 (0x8e bytes), align: 1
  Segment part 2.
           ENTRY                   ADDRESS         REF BY
           =====                   =======         ======
           __iar_Dscale            93B8            _LdtobFullNoMb (?xprintffull_nomb)

    -------------------------------------------------------------------------
  LIBRARY MODULE, NAME : ?xdunscal

  SEGMENTS IN THE MODULE
  ======================
<CODE> 1 (was CODE)
  Relative segment, address: 9AC0 - 9B05 (0x46 bytes), align: 1
  Segment part 2.
           ENTRY                   ADDRESS         REF BY
           =====                   =======         ======
           __iar_Dunscale          9AC0            _LdtobFullNoMb (?xprintffull_nomb)

    -------------------------------------------------------------------------
  LIBRARY MODULE, NAME : ?xprintffull_nomb

  SEGMENTS IN THE MODULE
  ======================
<CODE> 1 (was CODE)
  Relative segment, address: 7FE4 - 8483 (0x4a0 bytes), align: 1
  Segment part 23.
           ENTRY                   ADDRESS         REF BY
           =====                   =======         ======
           _PrintfFullNoMb         7FE4            printf (?printf)
                                                   sprintf (?sprintf)
               calls direct
    -------------------------------------------------------------------------
<CODE> 1 (was CODE)
  Relative segment, address: A4B6 - A4BD (0x8 bytes), align: 1
  Segment part 27.            Intra module refs:   Segment part 30
                                                   _PrintfFullNoMb
    -------------------------------------------------------------------------
<CODE> 1 (was CODE)
  Relative segment, address: A4BE - A4C5 (0x8 bytes), align: 1
  Segment part 28.            Intra module refs:   _PrintfFullNoMb
    -------------------------------------------------------------------------
<CODE> 1 (was CODE)
  Relative segment, address: A4C6 - A4D1 (0xc bytes), align: 1
  Segment part 29.            Intra module refs:   Segment part 27
                                                   Segment part 28
    -------------------------------------------------------------------------
<CODE> 1 (was CODE)
  Relative segment, address: A4D2 - A4D7 (0x6 bytes), align: 1
  Segment part 30.            Intra module refs:   _PrintfFullNoMb
    -------------------------------------------------------------------------
<CODE> 1 (was CODE)
  Relative segment, address: 76A8 - 772B (0x84 bytes), align: 1
  Segment part 8.             Intra module refs:   _PrintfFullNoMb
           LOCAL                   ADDRESS         
           =====                   =======         
           LoadInt                 76A8 
    -------------------------------------------------------------------------
<CODE> 1 (was CODE)
  Relative segment, address: 772C - 7739 (0xe bytes), align: 1
  Segment part 9.             Intra module refs:   LoadInt
    -------------------------------------------------------------------------
<CODE> 1 (was CODE)
  Relative segment, address: 773A - 7993 (0x25a bytes), align: 1
  Segment part 10.            Intra module refs:   _LdtobFullNoMb
           LOCAL                   ADDRESS         
           =====                   =======         
           _GenldFullNoMb          773A 
               calls direct
    -------------------------------------------------------------------------
<CODE> 1 (was CODE)
  Relative segment, address: 7994 - 79A3 (0x10 bytes), align: 1
  Segment part 11.            Intra module refs:   _GenldFullNoMb
    -------------------------------------------------------------------------
<CODE> 1 (was CODE)
  Relative segment, address: 79A4 - 79B1 (0xe bytes), align: 1
  Segment part 12.            Intra module refs:   Segment part 11
                                                   _GenldFullNoMb
    -------------------------------------------------------------------------
<CODE> 1 (was CODE)
  Relative segment, address: 79B2 - 79CF (0x1e bytes), align: 1
  Segment part 13.            Intra module refs:   _GenldFullNoMb
    -------------------------------------------------------------------------
<CODE> 1 (was CODE)
  Relative segment, address: 79D0 - 7A11 (0x42 bytes), align: 1
  Segment part 14.            Intra module refs:   _LdtobFullNoMb
           LOCAL                   ADDRESS         
           =====                   =======         
           scale                   79D0 
               calls direct
    -------------------------------------------------------------------------
<CODE> 1 (was CODE)
  Relative segment, address: 7A12 - 7DF7 (0x3e6 bytes), align: 1
  Segment part 15.            Intra module refs:   _PrintfFullNoMb
           LOCAL                   ADDRESS         
           =====                   =======         
           _LdtobFullNoMb          7A12 
               calls direct
    -------------------------------------------------------------------------
<CODE> 1 (was CODE)
  Relative segment, address: 7DF8 - 7DFD (0x6 bytes), align: 1
  Segment part 16.            Intra module refs:   _LdtobFullNoMb
    -------------------------------------------------------------------------
<CODE> 1 (was CODE)
  Relative segment, address: 7DFE - 7E07 (0xa bytes), align: 1
  Segment part 17.            Intra module refs:   Segment part 16
                                                   _LdtobFullNoMb
    -------------------------------------------------------------------------
<CODE> 1 (was CODE)
  Relative segment, address: 7E08 - 7E11 (0xa bytes), align: 1
  Segment part 18.            Intra module refs:   _LdtobFullNoMb
    -------------------------------------------------------------------------
<CODE> 1 (was CODE)
  Relative segment, address: 7E12 - 7E21 (0x10 bytes), align: 1
  Segment part 19.            Intra module refs:   _LdtobFullNoMb
    -------------------------------------------------------------------------
<CODE> 1 (was CODE)
  Relative segment, address: 7E22 - 7FC7 (0x1a6 bytes), align: 1
  Segment part 20.            Intra module refs:   _PrintfFullNoMb
           LOCAL                   ADDRESS         
           =====                   =======         
           _LitobFullNoMb          7E22 
               calls direct
    -------------------------------------------------------------------------
<CODE> 1 (was CODE)
  Relative segment, address: 7FC8 - 7FD9 (0x12 bytes), align: 1
  Segment part 21.            Intra module refs:   _LitobFullNoMb
    -------------------------------------------------------------------------
<CODE> 1 (was CODE)
  Relative segment, address: 7FDA - 7FE3 (0xa bytes), align: 1
  Segment part 22.            Intra module refs:   LoadInt
                                                   _LitobFullNoMb
                                                   _PrintfFullNoMb
    -------------------------------------------------------------------------
<CODE> 1 (was CODE)
  Relative segment, address: 9F98 - 9FCD (0x36 bytes), align: 1
  Segment part 32.            Intra module refs:   Segment part 27
           LOCAL                   ADDRESS         
           =====                   =======         
           pad                     9F98 
               calls direct
    -------------------------------------------------------------------------
<CODE> 1 (was CODE)
  Relative segment, address: A320 - A347 (0x28 bytes), align: 1
  Segment part 33.            Intra module refs:   _PrintfFullNoMb
                                                   _PutcharsFullNoMb
           LOCAL                   ADDRESS         
           =====                   =======         
           _PutcharFullNoMb        A320 
               calls indirect
    -------------------------------------------------------------------------
<CODE> 1 (was CODE)
  Relative segment, address: A24A - A275 (0x2c bytes), align: 1
  Segment part 34.            Intra module refs:   Segment part 28
                                                   pad
           LOCAL                   ADDRESS         
           =====                   =======         
           _PutcharsFullNoMb       A24A 
               calls direct
    -------------------------------------------------------------------------
<CODE> 1 (was CODE)
  Relative segment, address: A838 - A841 (0xa bytes), align: 1
  Segment part 24.            Intra module refs:   _PrintfFullNoMb
    -------------------------------------------------------------------------
<CODE> 1 (was CODE)
  Relative segment, address: A7CC - A7D9 (0xe bytes), align: 1
  Segment part 25.            Intra module refs:   _PrintfFullNoMb
    -------------------------------------------------------------------------
<CODE> 1 (was CODE)
  Relative segment, address: A6CA - A6DB (0x12 bytes), align: 1
  Segment part 26.            Intra module refs:   _PrintfFullNoMb
    -------------------------------------------------------------------------
<CODE> 1 (was CODE)
  Relative segment, address: 9D52 - 9D8F (0x3e bytes), align: 1
  Segment part 31.            Intra module refs:   _PrintfFullNoMb
    -------------------------------------------------------------------------
DATA16_C
  Relative segment, address: 5DB9 - 5DBF (0x7 bytes), align: 0
  Segment part 2.             Intra module refs:   _PrintfFullNoMb
    -------------------------------------------------------------------------
DATA16_C
  Relative segment, address: 5DC0 - 5DC3 (0x4 bytes), align: 0
  Segment part 3.             Intra module refs:   _LdtobFullNoMb
    -------------------------------------------------------------------------
DATA16_C
  Relative segment, address: 5DC4 - 5DC7 (0x4 bytes), align: 0
  Segment part 4.             Intra module refs:   _LdtobFullNoMb
    -------------------------------------------------------------------------
DATA16_C
  Relative segment, address: 5DC8 - 5DCB (0x4 bytes), align: 0
  Segment part 5.             Intra module refs:   _LdtobFullNoMb
    -------------------------------------------------------------------------
DATA16_C
  Relative segment, address: 5DCC - 5DCF (0x4 bytes), align: 0
  Segment part 6.             Intra module refs:   _LdtobFullNoMb
    -------------------------------------------------------------------------
DATA16_C
  Relative segment, address: 5DD0 - 5DD1 (0x2 bytes), align: 0
  Segment part 7.             Intra module refs:   _GenldFullNoMb

    -------------------------------------------------------------------------
  LIBRARY MODULE, NAME : ?xprout

  SEGMENTS IN THE MODULE
  ======================
<CODE> 1 (was CODE)
  Relative segment, address: A624 - A63B (0x18 bytes), align: 1
  Segment part 2.
           ENTRY                   ADDRESS         REF BY
           =====                   =======         ======
           _Prout                  A624            printf (?printf)
               calls direct

    -------------------------------------------------------------------------
  LIBRARY MODULE, NAME : ?xsprout

  SEGMENTS IN THE MODULE
  ======================
<CODE> 1 (was CODE)
  Relative segment, address: A80C - A817 (0xc bytes), align: 1
  Segment part 2.
           ENTRY                   ADDRESS         REF BY
           =====                   =======         ======
           _SProut                 A80C            sprintf (?sprintf)




                ****************************************
                *                                      *
                *      SEGMENTS IN ADDRESS ORDER       *
                *                                      *
                ****************************************


SEGMENT              SPACE    START ADDRESS   END ADDRESS     SIZE  TYPE  ALIGN
=======              =====    =============   ===========     ====  ====  =====
DATA16_AN                              0100 - 0103               4   rel    0
                                       0120 - 0121               2 
                                       0124 - 0127               4 
                                       012C - 012D               2 
                                       0140 - 0141               2 
                                       0144 - 0145               2 
                                       015C - 015D               2 
                                       0168 - 016F               8 
                                       0200 - 0205               6 
                                       020A - 020B               2 
                                       0218 - 021D               6 
                                       0220 - 0225               6 
                                       022A - 022B               2 
                                       0242 - 0245               4 
                                       024A - 024B               2 
                                       0260 - 0265               6 
                                       026A - 026B               2 
                                       0280 - 0285               6 
                                       028A - 028B               2 
                                       02A2 - 02A5               4 
                                       0340 - 0343               4 
                                       0352 - 0353               2 
                                       0380 - 0383               4 
                                       0392 - 0393               2 
                                       03C0 - 03C7               8 
                                       03D2 - 03D7               6 
                                       03EE - 03EF               2 
                                       05C0 - 05C1               2 
                                       05C6 - 05C8               3 
                                       05CC - 05CC               1 
                                       05CE - 05CE               1 
                                       05DC - 05DD               2 
                                       0600 - 0601               2 
                                       0606 - 0608               3 
                                       060C - 060C               1 
                                       060E - 060E               1 
                                       061C - 061D               2 
                                       0640 - 0641               2 
                                       0646 - 0648               3 
                                       064C - 064C               1 
                                       064E - 064E               1 
                                       065C - 065D               2 
                                       0680 - 0681               2 
                                       0686 - 0688               3 
                                       068C - 068C               1 
                                       068E - 068E               1 
                                       069C - 069D               2 
                                       0700 - 0703               4 
                                       0710 - 073F              30 
DATA16_I                               1C00 - 1C27              28   rel    1
DATA16_Z                               1C28 - 2C05             FDE   rel    1
DATA20_I                                  2C06                       rel    1
DATA20_Z                                  2C06                       rel    1
DATA20_N                                  2C06                       rel    1
CODE_I                                    2C06                       rel    1
CSTACK                                 4848 - 5BFF            13B8   rel    1
DATA16_C                               5C00 - 5DD1             1D2   rel    1
DATA16_ID                              5DD2 - 5DF9              28   rel    1
CSTART                                 5DFA - 5E21              28   rel    1
ISR_CODE                               5E22 - 6A73             C52   rel    1
<CODE> 1                               6A74 - A907            3E94   rel    1
CODE_ID                                   A908                       rel    1
DATA20_C                                  A908                       rel    1
DATA20_ID                                 A908                       rel    1
INTVEC                                 FF80 - FFF9              7A   com    1
RESET                                  FFFE - FFFF               2   rel    1

                ****************************************
                *                                      *
                *        END OF CROSS REFERENCE        *
                *                                      *
                ****************************************

 19 338 bytes of CODE  memory
  9 150 bytes of DATA  memory (+ 190 absolute )
    506 bytes of CONST memory

Errors: none
Warnings: 22

